Archive member included to satisfy reference by file (symbol)

C:/ST/STM32CubeIDE_1.18.1/STM32CubeIDE/plugins/com.st.stm32cube.ide.mcu.externaltools.gnu-tools-for-stm32.13.3.rel1.win32_1.0.0.202411081344/tools/bin/../lib/gcc/arm-none-eabi/13.3.1/../../../../arm-none-eabi/lib/thumb/v8-m.main+fp/hard\libc_nano.a(libc_a-exit.o)
                              C:/ST/STM32CubeIDE_1.18.1/STM32CubeIDE/plugins/com.st.stm32cube.ide.mcu.externaltools.gnu-tools-for-stm32.13.3.rel1.win32_1.0.0.202411081344/tools/bin/../lib/gcc/arm-none-eabi/13.3.1/../../../../arm-none-eabi/lib/thumb/v8-m.main+fp/hard/crt0.o (exit)
C:/ST/STM32CubeIDE_1.18.1/STM32CubeIDE/plugins/com.st.stm32cube.ide.mcu.externaltools.gnu-tools-for-stm32.13.3.rel1.win32_1.0.0.202411081344/tools/bin/../lib/gcc/arm-none-eabi/13.3.1/../../../../arm-none-eabi/lib/thumb/v8-m.main+fp/hard\libc_nano.a(libc_a-nano-vfprintf_float.o)
                              (_printf_float)
C:/ST/STM32CubeIDE_1.18.1/STM32CubeIDE/plugins/com.st.stm32cube.ide.mcu.externaltools.gnu-tools-for-stm32.13.3.rel1.win32_1.0.0.202411081344/tools/bin/../lib/gcc/arm-none-eabi/13.3.1/../../../../arm-none-eabi/lib/thumb/v8-m.main+fp/hard\libc_nano.a(libc_a-nano-vfprintf_i.o)
                              C:/ST/STM32CubeIDE_1.18.1/STM32CubeIDE/plugins/com.st.stm32cube.ide.mcu.externaltools.gnu-tools-for-stm32.13.3.rel1.win32_1.0.0.202411081344/tools/bin/../lib/gcc/arm-none-eabi/13.3.1/../../../../arm-none-eabi/lib/thumb/v8-m.main+fp/hard\libc_nano.a(libc_a-nano-vfprintf_float.o) (_printf_common)
C:/ST/STM32CubeIDE_1.18.1/STM32CubeIDE/plugins/com.st.stm32cube.ide.mcu.externaltools.gnu-tools-for-stm32.13.3.rel1.win32_1.0.0.202411081344/tools/bin/../lib/gcc/arm-none-eabi/13.3.1/../../../../arm-none-eabi/lib/thumb/v8-m.main+fp/hard\libc_nano.a(libc_a-findfp.o)
                              C:/ST/STM32CubeIDE_1.18.1/STM32CubeIDE/plugins/com.st.stm32cube.ide.mcu.externaltools.gnu-tools-for-stm32.13.3.rel1.win32_1.0.0.202411081344/tools/bin/../lib/gcc/arm-none-eabi/13.3.1/../../../../arm-none-eabi/lib/thumb/v8-m.main+fp/hard\libc_nano.a(libc_a-exit.o) (__stdio_exit_handler)
C:/ST/STM32CubeIDE_1.18.1/STM32CubeIDE/plugins/com.st.stm32cube.ide.mcu.externaltools.gnu-tools-for-stm32.13.3.rel1.win32_1.0.0.202411081344/tools/bin/../lib/gcc/arm-none-eabi/13.3.1/../../../../arm-none-eabi/lib/thumb/v8-m.main+fp/hard\libc_nano.a(libc_a-fwalk.o)
                              C:/ST/STM32CubeIDE_1.18.1/STM32CubeIDE/plugins/com.st.stm32cube.ide.mcu.externaltools.gnu-tools-for-stm32.13.3.rel1.win32_1.0.0.202411081344/tools/bin/../lib/gcc/arm-none-eabi/13.3.1/../../../../arm-none-eabi/lib/thumb/v8-m.main+fp/hard\libc_nano.a(libc_a-findfp.o) (_fwalk_sglue)
C:/ST/STM32CubeIDE_1.18.1/STM32CubeIDE/plugins/com.st.stm32cube.ide.mcu.externaltools.gnu-tools-for-stm32.13.3.rel1.win32_1.0.0.202411081344/tools/bin/../lib/gcc/arm-none-eabi/13.3.1/../../../../arm-none-eabi/lib/thumb/v8-m.main+fp/hard\libc_nano.a(libc_a-printf.o)
                              ./Core/Src/main.o (printf)
C:/ST/STM32CubeIDE_1.18.1/STM32CubeIDE/plugins/com.st.stm32cube.ide.mcu.externaltools.gnu-tools-for-stm32.13.3.rel1.win32_1.0.0.202411081344/tools/bin/../lib/gcc/arm-none-eabi/13.3.1/../../../../arm-none-eabi/lib/thumb/v8-m.main+fp/hard\libc_nano.a(libc_a-puts.o)
                              ./Core/Src/main.o (puts)
C:/ST/STM32CubeIDE_1.18.1/STM32CubeIDE/plugins/com.st.stm32cube.ide.mcu.externaltools.gnu-tools-for-stm32.13.3.rel1.win32_1.0.0.202411081344/tools/bin/../lib/gcc/arm-none-eabi/13.3.1/../../../../arm-none-eabi/lib/thumb/v8-m.main+fp/hard\libc_nano.a(libc_a-snprintf.o)
                              ./Core/Src/main.o (snprintf)
C:/ST/STM32CubeIDE_1.18.1/STM32CubeIDE/plugins/com.st.stm32cube.ide.mcu.externaltools.gnu-tools-for-stm32.13.3.rel1.win32_1.0.0.202411081344/tools/bin/../lib/gcc/arm-none-eabi/13.3.1/../../../../arm-none-eabi/lib/thumb/v8-m.main+fp/hard\libc_nano.a(libc_a-stdio.o)
                              C:/ST/STM32CubeIDE_1.18.1/STM32CubeIDE/plugins/com.st.stm32cube.ide.mcu.externaltools.gnu-tools-for-stm32.13.3.rel1.win32_1.0.0.202411081344/tools/bin/../lib/gcc/arm-none-eabi/13.3.1/../../../../arm-none-eabi/lib/thumb/v8-m.main+fp/hard\libc_nano.a(libc_a-findfp.o) (__sread)
C:/ST/STM32CubeIDE_1.18.1/STM32CubeIDE/plugins/com.st.stm32cube.ide.mcu.externaltools.gnu-tools-for-stm32.13.3.rel1.win32_1.0.0.202411081344/tools/bin/../lib/gcc/arm-none-eabi/13.3.1/../../../../arm-none-eabi/lib/thumb/v8-m.main+fp/hard\libc_nano.a(libc_a-wbuf.o)
                              C:/ST/STM32CubeIDE_1.18.1/STM32CubeIDE/plugins/com.st.stm32cube.ide.mcu.externaltools.gnu-tools-for-stm32.13.3.rel1.win32_1.0.0.202411081344/tools/bin/../lib/gcc/arm-none-eabi/13.3.1/../../../../arm-none-eabi/lib/thumb/v8-m.main+fp/hard\libc_nano.a(libc_a-puts.o) (__swbuf_r)
[...]
Memory Configuration

Name             Origin             Length             Attributes
RAM              0x20000000         0x00030000         xrw
RAM2             0x20030000         0x00010000         xrw
FLASH            0x08000000         0x00100000         xr
*default*        0x00000000         0xffffffff

Linker script and memory map

LOAD C:/ST/STM32CubeIDE_1.18.1/STM32CubeIDE/plugins/com.st.stm32cube.ide.mcu.externaltools.gnu-tools-for-stm32.13.3.rel1.win32_1.0.0.202411081344/tools/bin/../lib/gcc/arm-none-eabi/13.3.1/thumb/v8-m.main+fp/hard/crti.o
LOAD C:/ST/STM32CubeIDE_1.18.1/STM32CubeIDE/plugins/com.st.stm32cube.ide.mcu.externaltools.gnu-tools-for-stm32.13.3.rel1.win32_1.0.0.202411081344/tools/bin/../lib/gcc/arm-none-eabi/13.3.1/thumb/v8-m.main+fp/hard/crtbegin.o
LOAD C:/ST/STM32CubeIDE_1.18.1/STM32CubeIDE/plugins/com.st.stm32cube.ide.mcu.externaltools.gnu-tools-for-stm32.13.3.rel1.win32_1.0.0.202411081344/tools/bin/../lib/gcc/arm-none-eabi/13.3.1/../../../../arm-none-eabi/lib/thumb/v8-m.main+fp/hard/crt0.o
LOAD ./Core/Src/Image.o
LOAD ./Core/Src/font8x8_basic.o
LOAD ./Core/Src/lcd.o
LOAD ./Core/Src/lcd_text.o
LOAD ./Core/Src/main.o
LOAD ./Core/Src/stm32u3xx_hal_msp.o
LOAD ./Core/Src/stm32u3xx_it.o
LOAD ./Core/Src/syscalls.o
LOAD ./Core/Src/sysmem.o
LOAD ./Core/Src/system_stm32u3xx.o
LOAD ./Core/Startup/startup_stm32u385rgtxq.o
LOAD ./Drivers/BSP/STM32U3xx_Nucleo/stm32u3xx_nucleo.o
LOAD ./Drivers/STM32U3xx_HAL_Driver/Src/stm32u3xx_hal.o
LOAD ./Drivers/STM32U3xx_HAL_Driver/Src/stm32u3xx_hal_adc.o
LOAD ./Drivers/STM32U3xx_HAL_Driver/Src/stm32u3xx_hal_adc_ex.o
LOAD ./Drivers/STM32U3xx_HAL_Driver/Src/stm32u3xx_hal_cortex.o
LOAD ./Drivers/STM32U3xx_HAL_Driver/Src/stm32u3xx_hal_dac.o
LOAD ./Drivers/STM32U3xx_HAL_Driver/Src/stm32u3xx_hal_dac_ex.o
LOAD ./Drivers/STM32U3xx_HAL_Driver/Src/stm32u3xx_hal_dma.o
LOAD ./Drivers/STM32U3xx_HAL_Driver/Src/stm32u3xx_hal_dma_ex.o
LOAD ./Drivers/STM32U3xx_HAL_Driver/Src/stm32u3xx_hal_exti.o
LOAD ./Drivers/STM32U3xx_HAL_Driver/Src/stm32u3xx_hal_flash.o
LOAD ./Drivers/STM32U3xx_HAL_Driver/Src/stm32u3xx_hal_flash_ex.o
LOAD ./Drivers/STM32U3xx_HAL_Driver/Src/stm32u3xx_hal_gpio.o
LOAD ./Drivers/STM32U3xx_HAL_Driver/Src/stm32u3xx_hal_gtzc.o
LOAD ./Drivers/STM32U3xx_HAL_Driver/Src/stm32u3xx_hal_icache.o
LOAD ./Drivers/STM32U3xx_HAL_Driver/Src/stm32u3xx_hal_opamp.o
LOAD ./Drivers/STM32U3xx_HAL_Driver/Src/stm32u3xx_hal_opamp_ex.o
LOAD ./Drivers/STM32U3xx_HAL_Driver/Src/stm32u3xx_hal_pwr.o
LOAD ./Drivers/STM32U3xx_HAL_Driver/Src/stm32u3xx_hal_pwr_ex.o
LOAD ./Drivers/STM32U3xx_HAL_Driver/Src/stm32u3xx_hal_rcc.o
LOAD ./Drivers/STM32U3xx_HAL_Driver/Src/stm32u3xx_hal_rcc_ex.o
LOAD ./Drivers/STM32U3xx_HAL_Driver/Src/stm32u3xx_hal_spi.o
LOAD ./Drivers/STM32U3xx_HAL_Driver/Src/stm32u3xx_hal_spi_ex.o
LOAD ./Drivers/STM32U3xx_HAL_Driver/Src/stm32u3xx_hal_tim.o
LOAD ./Drivers/STM32U3xx_HAL_Driver/Src/stm32u3xx_hal_tim_ex.o
LOAD ./Drivers/STM32U3xx_HAL_Driver/Src/stm32u3xx_hal_uart.o
LOAD ./Drivers/STM32U3xx_HAL_Driver/Src/stm32u3xx_hal_uart_ex.o
LOAD ./Drivers/STM32U3xx_HAL_Driver/Src/stm32u3xx_hal_usart.o
LOAD ./Drivers/STM32U3xx_HAL_Driver/Src/stm32u3xx_hal_usart_ex.o
START GROUP
LOAD C:/ST/STM32CubeIDE_1.18.1/STM32CubeIDE/plugins/com.st.stm32cube.ide.mcu.externaltools.gnu-tools-for-stm32.13.3.rel1.win32_1.0.0.202411081344/tools/bin/../lib/gcc/arm-none-eabi/13.3.1/../../../../arm-none-eabi/lib/thumb/v8-m.main+fp/hard\libc_nano.a
LOAD C:/ST/STM32CubeIDE_1.18.1/STM32CubeIDE/plugins/com.st.stm32cube.ide.mcu.externaltools.gnu-tools-for-stm32.13.3.rel1.win32_1.0.0.202411081344/tools/bin/../lib/gcc/arm-none-eabi/13.3.1/../../../../arm-none-eabi/lib/thumb/v8-m.main+fp/hard\libm.a
END GROUP
START GROUP
LOAD C:/ST/STM32CubeIDE_1.18.1/STM32CubeIDE/plugins/com.st.stm32cube.ide.mcu.externaltools.gnu-tools-for-stm32.13.3.rel1.win32_1.0.0.202411081344/tools/bin/../lib/gcc/arm-none-eabi/13.3.1/thumb/v8-m.main+fp/hard\libgcc.a
LOAD C:/ST/STM32CubeIDE_1.18.1/STM32CubeIDE/plugins/com.st.stm32cube.ide.mcu.externaltools.gnu-tools-for-stm32.13.3.rel1.win32_1.0.0.202411081344/tools/bin/../lib/gcc/arm-none-eabi/13.3.1/../../../../arm-none-eabi/lib/thumb/v8-m.main+fp/hard\libc_nano.a
END GROUP
START GROUP
LOAD C:/ST/STM32CubeIDE_1.18.1/STM32CubeIDE/plugins/com.st.stm32cube.ide.mcu.externaltools.gnu-tools-for-stm32.13.3.rel1.win32_1.0.0.202411081344/tools/bin/../lib/gcc/arm-none-eabi/13.3.1/thumb/v8-m.main+fp/hard\libgcc.a
LOAD C:/ST/STM32CubeIDE_1.18.1/STM32CubeIDE/plugins/com.st.stm32cube.ide.mcu.externaltools.gnu-tools-for-stm32.13.3.rel1.win32_1.0.0.202411081344/tools/bin/../lib/gcc/arm-none-eabi/13.3.1/../../../../arm-none-eabi/lib/thumb/v8-m.main+fp/hard\libc_nano.a
LOAD C:/ST/STM32CubeIDE_1.18.1/STM32CubeIDE/plugins/com.st.stm32cube.ide.mcu.externaltools.gnu-tools-for-stm32.13.3.rel1.win32_1.0.0.202411081344/tools/bin/../lib/gcc/arm-none-eabi/13.3.1/../../../../arm-none-eabi/lib/thumb/v8-m.main+fp/hard\libnosys.a
END GROUP
START GROUP
LOAD C:/ST/STM32CubeIDE_1.18.1/STM32CubeIDE/plugins/com.st.stm32cube.ide.mcu.externaltools.gnu-tools-for-stm32.13.3.rel1.win32_1.0.0.202411081344/tools/bin/../lib/gcc/arm-none-eabi/13.3.1/thumb/v8-m.main+fp/hard\libgcc.a
LOAD C:/ST/STM32CubeIDE_1.18.1/STM32CubeIDE/plugins/com.st.stm32cube.ide.mcu.externaltools.gnu-tools-for-stm32.13.3.rel1.win32_1.0.0.202411081344/tools/bin/../lib/gcc/arm-none-eabi/13.3.1/../../../../arm-none-eabi/lib/thumb/v8-m.main+fp/hard\libc_nano.a
LOAD C:/ST/STM32CubeIDE_1.18.1/STM32CubeIDE/plugins/com.st.stm32cube.ide.mcu.externaltools.gnu-tools-for-stm32.13.3.rel1.win32_1.0.0.202411081344/tools/bin/../lib/gcc/arm-none-eabi/13.3.1/../../../../arm-none-eabi/lib/thumb/v8-m.main+fp/hard\libnosys.a
END GROUP
LOAD C:/ST/STM32CubeIDE_1.18.1/STM32CubeIDE/plugins/com.st.stm32cube.ide.mcu.externaltools.gnu-tools-for-stm32.13.3.rel1.win32_1.0.0.202411081344/tools/bin/../lib/gcc/arm-none-eabi/13.3.1/thumb/v8-m.main+fp/hard/crtend.o
LOAD C:/ST/STM32CubeIDE_1.18.1/STM32CubeIDE/plugins/com.st.stm32cube.ide.mcu.externaltools.gnu-tools-for-stm32.13.3.rel1.win32_1.0.0.202411081344/tools/bin/../lib/gcc/arm-none-eabi/13.3.1/thumb/v8-m.main+fp/hard/crtn.o
                0x20030000                        _estack = (ORIGIN (RAM) + LENGTH (RAM))
                0x00000200                        _Min_Heap_Size = 0x200
                0x00000400                        _Min_Stack_Size = 0x400

.isr_vector     0x08000000      0x234
                0x08000000                        . = ALIGN (0x4)
 *(.isr_vector)
 .isr_vector    0x08000000      0x234 ./Core/Startup/startup_stm32u385rgtxq.o
                0x08000000                g_pfnVectors
                0x08000234                        . = ALIGN (0x4)

.text           0x08000238     0xc694
                0x08000238                        . = ALIGN (0x4)
 *(.text)
 .text          0x08000238       0x40 C:/ST/STM32CubeIDE_1.18.1/STM32CubeIDE/plugins/com.st.stm32cube.ide.mcu.externaltools.gnu-tools-for-stm32.13.3.rel1.win32_1.0.0.202411081344/tools/bin/../lib/gcc/arm-none-eabi/13.3.1/thumb/v8-m.main+fp/hard/crtbegin.o
 .text          0x08000278       0x10 C:/ST/STM32CubeIDE_1.18.1/STM32CubeIDE/plugins/com.st.stm32cube.ide.mcu.externaltools.gnu-tools-for-stm32.13.3.rel1.win32_1.0.0.202411081344/tools/bin/../lib/gcc/arm-none-eabi/13.3.1/../../../../arm-none-eabi/lib/thumb/v8-m.main+fp/hard\libc_nano.a(libc_a-strlen.o)
                0x08000278                strlen
 .text          0x08000288      0x378 C:/ST/STM32CubeIDE_1.18.1/STM32CubeIDE/plugins/com.st.stm32cube.ide.mcu.externaltools.gnu-tools-for-stm32.13.3.rel1.win32_1.0.0.202411081344/tools/bin/../lib/gcc/arm-none-eabi/13.3.1/thumb/v8-m.main+fp/hard\libgcc.a(_arm_addsubdf3.o)
                0x08000288                __aeabi_drsub
                0x08000290                __aeabi_dsub
                0x08000290                __subdf3
                0x08000294                __aeabi_dadd
                0x08000294                __adddf3
                0x0800050c                __floatunsidf
                0x0800050c                __aeabi_ui2d
                0x0800052c                __floatsidf
                0x0800052c                __aeabi_i2d
                0x08000550                __aeabi_f2d
                0x08000550                __extendsfdf2
                0x08000594                __floatundidf
                0x08000594                __aeabi_ul2d
                0x080005a4                __floatdidf
                0x080005a4                __aeabi_l2d
 .text          0x08000600      0x424 C:/ST/STM32CubeIDE_1.18.1/STM32CubeIDE/plugins/com.st.stm32cube.ide.mcu.externaltools.gnu-tools-for-stm32.13.3.rel1.win32_1.0.0.202411081344/tools/bin/../lib/gcc/arm-none-eabi/13.3.1/thumb/v8-m.main+fp/hard\libgcc.a(_arm_muldivdf3.o)
                0x08000600                __aeabi_dmul
                0x08000600                __muldf3
                0x08000854                __divdf3
                0x08000854                __aeabi_ddiv
 .text          0x08000a24      0x110 C:/ST/STM32CubeIDE_1.18.1/STM32CubeIDE/plugins/com.st.stm32cube.ide.mcu.externaltools.gnu-tools-for-stm32.13.3.rel1.win32_1.0.0.202411081344/tools/bin/../lib/gcc/arm-none-eabi/13.3.1/thumb/v8-m.main+fp/hard\libgcc.a(_arm_cmpdf2.o)
                0x08000a24                __gtdf2
                0x08000a24                __gedf2
                0x08000a2c                __ltdf2
                0x08000a2c                __ledf2
                0x08000a34                __nedf2
                0x08000a34                __eqdf2
                0x08000a34                __cmpdf2
                0x08000ab0                __aeabi_cdrcmple
                0x08000ac0                __aeabi_cdcmpeq
                0x08000ac0                __aeabi_cdcmple
                0x08000ad0                __aeabi_dcmpeq
                0x08000ae4                __aeabi_dcmplt
                0x08000af8                __aeabi_dcmple
                0x08000b0c                __aeabi_dcmpge
                0x08000b20                __aeabi_dcmpgt
 .text          0x08000b34       0x2c C:/ST/STM32CubeIDE_1.18.1/STM32CubeIDE/plugins/com.st.stm32cube.ide.mcu.externaltools.gnu-tools-for-stm32.13.3.rel1.win32_1.0.0.202411081344/tools/bin/../lib/gcc/arm-none-eabi/13.3.1/thumb/v8-m.main+fp/hard\libgcc.a(_arm_unorddf2.o)
                0x08000b34                __unorddf2
                0x08000b34                __aeabi_dcmpun
 .text          0x08000b60       0x50 C:/ST/STM32CubeIDE_1.18.1/STM32CubeIDE/plugins/com.st.stm32cube.ide.mcu.externaltools.gnu-tools-for-stm32.13.3.rel1.win32_1.0.0.202411081344/tools/bin/../lib/gcc/arm-none-eabi/13.3.1/thumb/v8-m.main+fp/hard\libgcc.a(_arm_fixdfsi.o)
                0x08000b60                __aeabi_d2iz
                0x08000b60                __fixdfsi
 .text          0x08000bb0       0x30 C:/ST/STM32CubeIDE_1.18.1/STM32CubeIDE/plugins/com.st.stm32cube.ide.mcu.externaltools.gnu-tools-for-stm32.13.3.rel1.win32_1.0.0.202411081344/tools/bin/../lib/gcc/arm-none-eabi/13.3.1/thumb/v8-m.main+fp/hard\libgcc.a(_aeabi_uldivmod.o)
                0x08000bb0                __aeabi_uldivmod
 .text          0x08000be0      0x348 C:/ST/STM32CubeIDE_1.18.1/STM32CubeIDE/plugins/com.st.stm32cube.ide.mcu.externaltools.gnu-tools-for-stm32.13.3.rel1.win32_1.0.0.202411081344/tools/bin/../lib/gcc/arm-none-eabi/13.3.1/thumb/v8-m.main+fp/hard\libgcc.a(_udivmoddi4.o)
                0x08000be0                __udivmoddi4
 .text          0x08000f28        0x4 C:/ST/STM32CubeIDE_1.18.1/STM32CubeIDE/plugins/com.st.stm32cube.ide.mcu.externaltools.gnu-tools-for-stm32.13.3.rel1.win32_1.0.0.202411081344/tools/bin/../lib/gcc/arm-none-eabi/13.3.1/thumb/v8-m.main+fp/hard\libgcc.a(_dvmd_tls.o)
                0x08000f28                __aeabi_idiv0
                0x08000f28                __aeabi_ldiv0
 *(.text*)
 .text.LCD_SELECT
                0x08000f2c       0x18 ./Core/Src/lcd.o
 .text.LCD_UNSELECT
                0x08000f44       0x18 ./Core/Src/lcd.o
 .text.lcd_tx   0x08000f5c       0x28 ./Core/Src/lcd.o
 .text.LCD_Init
                0x08000f84       0x38 ./Core/Src/lcd.o
                0x08000f84                LCD_Init
 .text.LCD_AllClear
                0x08000fbc       0x24 ./Core/Src/lcd.o
                0x08000fbc                LCD_AllClear
 .text.LCD_SendLine4bit
                0x08000fe0       0x74 ./Core/Src/lcd.o
                0x08000fe0                LCD_SendLine4bit
 .text.LCD_FillWhite
                0x08001054       0x54 ./Core/Src/lcd.o
                0x08001054                LCD_FillWhite
 .text.LCD_DrawString4bit
                0x080010a8      0x160 ./Core/Src/lcd_text.o
                0x080010a8                LCD_DrawString4bit
 .text.LCD_DrawImage
                0x08001208      0x14c ./Core/Src/lcd_text.o
                0x08001208                LCD_DrawImage
 .text.main     0x08001354      0x42c ./Core/Src/main.o
                0x08001354                main
 .text.SystemClock_Config
                0x08001780       0xd8 ./Core/Src/main.o
                0x08001780                SystemClock_Config
 .text.MX_ADC1_Init
                0x08001858       0xb8 ./Core/Src/main.o
 .text.MX_ADC2_Init
                0x08001910       0xb8 ./Core/Src/main.o
 .text.MX_DAC1_Init
                0x080019c8       0x90 ./Core/Src/main.o
 .text.MX_OPAMP1_Init
                0x08001a58       0x40 ./Core/Src/main.o
 .text.MX_OPAMP2_Init
                0x08001a98       0x40 ./Core/Src/main.o
 .text.MX_SPI1_Init
                0x08001ad8       0xe0 ./Core/Src/main.o
 .text.MX_SPI2_Init
                0x08001bb8       0xe0 ./Core/Src/main.o
 .text.MX_TIM3_Init
                0x08001c98       0xf4 ./Core/Src/main.o
 .text.MX_UART5_Init
                0x08001d8c       0x98 ./Core/Src/main.o
 .text.MX_GPIO_Init
                0x08001e24      0x10c ./Core/Src/main.o
 .text.ads_read_reg
                0x08001f30       0x74 ./Core/Src/main.o
 .text.ads_read_ch1_data
                0x08001fa4       0x94 ./Core/Src/main.o
 .text.BSP_PB_Callback
                0x08002038       0x28 ./Core/Src/main.o
                0x08002038                BSP_PB_Callback
 .text.Error_Handler
                0x08002060        0xc ./Core/Src/main.o
                0x08002060                Error_Handler
 .text.HAL_MspInit
                0x0800206c       0x34 ./Core/Src/stm32u3xx_hal_msp.o
                0x0800206c                HAL_MspInit
 .text.HAL_ADC_MspInit
                0x080020a0      0x174 ./Core/Src/stm32u3xx_hal_msp.o
                0x080020a0                HAL_ADC_MspInit
 .text.HAL_DAC_MspInit
                0x08002214       0xc0 ./Core/Src/stm32u3xx_hal_msp.o
                0x08002214                HAL_DAC_MspInit
 .text.HAL_OPAMP_MspInit
                0x080022d4      0x150 ./Core/Src/stm32u3xx_hal_msp.o
                0x080022d4                HAL_OPAMP_MspInit
 .text.HAL_SPI_MspInit
                0x08002424      0x1d8 ./Core/Src/stm32u3xx_hal_msp.o
                0x08002424                HAL_SPI_MspInit
 .text.HAL_TIM_Base_MspInit
                0x080025fc       0x44 ./Core/Src/stm32u3xx_hal_msp.o
                0x080025fc                HAL_TIM_Base_MspInit
 .text.HAL_TIM_MspPostInit
                0x08002640       0x78 ./Core/Src/stm32u3xx_hal_msp.o
                0x08002640                HAL_TIM_MspPostInit
 .text.HAL_UART_MspInit
                0x080026b8      0x114 ./Core/Src/stm32u3xx_hal_msp.o
                0x080026b8                HAL_UART_MspInit
 .text.NMI_Handler
                0x080027cc        0x8 ./Core/Src/stm32u3xx_it.o
                0x080027cc                NMI_Handler
 .text.HardFault_Handler
                0x080027d4        0x8 ./Core/Src/stm32u3xx_it.o
                0x080027d4                HardFault_Handler
 .text.MemManage_Handler
                0x080027dc        0x8 ./Core/Src/stm32u3xx_it.o
                0x080027dc                MemManage_Handler
 .text.BusFault_Handler
                0x080027e4        0x8 ./Core/Src/stm32u3xx_it.o
                0x080027e4                BusFault_Handler
 .text.UsageFault_Handler
                0x080027ec        0x8 ./Core/Src/stm32u3xx_it.o
                0x080027ec                UsageFault_Handler
 .text.SVC_Handler
                0x080027f4        0xe ./Core/Src/stm32u3xx_it.o
                0x080027f4                SVC_Handler
 .text.DebugMon_Handler
                0x08002802        0xe ./Core/Src/stm32u3xx_it.o
                0x08002802                DebugMon_Handler
 .text.PendSV_Handler
                0x08002810        0xe ./Core/Src/stm32u3xx_it.o
                0x08002810                PendSV_Handler
 .text.SysTick_Handler
                0x0800281e        0xc ./Core/Src/stm32u3xx_it.o
                0x0800281e                SysTick_Handler
 .text.EXTI13_IRQHandler
                0x0800282a        0xe ./Core/Src/stm32u3xx_it.o
                0x0800282a                EXTI13_IRQHandler
 .text._getpid  0x08002838       0x10 ./Core/Src/syscalls.o
                0x08002838                _getpid
 .text._kill    0x08002848       0x20 ./Core/Src/syscalls.o
                0x08002848                _kill
 .text._exit    0x08002868       0x16 ./Core/Src/syscalls.o
                0x08002868                _exit
 .text._read    0x0800287e       0x3a ./Core/Src/syscalls.o
                0x0800287e                _read
 .text._write   0x080028b8       0x38 ./Core/Src/syscalls.o
                0x080028b8                _write
 .text._close   0x080028f0       0x18 ./Core/Src/syscalls.o
                0x080028f0                _close
 .text._fstat   0x08002908       0x20 ./Core/Src/syscalls.o
                0x08002908                _fstat
 .text._isatty  0x08002928       0x16 ./Core/Src/syscalls.o
                0x08002928                _isatty
 .text._lseek   0x0800293e       0x1a ./Core/Src/syscalls.o
                0x0800293e                _lseek
 .text._sbrk    0x08002958       0x6c ./Core/Src/sysmem.o
                0x08002958                _sbrk
 .text.SystemInit
                0x080029c4       0x24 ./Core/Src/system_stm32u3xx.o
                0x080029c4                SystemInit
 .text.SystemCoreClockUpdate
                0x080029e8       0xd0 ./Core/Src/system_stm32u3xx.o
                0x080029e8                SystemCoreClockUpdate
 .text.Reset_Handler
                0x08002ab8       0x50 ./Core/Startup/startup_stm32u385rgtxq.o
                0x08002ab8                Reset_Handler
 .text.Default_Handler
                0x08002b08        0x2 ./Core/Startup/startup_stm32u385rgtxq.o
                0x08002b08                EXTI2_IRQHandler
                0x08002b08                EXTI5_IRQHandler
                0x08002b08                I3C1_ER_IRQHandler
                0x08002b08                FLASH_S_IRQHandler
                0x08002b08                TIM1_CC_IRQHandler
                0x08002b08                TSC_IRQHandler
                0x08002b08                TIM1_TRG_COM_DIR_IDX_IRQHandler
                0x08002b08                TAMP_IRQHandler
                0x08002b08                TIM6_IRQHandler
                0x08002b08                EXTI12_IRQHandler
                0x08002b08                EXTI3_IRQHandler
                0x08002b08                LPTIM4_IRQHandler
                0x08002b08                GPDMA1_Channel5_IRQHandler
                0x08002b08                EXTI8_IRQHandler
                0x08002b08                LPTIM2_IRQHandler
                0x08002b08                USB_FS_IRQHandler
                0x08002b08                I2C3_ER_IRQHandler
                0x08002b08                LPTIM3_IRQHandler
                0x08002b08                EXTI0_IRQHandler
                0x08002b08                I2C2_EV_IRQHandler
                0x08002b08                FPU_IRQHandler
                0x08002b08                GPDMA1_Channel3_IRQHandler
                0x08002b08                GPDMA1_Channel7_IRQHandler
                0x08002b08                FDCAN1_IT1_IRQHandler
                0x08002b08                RAMCFG_IRQHandler
                0x08002b08                PWR_S_IRQHandler
                0x08002b08                GPDMA1_Channel9_IRQHandler
                0x08002b08                SPI1_IRQHandler
                0x08002b08                OCTOSPI1_IRQHandler
                0x08002b08                GPDMA1_Channel2_IRQHandler
                0x08002b08                RCC_S_IRQHandler
                0x08002b08                ADC1_IRQHandler
                0x08002b08                PKA_IRQHandler
                0x08002b08                PWR_IRQHandler
                0x08002b08                I3C2_ER_IRQHandler
                0x08002b08                EXTI15_IRQHandler
                0x08002b08                TIM17_IRQHandler
                0x08002b08                USART3_IRQHandler
                0x08002b08                RTC_IRQHandler
                0x08002b08                EXTI9_IRQHandler
                0x08002b08                UART5_IRQHandler
                0x08002b08                TIM4_IRQHandler
                0x08002b08                I3C2_EV_IRQHandler
                0x08002b08                I2C1_EV_IRQHandler
                0x08002b08                GPDMA1_Channel1_IRQHandler
                0x08002b08                TIM16_IRQHandler
                0x08002b08                UART4_IRQHandler
                0x08002b08                SecureFault_Handler
                0x08002b08                TIM3_IRQHandler
                0x08002b08                RCC_IRQHandler
                0x08002b08                Default_Handler
                0x08002b08                GPDMA1_Channel8_IRQHandler
                0x08002b08                GPDMA1_Channel11_IRQHandler
                0x08002b08                TIM7_IRQHandler
                0x08002b08                SDMMC1_IRQHandler
                0x08002b08                SAES_IRQHandler
                0x08002b08                GPDMA1_Channel0_IRQHandler
                0x08002b08                I3C1_EV_IRQHandler
                0x08002b08                TIM15_IRQHandler
                0x08002b08                I2C3_EV_IRQHandler
                0x08002b08                PVD_PVM_IRQHandler
                0x08002b08                ADC2_IRQHandler
                0x08002b08                SPI2_IRQHandler
                0x08002b08                EXTI14_IRQHandler
                0x08002b08                EXTI11_IRQHandler
                0x08002b08                CRS_IRQHandler
                0x08002b08                EXTI4_IRQHandler
                0x08002b08                TIM1_BRK_TERR_IERR_IRQHandler
                0x08002b08                RTC_S_IRQHandler
                0x08002b08                RNG_IRQHandler
                0x08002b08                COMP_IRQHandler
                0x08002b08                TIM1_UP_IRQHandler
                0x08002b08                WWDG_IRQHandler
                0x08002b08                ADF1_IRQHandler
                0x08002b08                IWDG_IRQHandler
                0x08002b08                LPUART1_IRQHandler
                0x08002b08                FDCAN1_IT0_IRQHandler
                0x08002b08                TIM2_IRQHandler
                0x08002b08                GPDMA1_Channel4_IRQHandler
                0x08002b08                EXTI7_IRQHandler
                0x08002b08                EXTI1_IRQHandler
                0x08002b08                AES_IRQHandler
                0x08002b08                DAC1_IRQHandler
                0x08002b08                GTZC_IRQHandler
                0x08002b08                GPDMA1_Channel6_IRQHandler
                0x08002b08                I2C2_ER_IRQHandler
                0x08002b08                FLASH_IRQHandler
                0x08002b08                USART1_IRQHandler
                0x08002b08                EXTI10_IRQHandler
                0x08002b08                SPI3_IRQHandler
                0x08002b08                I2C1_ER_IRQHandler
                0x08002b08                EXTI6_IRQHandler
                0x08002b08                LPTIM1_IRQHandler
                0x08002b08                GPDMA1_Channel10_IRQHandler
                0x08002b08                ICACHE_IRQHandler
                0x08002b08                SAI1_IRQHandler
                0x08002b08                HASH_IRQHandler
 *fill*         0x08002b0a        0x2 
 .text.BSP_PB_Init
                0x08002b0c       0xf0 ./Drivers/BSP/STM32U3xx_Nucleo/stm32u3xx_nucleo.o
                0x08002b0c                BSP_PB_Init
 .text.BSP_PB_IRQHandler
                0x08002bfc       0x2c ./Drivers/BSP/STM32U3xx_Nucleo/stm32u3xx_nucleo.o
                0x08002bfc                BSP_PB_IRQHandler
 .text.BSP_COM_Init
                0x08002c28       0x60 ./Drivers/BSP/STM32U3xx_Nucleo/stm32u3xx_nucleo.o
                0x08002c28                BSP_COM_Init
 .text.MX_USART1_Init
                0x08002c88       0x68 ./Drivers/BSP/STM32U3xx_Nucleo/stm32u3xx_nucleo.o
                0x08002c88                MX_USART1_Init
 .text.__io_putchar
                0x08002cf0       0x38 ./Drivers/BSP/STM32U3xx_Nucleo/stm32u3xx_nucleo.o
                0x08002cf0                __io_putchar
 .text.BUTTON_USER_EXTI_Callback
                0x08002d28        0xe ./Drivers/BSP/STM32U3xx_Nucleo/stm32u3xx_nucleo.o
 *fill*         0x08002d36        0x2 
 .text.COM1_MspInit
                0x08002d38       0xb0 ./Drivers/BSP/STM32U3xx_Nucleo/stm32u3xx_nucleo.o
 .text.HAL_Init
                0x08002de8       0x40 ./Drivers/STM32U3xx_HAL_Driver/Src/stm32u3xx_hal.o
                0x08002de8                HAL_Init
 .text.HAL_InitTick
                0x08002e28       0xfc ./Drivers/STM32U3xx_HAL_Driver/Src/stm32u3xx_hal.o
                0x08002e28                HAL_InitTick
 .text.HAL_IncTick
                0x08002f24       0x28 ./Drivers/STM32U3xx_HAL_Driver/Src/stm32u3xx_hal.o
                0x08002f24                HAL_IncTick
 .text.HAL_GetTick
                0x08002f4c       0x18 ./Drivers/STM32U3xx_HAL_Driver/Src/stm32u3xx_hal.o
                0x08002f4c                HAL_GetTick
 .text.HAL_Delay
                0x08002f64       0x48 ./Drivers/STM32U3xx_HAL_Driver/Src/stm32u3xx_hal.o
                0x08002f64                HAL_Delay
 .text.LL_ADC_SetCommonPathInternalCh
                0x08002fac       0x26 ./Drivers/STM32U3xx_HAL_Driver/Src/stm32u3xx_hal_adc.o
 .text.LL_ADC_GetCommonPathInternalCh
                0x08002fd2       0x1c ./Drivers/STM32U3xx_HAL_Driver/Src/stm32u3xx_hal_adc.o
 .text.LL_ADC_SetPathInternalCh
                0x08002fee       0x2c ./Drivers/STM32U3xx_HAL_Driver/Src/stm32u3xx_hal_adc.o
 .text.LL_ADC_GetPathInternalCh
                0x0800301a       0x20 ./Drivers/STM32U3xx_HAL_Driver/Src/stm32u3xx_hal_adc.o
 .text.LL_ADC_SetOffsetChannel
                0x0800303a       0x38 ./Drivers/STM32U3xx_HAL_Driver/Src/stm32u3xx_hal_adc.o
 .text.LL_ADC_GetOffsetChannel
                0x08003072       0x2e ./Drivers/STM32U3xx_HAL_Driver/Src/stm32u3xx_hal_adc.o
 .text.LL_ADC_SetOffsetLevel
                0x080030a0       0x36 ./Drivers/STM32U3xx_HAL_Driver/Src/stm32u3xx_hal_adc.o
 .text.LL_ADC_SetOffsetSign
                0x080030d6       0x36 ./Drivers/STM32U3xx_HAL_Driver/Src/stm32u3xx_hal_adc.o
 .text.LL_ADC_SetOffsetSignedSaturation
                0x0800310c       0x36 ./Drivers/STM32U3xx_HAL_Driver/Src/stm32u3xx_hal_adc.o
 .text.LL_ADC_SetOffsetUnsignedSaturation
                0x08003142       0x36 ./Drivers/STM32U3xx_HAL_Driver/Src/stm32u3xx_hal_adc.o
 .text.LL_ADC_SetGainCompensation
                0x08003178       0x46 ./Drivers/STM32U3xx_HAL_Driver/Src/stm32u3xx_hal_adc.o
 .text.LL_ADC_REG_IsTriggerSourceSWStart
                0x080031be       0x26 ./Drivers/STM32U3xx_HAL_Driver/Src/stm32u3xx_hal_adc.o
 .text.LL_ADC_REG_SetSequencerRanks
                0x080031e4       0x56 ./Drivers/STM32U3xx_HAL_Driver/Src/stm32u3xx_hal_adc.o
 .text.LL_ADC_SetChannelPreselection
                0x0800323a       0x2e ./Drivers/STM32U3xx_HAL_Driver/Src/stm32u3xx_hal_adc.o
 .text.LL_ADC_SetChannelSamplingTime
                0x08003268      0x17c ./Drivers/STM32U3xx_HAL_Driver/Src/stm32u3xx_hal_adc.o
 .text.LL_ADC_GetMultimode
                0x080033e4       0x1c ./Drivers/STM32U3xx_HAL_Driver/Src/stm32u3xx_hal_adc.o
 .text.LL_ADC_GetMultiDataFormat
                0x08003400       0x1c ./Drivers/STM32U3xx_HAL_Driver/Src/stm32u3xx_hal_adc.o
 .text.LL_ADC_DisableDeepPowerDown
                0x0800341c       0x24 ./Drivers/STM32U3xx_HAL_Driver/Src/stm32u3xx_hal_adc.o
 .text.LL_ADC_IsDeepPowerDownEnabled
                0x08003440       0x28 ./Drivers/STM32U3xx_HAL_Driver/Src/stm32u3xx_hal_adc.o
 .text.LL_ADC_EnableInternalRegulator
                0x08003468       0x28 ./Drivers/STM32U3xx_HAL_Driver/Src/stm32u3xx_hal_adc.o
 .text.LL_ADC_IsInternalRegulatorEnabled
                0x08003490       0x28 ./Drivers/STM32U3xx_HAL_Driver/Src/stm32u3xx_hal_adc.o
 .text.LL_ADC_Enable
                0x080034b8       0x28 ./Drivers/STM32U3xx_HAL_Driver/Src/stm32u3xx_hal_adc.o
 .text.LL_ADC_Disable
                0x080034e0       0x28 ./Drivers/STM32U3xx_HAL_Driver/Src/stm32u3xx_hal_adc.o
 .text.LL_ADC_IsEnabled
                0x08003508       0x26 ./Drivers/STM32U3xx_HAL_Driver/Src/stm32u3xx_hal_adc.o
 .text.LL_ADC_IsDisableOngoing
                0x0800352e       0x26 ./Drivers/STM32U3xx_HAL_Driver/Src/stm32u3xx_hal_adc.o
 .text.LL_ADC_REG_StartConversion
                0x08003554       0x28 ./Drivers/STM32U3xx_HAL_Driver/Src/stm32u3xx_hal_adc.o
 .text.LL_ADC_REG_StopConversion
                0x0800357c       0x28 ./Drivers/STM32U3xx_HAL_Driver/Src/stm32u3xx_hal_adc.o
 .text.LL_ADC_REG_IsConversionOngoing
                0x080035a4       0x26 ./Drivers/STM32U3xx_HAL_Driver/Src/stm32u3xx_hal_adc.o
 .text.LL_ADC_INJ_StopConversion
                0x080035ca       0x28 ./Drivers/STM32U3xx_HAL_Driver/Src/stm32u3xx_hal_adc.o
 .text.LL_ADC_INJ_IsConversionOngoing
                0x080035f2       0x26 ./Drivers/STM32U3xx_HAL_Driver/Src/stm32u3xx_hal_adc.o
 .text.LL_ADC_IsActiveFlag_LDORDY
                0x08003618       0x28 ./Drivers/STM32U3xx_HAL_Driver/Src/stm32u3xx_hal_adc.o
 .text.LL_ADC_ClearFlag_LDORDY
                0x08003640       0x1c ./Drivers/STM32U3xx_HAL_Driver/Src/stm32u3xx_hal_adc.o
 .text.HAL_ADC_Init
                0x0800365c      0x29c ./Drivers/STM32U3xx_HAL_Driver/Src/stm32u3xx_hal_adc.o
                0x0800365c                HAL_ADC_Init
 .text.HAL_ADC_Start
                0x080038f8      0x174 ./Drivers/STM32U3xx_HAL_Driver/Src/stm32u3xx_hal_adc.o
                0x080038f8                HAL_ADC_Start
 .text.HAL_ADC_Stop
                0x08003a6c       0x66 ./Drivers/STM32U3xx_HAL_Driver/Src/stm32u3xx_hal_adc.o
                0x08003a6c                HAL_ADC_Stop
 *fill*         0x08003ad2        0x2 
 .text.HAL_ADC_PollForConversion
                0x08003ad4      0x1b0 ./Drivers/STM32U3xx_HAL_Driver/Src/stm32u3xx_hal_adc.o
                0x08003ad4                HAL_ADC_PollForConversion
 .text.HAL_ADC_GetValue
                0x08003c84       0x1a ./Drivers/STM32U3xx_HAL_Driver/Src/stm32u3xx_hal_adc.o
                0x08003c84                HAL_ADC_GetValue
 *fill*         0x08003c9e        0x2 
 .text.HAL_ADC_ConfigChannel
                0x08003ca0      0x358 ./Drivers/STM32U3xx_HAL_Driver/Src/stm32u3xx_hal_adc.o
                0x08003ca0                HAL_ADC_ConfigChannel
 .text.ADC_ConversionStop
                0x08003ff8      0x178 ./Drivers/STM32U3xx_HAL_Driver/Src/stm32u3xx_hal_adc.o
                0x08003ff8                ADC_ConversionStop
 .text.ADC_Enable
                0x08004170      0x108 ./Drivers/STM32U3xx_HAL_Driver/Src/stm32u3xx_hal_adc.o
                0x08004170                ADC_Enable
 .text.ADC_Disable
                0x08004278       0xbe ./Drivers/STM32U3xx_HAL_Driver/Src/stm32u3xx_hal_adc.o
                0x08004278                ADC_Disable
 .text.LL_ADC_StartCalibration
                0x08004336       0x28 ./Drivers/STM32U3xx_HAL_Driver/Src/stm32u3xx_hal_adc_ex.o
 .text.LL_ADC_IsCalibrationOnGoing
                0x0800435e       0x28 ./Drivers/STM32U3xx_HAL_Driver/Src/stm32u3xx_hal_adc_ex.o
 *fill*         0x08004386        0x2 
 .text.HAL_ADCEx_Calibration_Start
                0x08004388       0xc4 ./Drivers/STM32U3xx_HAL_Driver/Src/stm32u3xx_hal_adc_ex.o
                0x08004388                HAL_ADCEx_Calibration_Start
 .text.__NVIC_SetPriorityGrouping
                0x0800444c       0x48 ./Drivers/STM32U3xx_HAL_Driver/Src/stm32u3xx_hal_cortex.o
 .text.__NVIC_GetPriorityGrouping
                0x08004494       0x1c ./Drivers/STM32U3xx_HAL_Driver/Src/stm32u3xx_hal_cortex.o
 .text.__NVIC_EnableIRQ
                0x080044b0       0x3c ./Drivers/STM32U3xx_HAL_Driver/Src/stm32u3xx_hal_cortex.o
 .text.__NVIC_SetPriority
                0x080044ec       0x54 ./Drivers/STM32U3xx_HAL_Driver/Src/stm32u3xx_hal_cortex.o
 .text.NVIC_EncodePriority
                0x08004540       0x66 ./Drivers/STM32U3xx_HAL_Driver/Src/stm32u3xx_hal_cortex.o
 .text.HAL_NVIC_SetPriorityGrouping
                0x080045a6       0x16 ./Drivers/STM32U3xx_HAL_Driver/Src/stm32u3xx_hal_cortex.o
                0x080045a6                HAL_NVIC_SetPriorityGrouping
 .text.HAL_NVIC_SetPriority
                0x080045bc       0x34 ./Drivers/STM32U3xx_HAL_Driver/Src/stm32u3xx_hal_cortex.o
                0x080045bc                HAL_NVIC_SetPriority
 .text.HAL_NVIC_EnableIRQ
                0x080045f0       0x1c ./Drivers/STM32U3xx_HAL_Driver/Src/stm32u3xx_hal_cortex.o
                0x080045f0                HAL_NVIC_EnableIRQ
 .text.HAL_SYSTICK_Config
                0x0800460c       0x44 ./Drivers/STM32U3xx_HAL_Driver/Src/stm32u3xx_hal_cortex.o
                0x0800460c                HAL_SYSTICK_Config
 .text.HAL_SYSTICK_CLKSourceConfig
                0x08004650       0xb0 ./Drivers/STM32U3xx_HAL_Driver/Src/stm32u3xx_hal_cortex.o
                0x08004650                HAL_SYSTICK_CLKSourceConfig
 .text.HAL_DAC_Init
                0x08004700       0x44 ./Drivers/STM32U3xx_HAL_Driver/Src/stm32u3xx_hal_dac.o
                0x08004700                HAL_DAC_Init
 .text.HAL_DAC_Start
                0x08004744       0xd8 ./Drivers/STM32U3xx_HAL_Driver/Src/stm32u3xx_hal_dac.o
                0x08004744                HAL_DAC_Start
 .text.HAL_DAC_SetValue
                0x0800481c       0x5a ./Drivers/STM32U3xx_HAL_Driver/Src/stm32u3xx_hal_dac.o
                0x0800481c                HAL_DAC_SetValue
 *fill*         0x08004876        0x2 
 .text.HAL_DAC_ConfigChannel
                0x08004878      0x324 ./Drivers/STM32U3xx_HAL_Driver/Src/stm32u3xx_hal_dac.o
                0x08004878                HAL_DAC_ConfigChannel
 .text.HAL_DACEx_SetConfigAutonomousMode
                0x08004b9c       0x70 ./Drivers/STM32U3xx_HAL_Driver/Src/stm32u3xx_hal_dac_ex.o
                0x08004b9c                HAL_DACEx_SetConfigAutonomousMode
 .text.HAL_EXTI_RegisterCallback
                0x08004c0c       0x58 ./Drivers/STM32U3xx_HAL_Driver/Src/stm32u3xx_hal_exti.o
                0x08004c0c                HAL_EXTI_RegisterCallback
 .text.HAL_EXTI_GetHandle
                0x08004c64       0x28 ./Drivers/STM32U3xx_HAL_Driver/Src/stm32u3xx_hal_exti.o
                0x08004c64                HAL_EXTI_GetHandle
 .text.HAL_EXTI_IRQHandler
                0x08004c8c       0x88 ./Drivers/STM32U3xx_HAL_Driver/Src/stm32u3xx_hal_exti.o
                0x08004c8c                HAL_EXTI_IRQHandler
 .text.HAL_GPIO_Init
                0x08004d14      0x314 ./Drivers/STM32U3xx_HAL_Driver/Src/stm32u3xx_hal_gpio.o
                0x08004d14                HAL_GPIO_Init
 .text.HAL_GPIO_ReadPin
                0x08005028       0x30 ./Drivers/STM32U3xx_HAL_Driver/Src/stm32u3xx_hal_gpio.o
                0x08005028                HAL_GPIO_ReadPin
 .text.HAL_GPIO_WritePin
                0x08005058       0x30 ./Drivers/STM32U3xx_HAL_Driver/Src/stm32u3xx_hal_gpio.o
                0x08005058                HAL_GPIO_WritePin
 .text.HAL_OPAMP_Init
                0x08005088      0x1c8 ./Drivers/STM32U3xx_HAL_Driver/Src/stm32u3xx_hal_opamp.o
                0x08005088                HAL_OPAMP_Init
 .text.HAL_OPAMP_Start
                0x08005250       0x62 ./Drivers/STM32U3xx_HAL_Driver/Src/stm32u3xx_hal_opamp.o
                0x08005250                HAL_OPAMP_Start
 *fill*         0x080052b2        0x2 
 .text.HAL_PWREx_ControlVoltageScaling
                0x080052b4       0x7c ./Drivers/STM32U3xx_HAL_Driver/Src/stm32u3xx_hal_pwr_ex.o
                0x080052b4                HAL_PWREx_ControlVoltageScaling
 .text.HAL_PWREx_EnableVddA
                0x08005330       0x20 ./Drivers/STM32U3xx_HAL_Driver/Src/stm32u3xx_hal_pwr_ex.o
                0x08005330                HAL_PWREx_EnableVddA
 .text.HAL_PWREx_EnableEpodBooster
                0x08005350       0x58 ./Drivers/STM32U3xx_HAL_Driver/Src/stm32u3xx_hal_pwr_ex.o
                0x08005350                HAL_PWREx_EnableEpodBooster
 .text.HAL_RCC_OscConfig
                0x080053a8      0x6ac ./Drivers/STM32U3xx_HAL_Driver/Src/stm32u3xx_hal_rcc.o
                0x080053a8                HAL_RCC_OscConfig
 .text.HAL_RCC_ClockConfig
                0x08005a54      0x1d8 ./Drivers/STM32U3xx_HAL_Driver/Src/stm32u3xx_hal_rcc.o
                0x08005a54                HAL_RCC_ClockConfig
 .text.HAL_RCC_MCOConfig
                0x08005c2c       0x90 ./Drivers/STM32U3xx_HAL_Driver/Src/stm32u3xx_hal_rcc.o
                0x08005c2c                HAL_RCC_MCOConfig
 .text.HAL_RCC_GetSysClockFreq
                0x08005cbc       0x90 ./Drivers/STM32U3xx_HAL_Driver/Src/stm32u3xx_hal_rcc.o
                0x08005cbc                HAL_RCC_GetSysClockFreq
 .text.HAL_RCC_GetHCLKFreq
                0x08005d4c       0x34 ./Drivers/STM32U3xx_HAL_Driver/Src/stm32u3xx_hal_rcc.o
                0x08005d4c                HAL_RCC_GetHCLKFreq
 .text.HAL_RCC_GetPCLK1Freq
                0x08005d80       0x28 ./Drivers/STM32U3xx_HAL_Driver/Src/stm32u3xx_hal_rcc.o
                0x08005d80                HAL_RCC_GetPCLK1Freq
 .text.HAL_RCC_GetPCLK2Freq
                0x08005da8       0x28 ./Drivers/STM32U3xx_HAL_Driver/Src/stm32u3xx_hal_rcc.o
                0x08005da8                HAL_RCC_GetPCLK2Freq
 .text.HAL_RCC_GetPCLK3Freq
                0x08005dd0       0x28 ./Drivers/STM32U3xx_HAL_Driver/Src/stm32u3xx_hal_rcc.o
                0x08005dd0                HAL_RCC_GetPCLK3Freq
 .text.HAL_RCC_GetMSIKFreq
                0x08005df8       0x6c ./Drivers/STM32U3xx_HAL_Driver/Src/stm32u3xx_hal_rcc.o
                0x08005df8                HAL_RCC_GetMSIKFreq
 .text.HAL_RCCEx_PeriphCLKConfig
                0x08005e64      0x4dc ./Drivers/STM32U3xx_HAL_Driver/Src/stm32u3xx_hal_rcc_ex.o
                0x08005e64                HAL_RCCEx_PeriphCLKConfig
 .text.HAL_RCCEx_GetPeriphCLKFreq
                0x08006340      0x9b4 ./Drivers/STM32U3xx_HAL_Driver/Src/stm32u3xx_hal_rcc_ex.o
                0x08006340                HAL_RCCEx_GetPeriphCLKFreq
 .text.HAL_RCCEx_EpodBoosterClkConfig
                0x08006cf4       0x88 ./Drivers/STM32U3xx_HAL_Driver/Src/stm32u3xx_hal_rcc_ex.o
                0x08006cf4                HAL_RCCEx_EpodBoosterClkConfig
 .text.HAL_SPI_Init
                0x08006d7c      0x1e0 ./Drivers/STM32U3xx_HAL_Driver/Src/stm32u3xx_hal_spi.o
                0x08006d7c                HAL_SPI_Init
 .text.HAL_SPI_Transmit
                0x08006f5c      0x404 ./Drivers/STM32U3xx_HAL_Driver/Src/stm32u3xx_hal_spi.o
                0x08006f5c                HAL_SPI_Transmit
 .text.HAL_SPI_Receive
                0x08007360      0x598 ./Drivers/STM32U3xx_HAL_Driver/Src/stm32u3xx_hal_spi.o
                0x08007360                HAL_SPI_Receive
 .text.HAL_SPI_TransmitReceive
                0x080078f8      0x684 ./Drivers/STM32U3xx_HAL_Driver/Src/stm32u3xx_hal_spi.o
                0x080078f8                HAL_SPI_TransmitReceive
 .text.SPI_CloseTransfer
                0x08007f7c      0x140 ./Drivers/STM32U3xx_HAL_Driver/Src/stm32u3xx_hal_spi.o
 .text.SPI_WaitOnFlagUntilTimeout
                0x080080bc       0x5c ./Drivers/STM32U3xx_HAL_Driver/Src/stm32u3xx_hal_spi.o
 .text.SPI_GetPacketSize
                0x08008118       0x36 ./Drivers/STM32U3xx_HAL_Driver/Src/stm32u3xx_hal_spi.o
 .text.HAL_SPIEx_SetConfigAutonomousMode
                0x0800814e       0x82 ./Drivers/STM32U3xx_HAL_Driver/Src/stm32u3xx_hal_spi_ex.o
                0x0800814e                HAL_SPIEx_SetConfigAutonomousMode
 .text.HAL_TIM_Base_Init
                0x080081d0       0xae ./Drivers/STM32U3xx_HAL_Driver/Src/stm32u3xx_hal_tim.o
                0x080081d0                HAL_TIM_Base_Init
 .text.HAL_TIM_PWM_Init
                0x0800827e       0xae ./Drivers/STM32U3xx_HAL_Driver/Src/stm32u3xx_hal_tim.o
                0x0800827e                HAL_TIM_PWM_Init
 .text.HAL_TIM_PWM_MspInit
                0x0800832c       0x14 ./Drivers/STM32U3xx_HAL_Driver/Src/stm32u3xx_hal_tim.o
                0x0800832c                HAL_TIM_PWM_MspInit
 .text.HAL_TIM_PWM_ConfigChannel
                0x08008340      0x228 ./Drivers/STM32U3xx_HAL_Driver/Src/stm32u3xx_hal_tim.o
                0x08008340                HAL_TIM_PWM_ConfigChannel
 .text.HAL_TIM_ConfigClockSource
                0x08008568      0x1d0 ./Drivers/STM32U3xx_HAL_Driver/Src/stm32u3xx_hal_tim.o
                0x08008568                HAL_TIM_ConfigClockSource
 .text.TIM_Base_SetConfig
                0x08008738      0x110 ./Drivers/STM32U3xx_HAL_Driver/Src/stm32u3xx_hal_tim.o
                0x08008738                TIM_Base_SetConfig
 .text.TIM_OC1_SetConfig
                0x08008848      0x10c ./Drivers/STM32U3xx_HAL_Driver/Src/stm32u3xx_hal_tim.o
 .text.TIM_OC2_SetConfig
                0x08008954      0x100 ./Drivers/STM32U3xx_HAL_Driver/Src/stm32u3xx_hal_tim.o
                0x08008954                TIM_OC2_SetConfig
 .text.TIM_OC3_SetConfig
                0x08008a54       0xfc ./Drivers/STM32U3xx_HAL_Driver/Src/stm32u3xx_hal_tim.o
 .text.TIM_OC4_SetConfig
                0x08008b50      0x100 ./Drivers/STM32U3xx_HAL_Driver/Src/stm32u3xx_hal_tim.o
 .text.TIM_OC5_SetConfig
                0x08008c50       0xbc ./Drivers/STM32U3xx_HAL_Driver/Src/stm32u3xx_hal_tim.o
 .text.TIM_OC6_SetConfig
                0x08008d0c       0xc0 ./Drivers/STM32U3xx_HAL_Driver/Src/stm32u3xx_hal_tim.o
 .text.TIM_TI1_ConfigInputStage
                0x08008dcc       0x5e ./Drivers/STM32U3xx_HAL_Driver/Src/stm32u3xx_hal_tim.o
 .text.TIM_TI2_ConfigInputStage
                0x08008e2a       0x60 ./Drivers/STM32U3xx_HAL_Driver/Src/stm32u3xx_hal_tim.o
 .text.TIM_ITRx_SetConfig
                0x08008e8a       0x3a ./Drivers/STM32U3xx_HAL_Driver/Src/stm32u3xx_hal_tim.o
 .text.TIM_ETR_SetConfig
                0x08008ec4       0x40 ./Drivers/STM32U3xx_HAL_Driver/Src/stm32u3xx_hal_tim.o
                0x08008ec4                TIM_ETR_SetConfig
 .text.HAL_TIMEx_MasterConfigSynchronization
                0x08008f04       0xec ./Drivers/STM32U3xx_HAL_Driver/Src/stm32u3xx_hal_tim_ex.o
                0x08008f04                HAL_TIMEx_MasterConfigSynchronization
 .text.HAL_UART_Init
                0x08008ff0       0xa0 ./Drivers/STM32U3xx_HAL_Driver/Src/stm32u3xx_hal_uart.o
                0x08008ff0                HAL_UART_Init
 .text.HAL_UART_Transmit
                0x08009090      0x11c ./Drivers/STM32U3xx_HAL_Driver/Src/stm32u3xx_hal_uart.o
                0x08009090                HAL_UART_Transmit
 .text.UART_SetConfig
                0x080091ac      0x2e8 ./Drivers/STM32U3xx_HAL_Driver/Src/stm32u3xx_hal_uart.o
                0x080091ac                UART_SetConfig
 .text.UART_AdvFeatureConfig
                0x08009494      0x144 ./Drivers/STM32U3xx_HAL_Driver/Src/stm32u3xx_hal_uart.o
                0x08009494                UART_AdvFeatureConfig
 .text.UART_CheckIdleState
                0x080095d8      0x154 ./Drivers/STM32U3xx_HAL_Driver/Src/stm32u3xx_hal_uart.o
                0x080095d8                UART_CheckIdleState
 .text.UART_WaitOnFlagUntilTimeout
                0x0800972c       0xda ./Drivers/STM32U3xx_HAL_Driver/Src/stm32u3xx_hal_uart.o
                0x0800972c                UART_WaitOnFlagUntilTimeout
 .text.UART_EndRxTransfer
                0x08009806       0xcc ./Drivers/STM32U3xx_HAL_Driver/Src/stm32u3xx_hal_uart.o
 .text.HAL_UARTEx_DisableFifoMode
                0x080098d2       0x72 ./Drivers/STM32U3xx_HAL_Driver/Src/stm32u3xx_hal_uart_ex.o
                0x080098d2                HAL_UARTEx_DisableFifoMode
 .text.HAL_UARTEx_SetTxFifoThreshold
                0x08009944       0x7c ./Drivers/STM32U3xx_HAL_Driver/Src/stm32u3xx_hal_uart_ex.o
                0x08009944                HAL_UARTEx_SetTxFifoThreshold
 .text.HAL_UARTEx_SetRxFifoThreshold
                0x080099c0       0x7c ./Drivers/STM32U3xx_HAL_Driver/Src/stm32u3xx_hal_uart_ex.o
                0x080099c0                HAL_UARTEx_SetRxFifoThreshold
 .text.UARTEx_SetNbDataToProcess
                0x08009a3c       0x9c ./Drivers/STM32U3xx_HAL_Driver/Src/stm32u3xx_hal_uart_ex.o
 .text.__cvt    0x08009ad8       0xca C:/ST/STM32CubeIDE_1.18.1/STM32CubeIDE/plugins/com.st.stm32cube.ide.mcu.externaltools.gnu-tools-for-stm32.13.3.rel1.win32_1.0.0.202411081344/tools/bin/../lib/gcc/arm-none-eabi/13.3.1/../../../../arm-none-eabi/lib/thumb/v8-m.main+fp/hard\libc_nano.a(libc_a-nano-vfprintf_float.o)
                0x08009ad8                __cvt
 .text.__exponent
                0x08009ba2       0x72 C:/ST/STM32CubeIDE_1.18.1/STM32CubeIDE/plugins/com.st.stm32cube.ide.mcu.externaltools.gnu-tools-for-stm32.13.3.rel1.win32_1.0.0.202411081344/tools/bin/../lib/gcc/arm-none-eabi/13.3.1/../../../../arm-none-eabi/lib/thumb/v8-m.main+fp/hard\libc_nano.a(libc_a-nano-vfprintf_float.o)
                0x08009ba2                __exponent
 .text._printf_float
                0x08009c14      0x454 C:/ST/STM32CubeIDE_1.18.1/STM32CubeIDE/plugins/com.st.stm32cube.ide.mcu.externaltools.gnu-tools-for-stm32.13.3.rel1.win32_1.0.0.202411081344/tools/bin/../lib/gcc/arm-none-eabi/13.3.1/../../../../arm-none-eabi/lib/thumb/v8-m.main+fp/hard\libc_nano.a(libc_a-nano-vfprintf_float.o)
                0x08009c14                _printf_float
 .text._printf_common
                0x0800a068       0xe4 C:/ST/STM32CubeIDE_1.18.1/STM32CubeIDE/plugins/com.st.stm32cube.ide.mcu.externaltools.gnu-tools-for-stm32.13.3.rel1.win32_1.0.0.202411081344/tools/bin/../lib/gcc/arm-none-eabi/13.3.1/../../../../arm-none-eabi/lib/thumb/v8-m.main+fp/hard\libc_nano.a(libc_a-nano-vfprintf_i.o)
                0x0800a068                _printf_common
 .text._printf_i
                0x0800a14c      0x23c C:/ST/STM32CubeIDE_1.18.1/STM32CubeIDE/plugins/com.st.stm32cube.ide.mcu.externaltools.gnu-tools-for-stm32.13.3.rel1.win32_1.0.0.202411081344/tools/bin/../lib/gcc/arm-none-eabi/13.3.1/../../../../arm-none-eabi/lib/thumb/v8-m.main+fp/hard\libc_nano.a(libc_a-nano-vfprintf_i.o)
                0x0800a14c                _printf_i
 .text.std      0x0800a388       0x6c C:/ST/STM32CubeIDE_1.18.1/STM32CubeIDE/plugins/com.st.stm32cube.ide.mcu.externaltools.gnu-tools-for-stm32.13.3.rel1.win32_1.0.0.202411081344/tools/bin/../lib/gcc/arm-none-eabi/13.3.1/../../../../arm-none-eabi/lib/thumb/v8-m.main+fp/hard\libc_nano.a(libc_a-findfp.o)
 .text.stdio_exit_handler
                0x0800a3f4       0x18 C:/ST/STM32CubeIDE_1.18.1/STM32CubeIDE/plugins/com.st.stm32cube.ide.mcu.externaltools.gnu-tools-for-stm32.13.3.rel1.win32_1.0.0.202411081344/tools/bin/../lib/gcc/arm-none-eabi/13.3.1/../../../../arm-none-eabi/lib/thumb/v8-m.main+fp/hard\libc_nano.a(libc_a-findfp.o)
 .text.cleanup_stdio
                0x0800a40c       0x40 C:/ST/STM32CubeIDE_1.18.1/STM32CubeIDE/plugins/com.st.stm32cube.ide.mcu.externaltools.gnu-tools-for-stm32.13.3.rel1.win32_1.0.0.202411081344/tools/bin/../lib/gcc/arm-none-eabi/13.3.1/../../../../arm-none-eabi/lib/thumb/v8-m.main+fp/hard\libc_nano.a(libc_a-findfp.o)
 .text.global_stdio_init.part.0
                0x0800a44c       0x3c C:/ST/STM32CubeIDE_1.18.1/STM32CubeIDE/plugins/com.st.stm32cube.ide.mcu.externaltools.gnu-tools-for-stm32.13.3.rel1.win32_1.0.0.202411081344/tools/bin/../lib/gcc/arm-none-eabi/13.3.1/../../../../arm-none-eabi/lib/thumb/v8-m.main+fp/hard\libc_nano.a(libc_a-findfp.o)
 .text.__sfp_lock_acquire
                0x0800a488        0xc C:/ST/STM32CubeIDE_1.18.1/STM32CubeIDE/plugins/com.st.stm32cube.ide.mcu.externaltools.gnu-tools-for-stm32.13.3.rel1.win32_1.0.0.202411081344/tools/bin/../lib/gcc/arm-none-eabi/13.3.1/../../../../arm-none-eabi/lib/thumb/v8-m.main+fp/hard\libc_nano.a(libc_a-findfp.o)
                0x0800a488                __sfp_lock_acquire
 .text.__sfp_lock_release
                0x0800a494        0xc C:/ST/STM32CubeIDE_1.18.1/STM32CubeIDE/plugins/com.st.stm32cube.ide.mcu.externaltools.gnu-tools-for-stm32.13.3.rel1.win32_1.0.0.202411081344/tools/bin/../lib/gcc/arm-none-eabi/13.3.1/../../../../arm-none-eabi/lib/thumb/v8-m.main+fp/hard\libc_nano.a(libc_a-findfp.o)
                0x0800a494                __sfp_lock_release
 .text.__sinit  0x0800a4a0       0x30 C:/ST/STM32CubeIDE_1.18.1/STM32CubeIDE/plugins/com.st.stm32cube.ide.mcu.externaltools.gnu-tools-for-stm32.13.3.rel1.win32_1.0.0.202411081344/tools/bin/../lib/gcc/arm-none-eabi/13.3.1/../../../../arm-none-eabi/lib/thumb/v8-m.main+fp/hard\libc_nano.a(libc_a-findfp.o)
                0x0800a4a0                __sinit
 .text._fwalk_sglue
                0x0800a4d0       0x3c C:/ST/STM32CubeIDE_1.18.1/STM32CubeIDE/plugins/com.st.stm32cube.ide.mcu.externaltools.gnu-tools-for-stm32.13.3.rel1.win32_1.0.0.202411081344/tools/bin/../lib/gcc/arm-none-eabi/13.3.1/../../../../arm-none-eabi/lib/thumb/v8-m.main+fp/hard\libc_nano.a(libc_a-fwalk.o)
                0x0800a4d0                _fwalk_sglue
 .text.printf   0x0800a50c       0x24 C:/ST/STM32CubeIDE_1.18.1/STM32CubeIDE/plugins/com.st.stm32cube.ide.mcu.externaltools.gnu-tools-for-stm32.13.3.rel1.win32_1.0.0.202411081344/tools/bin/../lib/gcc/arm-none-eabi/13.3.1/../../../../arm-none-eabi/lib/thumb/v8-m.main+fp/hard\libc_nano.a(libc_a-printf.o)
                0x0800a50c                iprintf
                0x0800a50c                printf
 .text._puts_r  0x0800a530       0xaa C:/ST/STM32CubeIDE_1.18.1/STM32CubeIDE/plugins/com.st.stm32cube.ide.mcu.externaltools.gnu-tools-for-stm32.13.3.rel1.win32_1.0.0.202411081344/tools/bin/../lib/gcc/arm-none-eabi/13.3.1/../../../../arm-none-eabi/lib/thumb/v8-m.main+fp/hard\libc_nano.a(libc_a-puts.o)
                0x0800a530                _puts_r
 *fill*         0x0800a5da        0x2 
 .text.puts     0x0800a5dc       0x10 C:/ST/STM32CubeIDE_1.18.1/STM32CubeIDE/plugins/com.st.stm32cube.ide.mcu.externaltools.gnu-tools-for-stm32.13.3.rel1.win32_1.0.0.202411081344/tools/bin/../lib/gcc/arm-none-eabi/13.3.1/../../../../arm-none-eabi/lib/thumb/v8-m.main+fp/hard\libc_nano.a(libc_a-puts.o)
                0x0800a5dc                puts
 .text.snprintf
                0x0800a5ec       0x6c C:/ST/STM32CubeIDE_1.18.1/STM32CubeIDE/plugins/com.st.stm32cube.ide.mcu.externaltools.gnu-tools-for-stm32.13.3.rel1.win32_1.0.0.202411081344/tools/bin/../lib/gcc/arm-none-eabi/13.3.1/../../../../arm-none-eabi/lib/thumb/v8-m.main+fp/hard\libc_nano.a(libc_a-snprintf.o)
                0x0800a5ec                sniprintf
                0x0800a5ec                snprintf
 .text.__sread  0x0800a658       0x22 C:/ST/STM32CubeIDE_1.18.1/STM32CubeIDE/plugins/com.st.stm32cube.ide.mcu.externaltools.gnu-tools-for-stm32.13.3.rel1.win32_1.0.0.202411081344/tools/bin/../lib/gcc/arm-none-eabi/13.3.1/../../../../arm-none-eabi/lib/thumb/v8-m.main+fp/hard\libc_nano.a(libc_a-stdio.o)
                0x0800a658                __sread
 .text.__swrite
                0x0800a67a       0x38 C:/ST/STM32CubeIDE_1.18.1/STM32CubeIDE/plugins/com.st.stm32cube.ide.mcu.externaltools.gnu-tools-for-stm32.13.3.rel1.win32_1.0.0.202411081344/tools/bin/../lib/gcc/arm-none-eabi/13.3.1/../../../../arm-none-eabi/lib/thumb/v8-m.main+fp/hard\libc_nano.a(libc_a-stdio.o)
                0x0800a67a                __swrite
 .text.__sseek  0x0800a6b2       0x24 C:/ST/STM32CubeIDE_1.18.1/STM32CubeIDE/plugins/com.st.stm32cube.ide.mcu.externaltools.gnu-tools-for-stm32.13.3.rel1.win32_1.0.0.202411081344/tools/bin/../lib/gcc/arm-none-eabi/13.3.1/../../../../arm-none-eabi/lib/thumb/v8-m.main+fp/hard\libc_nano.a(libc_a-stdio.o)
                0x0800a6b2                __sseek
 .text.__sclose
                0x0800a6d6        0x8 C:/ST/STM32CubeIDE_1.18.1/STM32CubeIDE/plugins/com.st.stm32cube.ide.mcu.externaltools.gnu-tools-for-stm32.13.3.rel1.win32_1.0.0.202411081344/tools/bin/../lib/gcc/arm-none-eabi/13.3.1/../../../../arm-none-eabi/lib/thumb/v8-m.main+fp/hard\libc_nano.a(libc_a-stdio.o)
                0x0800a6d6                __sclose
 .text.__swbuf_r
                0x0800a6de       0x7c C:/ST/STM32CubeIDE_1.18.1/STM32CubeIDE/plugins/com.st.stm32cube.ide.mcu.externaltools.gnu-tools-for-stm32.13.3.rel1.win32_1.0.0.202411081344/tools/bin/../lib/gcc/arm-none-eabi/13.3.1/../../../../arm-none-eabi/lib/thumb/v8-m.main+fp/hard\libc_nano.a(libc_a-wbuf.o)
                0x0800a6de                __swbuf_r
 *fill*         0x0800a75a        0x2 
 .text.__swsetup_r
                0x0800a75c       0xac C:/ST/STM32CubeIDE_1.18.1/STM32CubeIDE/plugins/com.st.stm32cube.ide.mcu.externaltools.gnu-tools-for-stm32.13.3.rel1.win32_1.0.0.202411081344/tools/bin/../lib/gcc/arm-none-eabi/13.3.1/../../../../arm-none-eabi/lib/thumb/v8-m.main+fp/hard\libc_nano.a(libc_a-wsetup.o)
                0x0800a75c                __swsetup_r
 .text.memset   0x0800a808       0x10 C:/ST/STM32CubeIDE_1.18.1/STM32CubeIDE/plugins/com.st.stm32cube.ide.mcu.externaltools.gnu-tools-for-stm32.13.3.rel1.win32_1.0.0.202411081344/tools/bin/../lib/gcc/arm-none-eabi/13.3.1/../../../../arm-none-eabi/lib/thumb/v8-m.main+fp/hard\libc_nano.a(libc_a-memset.o)
                0x0800a808                memset
 .text._localeconv_r
                0x0800a818        0x8 C:/ST/STM32CubeIDE_1.18.1/STM32CubeIDE/plugins/com.st.stm32cube.ide.mcu.externaltools.gnu-tools-for-stm32.13.3.rel1.win32_1.0.0.202411081344/tools/bin/../lib/gcc/arm-none-eabi/13.3.1/../../../../arm-none-eabi/lib/thumb/v8-m.main+fp/hard\libc_nano.a(libc_a-localeconv.o)
                0x0800a818                _localeconv_r
 .text._close_r
                0x0800a820       0x20 C:/ST/STM32CubeIDE_1.18.1/STM32CubeIDE/plugins/com.st.stm32cube.ide.mcu.externaltools.gnu-tools-for-stm32.13.3.rel1.win32_1.0.0.202411081344/tools/bin/../lib/gcc/arm-none-eabi/13.3.1/../../../../arm-none-eabi/lib/thumb/v8-m.main+fp/hard\libc_nano.a(libc_a-closer.o)
                0x0800a820                _close_r
 .text._lseek_r
                0x0800a840       0x24 C:/ST/STM32CubeIDE_1.18.1/STM32CubeIDE/plugins/com.st.stm32cube.ide.mcu.externaltools.gnu-tools-for-stm32.13.3.rel1.win32_1.0.0.202411081344/tools/bin/../lib/gcc/arm-none-eabi/13.3.1/../../../../arm-none-eabi/lib/thumb/v8-m.main+fp/hard\libc_nano.a(libc_a-lseekr.o)
                0x0800a840                _lseek_r
 .text._read_r  0x0800a864       0x24 C:/ST/STM32CubeIDE_1.18.1/STM32CubeIDE/plugins/com.st.stm32cube.ide.mcu.externaltools.gnu-tools-for-stm32.13.3.rel1.win32_1.0.0.202411081344/tools/bin/../lib/gcc/arm-none-eabi/13.3.1/../../../../arm-none-eabi/lib/thumb/v8-m.main+fp/hard\libc_nano.a(libc_a-readr.o)
                0x0800a864                _read_r
 .text._write_r
                0x0800a888       0x24 C:/ST/STM32CubeIDE_1.18.1/STM32CubeIDE/plugins/com.st.stm32cube.ide.mcu.externaltools.gnu-tools-for-stm32.13.3.rel1.win32_1.0.0.202411081344/tools/bin/../lib/gcc/arm-none-eabi/13.3.1/../../../../arm-none-eabi/lib/thumb/v8-m.main+fp/hard\libc_nano.a(libc_a-writer.o)
                0x0800a888                _write_r
 .text.__errno  0x0800a8ac        0xc C:/ST/STM32CubeIDE_1.18.1/STM32CubeIDE/plugins/com.st.stm32cube.ide.mcu.externaltools.gnu-tools-for-stm32.13.3.rel1.win32_1.0.0.202411081344/tools/bin/../lib/gcc/arm-none-eabi/13.3.1/../../../../arm-none-eabi/lib/thumb/v8-m.main+fp/hard\libc_nano.a(libc_a-errno.o)
                0x0800a8ac                __errno
 .text.__libc_init_array
                0x0800a8b8       0x48 C:/ST/STM32CubeIDE_1.18.1/STM32CubeIDE/plugins/com.st.stm32cube.ide.mcu.externaltools.gnu-tools-for-stm32.13.3.rel1.win32_1.0.0.202411081344/tools/bin/../lib/gcc/arm-none-eabi/13.3.1/../../../../arm-none-eabi/lib/thumb/v8-m.main+fp/hard\libc_nano.a(libc_a-init.o)
                0x0800a8b8                __libc_init_array
 .text.__retarget_lock_init_recursive
                0x0800a900        0x2 C:/ST/STM32CubeIDE_1.18.1/STM32CubeIDE/plugins/com.st.stm32cube.ide.mcu.externaltools.gnu-tools-for-stm32.13.3.rel1.win32_1.0.0.202411081344/tools/bin/../lib/gcc/arm-none-eabi/13.3.1/../../../../arm-none-eabi/lib/thumb/v8-m.main+fp/hard\libc_nano.a(libc_a-lock.o)
                0x0800a900                __retarget_lock_init_recursive
 .text.__retarget_lock_acquire_recursive
                0x0800a902        0x2 C:/ST/STM32CubeIDE_1.18.1/STM32CubeIDE/plugins/com.st.stm32cube.ide.mcu.externaltools.gnu-tools-for-stm32.13.3.rel1.win32_1.0.0.202411081344/tools/bin/../lib/gcc/arm-none-eabi/13.3.1/../../../../arm-none-eabi/lib/thumb/v8-m.main+fp/hard\libc_nano.a(libc_a-lock.o)
                0x0800a902                __retarget_lock_acquire_recursive
 .text.__retarget_lock_release_recursive
                0x0800a904        0x2 C:/ST/STM32CubeIDE_1.18.1/STM32CubeIDE/plugins/com.st.stm32cube.ide.mcu.externaltools.gnu-tools-for-stm32.13.3.rel1.win32_1.0.0.202411081344/tools/bin/../lib/gcc/arm-none-eabi/13.3.1/../../../../arm-none-eabi/lib/thumb/v8-m.main+fp/hard\libc_nano.a(libc_a-lock.o)
                0x0800a904                __retarget_lock_release_recursive
 .text.memchr   0x0800a906       0x1c C:/ST/STM32CubeIDE_1.18.1/STM32CubeIDE/plugins/com.st.stm32cube.ide.mcu.externaltools.gnu-tools-for-stm32.13.3.rel1.win32_1.0.0.202411081344/tools/bin/../lib/gcc/arm-none-eabi/13.3.1/../../../../arm-none-eabi/lib/thumb/v8-m.main+fp/hard\libc_nano.a(libc_a-memchr-stub.o)
                0x0800a906                memchr
 .text.memcpy   0x0800a922       0x1a C:/ST/STM32CubeIDE_1.18.1/STM32CubeIDE/plugins/com.st.stm32cube.ide.mcu.externaltools.gnu-tools-for-stm32.13.3.rel1.win32_1.0.0.202411081344/tools/bin/../lib/gcc/arm-none-eabi/13.3.1/../../../../arm-none-eabi/lib/thumb/v8-m.main+fp/hard\libc_nano.a(libc_a-memcpy-stub.o)
                0x0800a922                memcpy
 .text.quorem   0x0800a93c      0x11a C:/ST/STM32CubeIDE_1.18.1/STM32CubeIDE/plugins/com.st.stm32cube.ide.mcu.externaltools.gnu-tools-for-stm32.13.3.rel1.win32_1.0.0.202411081344/tools/bin/../lib/gcc/arm-none-eabi/13.3.1/../../../../arm-none-eabi/lib/thumb/v8-m.main+fp/hard\libc_nano.a(libc_a-dtoa.o)
 *fill*         0x0800aa56        0x2 
 .text._dtoa_r  0x0800aa58      0xba4 C:/ST/STM32CubeIDE_1.18.1/STM32CubeIDE/plugins/com.st.stm32cube.ide.mcu.externaltools.gnu-tools-for-stm32.13.3.rel1.win32_1.0.0.202411081344/tools/bin/../lib/gcc/arm-none-eabi/13.3.1/../../../../arm-none-eabi/lib/thumb/v8-m.main+fp/hard\libc_nano.a(libc_a-dtoa.o)
                0x0800aa58                _dtoa_r
 .text._free_r  0x0800b5fc       0x94 C:/ST/STM32CubeIDE_1.18.1/STM32CubeIDE/plugins/com.st.stm32cube.ide.mcu.externaltools.gnu-tools-for-stm32.13.3.rel1.win32_1.0.0.202411081344/tools/bin/../lib/gcc/arm-none-eabi/13.3.1/../../../../arm-none-eabi/lib/thumb/v8-m.main+fp/hard\libc_nano.a(libc_a-freer.o)
                0x0800b5fc                _free_r
 .text.malloc   0x0800b690       0x10 C:/ST/STM32CubeIDE_1.18.1/STM32CubeIDE/plugins/com.st.stm32cube.ide.mcu.externaltools.gnu-tools-for-stm32.13.3.rel1.win32_1.0.0.202411081344/tools/bin/../lib/gcc/arm-none-eabi/13.3.1/../../../../arm-none-eabi/lib/thumb/v8-m.main+fp/hard\libc_nano.a(libc_a-malloc.o)
                0x0800b690                malloc
 .text.sbrk_aligned
                0x0800b6a0       0x44 C:/ST/STM32CubeIDE_1.18.1/STM32CubeIDE/plugins/com.st.stm32cube.ide.mcu.externaltools.gnu-tools-for-stm32.13.3.rel1.win32_1.0.0.202411081344/tools/bin/../lib/gcc/arm-none-eabi/13.3.1/../../../../arm-none-eabi/lib/thumb/v8-m.main+fp/hard\libc_nano.a(libc_a-mallocr.o)
 .text._malloc_r
                0x0800b6e4      0x100 C:/ST/STM32CubeIDE_1.18.1/STM32CubeIDE/plugins/com.st.stm32cube.ide.mcu.externaltools.gnu-tools-for-stm32.13.3.rel1.win32_1.0.0.202411081344/tools/bin/../lib/gcc/arm-none-eabi/13.3.1/../../../../arm-none-eabi/lib/thumb/v8-m.main+fp/hard\libc_nano.a(libc_a-mallocr.o)
                0x0800b6e4                _malloc_r
 .text.__malloc_lock
                0x0800b7e4        0xc C:/ST/STM32CubeIDE_1.18.1/STM32CubeIDE/plugins/com.st.stm32cube.ide.mcu.externaltools.gnu-tools-for-stm32.13.3.rel1.win32_1.0.0.202411081344/tools/bin/../lib/gcc/arm-none-eabi/13.3.1/../../../../arm-none-eabi/lib/thumb/v8-m.main+fp/hard\libc_nano.a(libc_a-mlock.o)
                0x0800b7e4                __malloc_lock
 .text.__malloc_unlock
                0x0800b7f0        0xc C:/ST/STM32CubeIDE_1.18.1/STM32CubeIDE/plugins/com.st.stm32cube.ide.mcu.externaltools.gnu-tools-for-stm32.13.3.rel1.win32_1.0.0.202411081344/tools/bin/../lib/gcc/arm-none-eabi/13.3.1/../../../../arm-none-eabi/lib/thumb/v8-m.main+fp/hard\libc_nano.a(libc_a-mlock.o)
                0x0800b7f0                __malloc_unlock
 .text._Balloc  0x0800b7fc       0x80 C:/ST/STM32CubeIDE_1.18.1/STM32CubeIDE/plugins/com.st.stm32cube.ide.mcu.externaltools.gnu-tools-for-stm32.13.3.rel1.win32_1.0.0.202411081344/tools/bin/../lib/gcc/arm-none-eabi/13.3.1/../../../../arm-none-eabi/lib/thumb/v8-m.main+fp/hard\libc_nano.a(libc_a-mprec.o)
                0x0800b7fc                _Balloc
 .text._Bfree   0x0800b87c       0x44 C:/ST/STM32CubeIDE_1.18.1/STM32CubeIDE/plugins/com.st.stm32cube.ide.mcu.externaltools.gnu-tools-for-stm32.13.3.rel1.win32_1.0.0.202411081344/tools/bin/../lib/gcc/arm-none-eabi/13.3.1/../../../../arm-none-eabi/lib/thumb/v8-m.main+fp/hard\libc_nano.a(libc_a-mprec.o)
                0x0800b87c                _Bfree
 .text.__multadd
                0x0800b8c0       0x90 C:/ST/STM32CubeIDE_1.18.1/STM32CubeIDE/plugins/com.st.stm32cube.ide.mcu.externaltools.gnu-tools-for-stm32.13.3.rel1.win32_1.0.0.202411081344/tools/bin/../lib/gcc/arm-none-eabi/13.3.1/../../../../arm-none-eabi/lib/thumb/v8-m.main+fp/hard\libc_nano.a(libc_a-mprec.o)
                0x0800b8c0                __multadd
 .text.__hi0bits
                0x0800b950       0x3e C:/ST/STM32CubeIDE_1.18.1/STM32CubeIDE/plugins/com.st.stm32cube.ide.mcu.externaltools.gnu-tools-for-stm32.13.3.rel1.win32_1.0.0.202411081344/tools/bin/../lib/gcc/arm-none-eabi/13.3.1/../../../../arm-none-eabi/lib/thumb/v8-m.main+fp/hard\libc_nano.a(libc_a-mprec.o)
                0x0800b950                __hi0bits
 .text.__lo0bits
                0x0800b98e       0x5a C:/ST/STM32CubeIDE_1.18.1/STM32CubeIDE/plugins/com.st.stm32cube.ide.mcu.externaltools.gnu-tools-for-stm32.13.3.rel1.win32_1.0.0.202411081344/tools/bin/../lib/gcc/arm-none-eabi/13.3.1/../../../../arm-none-eabi/lib/thumb/v8-m.main+fp/hard\libc_nano.a(libc_a-mprec.o)
                0x0800b98e                __lo0bits
 .text.__i2b    0x0800b9e8       0x2c C:/ST/STM32CubeIDE_1.18.1/STM32CubeIDE/plugins/com.st.stm32cube.ide.mcu.externaltools.gnu-tools-for-stm32.13.3.rel1.win32_1.0.0.202411081344/tools/bin/../lib/gcc/arm-none-eabi/13.3.1/../../../../arm-none-eabi/lib/thumb/v8-m.main+fp/hard\libc_nano.a(libc_a-mprec.o)
                0x0800b9e8                __i2b
 .text.__multiply
                0x0800ba14      0x148 C:/ST/STM32CubeIDE_1.18.1/STM32CubeIDE/plugins/com.st.stm32cube.ide.mcu.externaltools.gnu-tools-for-stm32.13.3.rel1.win32_1.0.0.202411081344/tools/bin/../lib/gcc/arm-none-eabi/13.3.1/../../../../arm-none-eabi/lib/thumb/v8-m.main+fp/hard\libc_nano.a(libc_a-mprec.o)
                0x0800ba14                __multiply
 .text.__pow5mult
                0x0800bb5c       0xb4 C:/ST/STM32CubeIDE_1.18.1/STM32CubeIDE/plugins/com.st.stm32cube.ide.mcu.externaltools.gnu-tools-for-stm32.13.3.rel1.win32_1.0.0.202411081344/tools/bin/../lib/gcc/arm-none-eabi/13.3.1/../../../../arm-none-eabi/lib/thumb/v8-m.main+fp/hard\libc_nano.a(libc_a-mprec.o)
                0x0800bb5c                __pow5mult
 .text.__lshift
                0x0800bc10       0xd8 C:/ST/STM32CubeIDE_1.18.1/STM32CubeIDE/plugins/com.st.stm32cube.ide.mcu.externaltools.gnu-tools-for-stm32.13.3.rel1.win32_1.0.0.202411081344/tools/bin/../lib/gcc/arm-none-eabi/13.3.1/../../../../arm-none-eabi/lib/thumb/v8-m.main+fp/hard\libc_nano.a(libc_a-mprec.o)
                0x0800bc10                __lshift
 .text.__mcmp   0x0800bce8       0x36 C:/ST/STM32CubeIDE_1.18.1/STM32CubeIDE/plugins/com.st.stm32cube.ide.mcu.externaltools.gnu-tools-for-stm32.13.3.rel1.win32_1.0.0.202411081344/tools/bin/../lib/gcc/arm-none-eabi/13.3.1/../../../../arm-none-eabi/lib/thumb/v8-m.main+fp/hard\libc_nano.a(libc_a-mprec.o)
                0x0800bce8                __mcmp
 *fill*         0x0800bd1e        0x2 
 .text.__mdiff  0x0800bd20      0x130 C:/ST/STM32CubeIDE_1.18.1/STM32CubeIDE/plugins/com.st.stm32cube.ide.mcu.externaltools.gnu-tools-for-stm32.13.3.rel1.win32_1.0.0.202411081344/tools/bin/../lib/gcc/arm-none-eabi/13.3.1/../../../../arm-none-eabi/lib/thumb/v8-m.main+fp/hard\libc_nano.a(libc_a-mprec.o)
                0x0800bd20                __mdiff
 .text.__d2b    0x0800be50       0xb0 C:/ST/STM32CubeIDE_1.18.1/STM32CubeIDE/plugins/com.st.stm32cube.ide.mcu.externaltools.gnu-tools-for-stm32.13.3.rel1.win32_1.0.0.202411081344/tools/bin/../lib/gcc/arm-none-eabi/13.3.1/../../../../arm-none-eabi/lib/thumb/v8-m.main+fp/hard\libc_nano.a(libc_a-mprec.o)
                0x0800be50                __d2b
 .text.__ssputs_r
                0x0800bf00       0xb6 C:/ST/STM32CubeIDE_1.18.1/STM32CubeIDE/plugins/com.st.stm32cube.ide.mcu.externaltools.gnu-tools-for-stm32.13.3.rel1.win32_1.0.0.202411081344/tools/bin/../lib/gcc/arm-none-eabi/13.3.1/../../../../arm-none-eabi/lib/thumb/v8-m.main+fp/hard\libc_nano.a(libc_a-nano-svfprintf.o)
                0x0800bf00                __ssputs_r
 *fill*         0x0800bfb6        0x2 
 .text._svfprintf_r
                0x0800bfb8      0x1f8 C:/ST/STM32CubeIDE_1.18.1/STM32CubeIDE/plugins/com.st.stm32cube.ide.mcu.externaltools.gnu-tools-for-stm32.13.3.rel1.win32_1.0.0.202411081344/tools/bin/../lib/gcc/arm-none-eabi/13.3.1/../../../../arm-none-eabi/lib/thumb/v8-m.main+fp/hard\libc_nano.a(libc_a-nano-svfprintf.o)
                0x0800bfb8                _svfiprintf_r
                0x0800bfb8                _svfprintf_r
 .text.__sfputc_r
                0x0800c1b0       0x2e C:/ST/STM32CubeIDE_1.18.1/STM32CubeIDE/plugins/com.st.stm32cube.ide.mcu.externaltools.gnu-tools-for-stm32.13.3.rel1.win32_1.0.0.202411081344/tools/bin/../lib/gcc/arm-none-eabi/13.3.1/../../../../arm-none-eabi/lib/thumb/v8-m.main+fp/hard\libc_nano.a(libc_a-nano-vfprintf.o)
 .text.__sfputs_r
                0x0800c1de       0x24 C:/ST/STM32CubeIDE_1.18.1/STM32CubeIDE/plugins/com.st.stm32cube.ide.mcu.externaltools.gnu-tools-for-stm32.13.3.rel1.win32_1.0.0.202411081344/tools/bin/../lib/gcc/arm-none-eabi/13.3.1/../../../../arm-none-eabi/lib/thumb/v8-m.main+fp/hard\libc_nano.a(libc_a-nano-vfprintf.o)
                0x0800c1de                __sfputs_r
 *fill*         0x0800c202        0x2 
 .text._vfprintf_r
                0x0800c204      0x230 C:/ST/STM32CubeIDE_1.18.1/STM32CubeIDE/plugins/com.st.stm32cube.ide.mcu.externaltools.gnu-tools-for-stm32.13.3.rel1.win32_1.0.0.202411081344/tools/bin/../lib/gcc/arm-none-eabi/13.3.1/../../../../arm-none-eabi/lib/thumb/v8-m.main+fp/hard\libc_nano.a(libc_a-nano-vfprintf.o)
                0x0800c204                _vfprintf_r
                0x0800c204                _vfiprintf_r
 .text.__sflush_r
                0x0800c434      0x108 C:/ST/STM32CubeIDE_1.18.1/STM32CubeIDE/plugins/com.st.stm32cube.ide.mcu.externaltools.gnu-tools-for-stm32.13.3.rel1.win32_1.0.0.202411081344/tools/bin/../lib/gcc/arm-none-eabi/13.3.1/../../../../arm-none-eabi/lib/thumb/v8-m.main+fp/hard\libc_nano.a(libc_a-fflush.o)
                0x0800c434                __sflush_r
 .text._fflush_r
                0x0800c53c       0x50 C:/ST/STM32CubeIDE_1.18.1/STM32CubeIDE/plugins/com.st.stm32cube.ide.mcu.externaltools.gnu-tools-for-stm32.13.3.rel1.win32_1.0.0.202411081344/tools/bin/../lib/gcc/arm-none-eabi/13.3.1/../../../../arm-none-eabi/lib/thumb/v8-m.main+fp/hard\libc_nano.a(libc_a-fflush.o)
                0x0800c53c                _fflush_r
 .text.__swhatbuf_r
                0x0800c58c       0x4a C:/ST/STM32CubeIDE_1.18.1/STM32CubeIDE/plugins/com.st.stm32cube.ide.mcu.externaltools.gnu-tools-for-stm32.13.3.rel1.win32_1.0.0.202411081344/tools/bin/../lib/gcc/arm-none-eabi/13.3.1/../../../../arm-none-eabi/lib/thumb/v8-m.main+fp/hard\libc_nano.a(libc_a-makebuf.o)
                0x0800c58c                __swhatbuf_r
 .text.__smakebuf_r
                0x0800c5d6       0x78 C:/ST/STM32CubeIDE_1.18.1/STM32CubeIDE/plugins/com.st.stm32cube.ide.mcu.externaltools.gnu-tools-for-stm32.13.3.rel1.win32_1.0.0.202411081344/tools/bin/../lib/gcc/arm-none-eabi/13.3.1/../../../../arm-none-eabi/lib/thumb/v8-m.main+fp/hard\libc_nano.a(libc_a-makebuf.o)
                0x0800c5d6                __smakebuf_r
 .text.memmove  0x0800c64e       0x34 C:/ST/STM32CubeIDE_1.18.1/STM32CubeIDE/plugins/com.st.stm32cube.ide.mcu.externaltools.gnu-tools-for-stm32.13.3.rel1.win32_1.0.0.202411081344/tools/bin/../lib/gcc/arm-none-eabi/13.3.1/../../../../arm-none-eabi/lib/thumb/v8-m.main+fp/hard\libc_nano.a(libc_a-memmove.o)
                0x0800c64e                memmove
 *fill*         0x0800c682        0x2 
 .text._fstat_r
                0x0800c684       0x24 C:/ST/STM32CubeIDE_1.18.1/STM32CubeIDE/plugins/com.st.stm32cube.ide.mcu.externaltools.gnu-tools-for-stm32.13.3.rel1.win32_1.0.0.202411081344/tools/bin/../lib/gcc/arm-none-eabi/13.3.1/../../../../arm-none-eabi/lib/thumb/v8-m.main+fp/hard\libc_nano.a(libc_a-fstatr.o)
                0x0800c684                _fstat_r
 .text._isatty_r
                0x0800c6a8       0x20 C:/ST/STM32CubeIDE_1.18.1/STM32CubeIDE/plugins/com.st.stm32cube.ide.mcu.externaltools.gnu-tools-for-stm32.13.3.rel1.win32_1.0.0.202411081344/tools/bin/../lib/gcc/arm-none-eabi/13.3.1/../../../../arm-none-eabi/lib/thumb/v8-m.main+fp/hard\libc_nano.a(libc_a-isattyr.o)
                0x0800c6a8                _isatty_r
 .text._sbrk_r  0x0800c6c8       0x20 C:/ST/STM32CubeIDE_1.18.1/STM32CubeIDE/plugins/com.st.stm32cube.ide.mcu.externaltools.gnu-tools-for-stm32.13.3.rel1.win32_1.0.0.202411081344/tools/bin/../lib/gcc/arm-none-eabi/13.3.1/../../../../arm-none-eabi/lib/thumb/v8-m.main+fp/hard\libc_nano.a(libc_a-sbrkr.o)
                0x0800c6c8                _sbrk_r
 .text.__assert_func
                0x0800c6e8       0x3c C:/ST/STM32CubeIDE_1.18.1/STM32CubeIDE/plugins/com.st.stm32cube.ide.mcu.externaltools.gnu-tools-for-stm32.13.3.rel1.win32_1.0.0.202411081344/tools/bin/../lib/gcc/arm-none-eabi/13.3.1/../../../../arm-none-eabi/lib/thumb/v8-m.main+fp/hard\libc_nano.a(libc_a-assert.o)
                0x0800c6e8                __assert_func
 .text._calloc_r
                0x0800c724       0x28 C:/ST/STM32CubeIDE_1.18.1/STM32CubeIDE/plugins/com.st.stm32cube.ide.mcu.externaltools.gnu-tools-for-stm32.13.3.rel1.win32_1.0.0.202411081344/tools/bin/../lib/gcc/arm-none-eabi/13.3.1/../../../../arm-none-eabi/lib/thumb/v8-m.main+fp/hard\libc_nano.a(libc_a-callocr.o)
                0x0800c724                _calloc_r
 .text.__ascii_mbtowc
                0x0800c74c       0x24 C:/ST/STM32CubeIDE_1.18.1/STM32CubeIDE/plugins/com.st.stm32cube.ide.mcu.externaltools.gnu-tools-for-stm32.13.3.rel1.win32_1.0.0.202411081344/tools/bin/../lib/gcc/arm-none-eabi/13.3.1/../../../../arm-none-eabi/lib/thumb/v8-m.main+fp/hard\libc_nano.a(libc_a-mbtowc_r.o)
                0x0800c74c                __ascii_mbtowc
 .text._realloc_r
                0x0800c770       0x5c C:/ST/STM32CubeIDE_1.18.1/STM32CubeIDE/plugins/com.st.stm32cube.ide.mcu.externaltools.gnu-tools-for-stm32.13.3.rel1.win32_1.0.0.202411081344/tools/bin/../lib/gcc/arm-none-eabi/13.3.1/../../../../arm-none-eabi/lib/thumb/v8-m.main+fp/hard\libc_nano.a(libc_a-reallocr.o)
                0x0800c770                _realloc_r
 .text.__ascii_wctomb
                0x0800c7cc       0x1a C:/ST/STM32CubeIDE_1.18.1/STM32CubeIDE/plugins/com.st.stm32cube.ide.mcu.externaltools.gnu-tools-for-stm32.13.3.rel1.win32_1.0.0.202411081344/tools/bin/../lib/gcc/arm-none-eabi/13.3.1/../../../../arm-none-eabi/lib/thumb/v8-m.main+fp/hard\libc_nano.a(libc_a-wctomb_r.o)
                0x0800c7cc                __ascii_wctomb
 *fill*         0x0800c7e6        0x2 
 .text.fprintf  0x0800c7e8       0x24 C:/ST/STM32CubeIDE_1.18.1/STM32CubeIDE/plugins/com.st.stm32cube.ide.mcu.externaltools.gnu-tools-for-stm32.13.3.rel1.win32_1.0.0.202411081344/tools/bin/../lib/gcc/arm-none-eabi/13.3.1/../../../../arm-none-eabi/lib/thumb/v8-m.main+fp/hard\libc_nano.a(libc_a-fprintf.o)
                0x0800c7e8                fiprintf
                0x0800c7e8                fprintf
 .text.abort    0x0800c80c        0xe C:/ST/STM32CubeIDE_1.18.1/STM32CubeIDE/plugins/com.st.stm32cube.ide.mcu.externaltools.gnu-tools-for-stm32.13.3.rel1.win32_1.0.0.202411081344/tools/bin/../lib/gcc/arm-none-eabi/13.3.1/../../../../arm-none-eabi/lib/thumb/v8-m.main+fp/hard\libc_nano.a(libc_a-abort.o)
                0x0800c80c                abort
 .text._malloc_usable_size_r
                0x0800c81a       0x10 C:/ST/STM32CubeIDE_1.18.1/STM32CubeIDE/plugins/com.st.stm32cube.ide.mcu.externaltools.gnu-tools-for-stm32.13.3.rel1.win32_1.0.0.202411081344/tools/bin/../lib/gcc/arm-none-eabi/13.3.1/../../../../arm-none-eabi/lib/thumb/v8-m.main+fp/hard\libc_nano.a(libc_a-msizer.o)
                0x0800c81a                _malloc_usable_size_r
 .text._raise_r
                0x0800c82a       0x50 C:/ST/STM32CubeIDE_1.18.1/STM32CubeIDE/plugins/com.st.stm32cube.ide.mcu.externaltools.gnu-tools-for-stm32.13.3.rel1.win32_1.0.0.202411081344/tools/bin/../lib/gcc/arm-none-eabi/13.3.1/../../../../arm-none-eabi/lib/thumb/v8-m.main+fp/hard\libc_nano.a(libc_a-signal.o)
                0x0800c82a                _raise_r
 *fill*         0x0800c87a        0x2 
 .text.raise    0x0800c87c       0x10 C:/ST/STM32CubeIDE_1.18.1/STM32CubeIDE/plugins/com.st.stm32cube.ide.mcu.externaltools.gnu-tools-for-stm32.13.3.rel1.win32_1.0.0.202411081344/tools/bin/../lib/gcc/arm-none-eabi/13.3.1/../../../../arm-none-eabi/lib/thumb/v8-m.main+fp/hard\libc_nano.a(libc_a-signal.o)
                0x0800c87c                raise
 .text._kill_r  0x0800c88c       0x24 C:/ST/STM32CubeIDE_1.18.1/STM32CubeIDE/plugins/com.st.stm32cube.ide.mcu.externaltools.gnu-tools-for-stm32.13.3.rel1.win32_1.0.0.202411081344/tools/bin/../lib/gcc/arm-none-eabi/13.3.1/../../../../arm-none-eabi/lib/thumb/v8-m.main+fp/hard\libc_nano.a(libc_a-signalr.o)
                0x0800c88c                _kill_r
 .text._getpid_r
                0x0800c8b0        0x4 C:/ST/STM32CubeIDE_1.18.1/STM32CubeIDE/plugins/com.st.stm32cube.ide.mcu.externaltools.gnu-tools-for-stm32.13.3.rel1.win32_1.0.0.202411081344/tools/bin/../lib/gcc/arm-none-eabi/13.3.1/../../../../arm-none-eabi/lib/thumb/v8-m.main+fp/hard\libc_nano.a(libc_a-signalr.o)
                0x0800c8b0                _getpid_r
 *(.glue_7)
 .glue_7        0x0800c8b4        0x0 linker stubs
 *(.glue_7t)
 .glue_7t       0x0800c8b4        0x0 linker stubs
 *(.eh_frame)
 .eh_frame      0x0800c8b4        0x0 C:/ST/STM32CubeIDE_1.18.1/STM32CubeIDE/plugins/com.st.stm32cube.ide.mcu.externaltools.gnu-tools-for-stm32.13.3.rel1.win32_1.0.0.202411081344/tools/bin/../lib/gcc/arm-none-eabi/13.3.1/thumb/v8-m.main+fp/hard/crtbegin.o
 *(.init)
 .init          0x0800c8b4        0x4 C:/ST/STM32CubeIDE_1.18.1/STM32CubeIDE/plugins/com.st.stm32cube.ide.mcu.externaltools.gnu-tools-for-stm32.13.3.rel1.win32_1.0.0.202411081344/tools/bin/../lib/gcc/arm-none-eabi/13.3.1/thumb/v8-m.main+fp/hard/crti.o
                0x0800c8b4                _init
 .init          0x0800c8b8        0x8 C:/ST/STM32CubeIDE_1.18.1/STM32CubeIDE/plugins/com.st.stm32cube.ide.mcu.externaltools.gnu-tools-for-stm32.13.3.rel1.win32_1.0.0.202411081344/tools/bin/../lib/gcc/arm-none-eabi/13.3.1/thumb/v8-m.main+fp/hard/crtn.o
 *(.fini)
 .fini          0x0800c8c0        0x4 C:/ST/STM32CubeIDE_1.18.1/STM32CubeIDE/plugins/com.st.stm32cube.ide.mcu.externaltools.gnu-tools-for-stm32.13.3.rel1.win32_1.0.0.202411081344/tools/bin/../lib/gcc/arm-none-eabi/13.3.1/thumb/v8-m.main+fp/hard/crti.o
                0x0800c8c0                _fini
 .fini          0x0800c8c4        0x8 C:/ST/STM32CubeIDE_1.18.1/STM32CubeIDE/plugins/com.st.stm32cube.ide.mcu.externaltools.gnu-tools-for-stm32.13.3.rel1.win32_1.0.0.202411081344/tools/bin/../lib/gcc/arm-none-eabi/13.3.1/thumb/v8-m.main+fp/hard/crtn.o
                0x0800c8cc                        . = ALIGN (0x4)
                0x0800c8cc                        _etext = .

.vfp11_veneer   0x0800c8cc        0x0
 .vfp11_veneer  0x0800c8cc        0x0 linker stubs

.v4_bx          0x0800c8cc        0x0
 .v4_bx         0x0800c8cc        0x0 linker stubs

.iplt           0x0800c8cc        0x0
 .iplt          0x0800c8cc        0x0 C:/ST/STM32CubeIDE_1.18.1/STM32CubeIDE/plugins/com.st.stm32cube.ide.mcu.externaltools.gnu-tools-for-stm32.13.3.rel1.win32_1.0.0.202411081344/tools/bin/../lib/gcc/arm-none-eabi/13.3.1/thumb/v8-m.main+fp/hard/crtbegin.o

.rodata         0x0800c8d0    0x17484
                0x0800c8d0                        . = ALIGN (0x4)
 *(.rodata)
 .rodata        0x0800c8d0      0x26d ./Core/Src/main.o
 *(.rodata*)
 *fill*         0x0800cb3d        0x3 
 .rodata.image_data_Image
                0x0800cb40    0x16b00 ./Core/Src/Image.o
                0x0800cb40                image_data_Image
 .rodata.Image  0x08023640        0xc ./Core/Src/Image.o
                0x08023640                Image
 .rodata.font8x8_basic
                0x0802364c      0x300 ./Core/Src/font8x8_basic.o
                0x0802364c                font8x8_basic
 .rodata.AHBPrescTable
                0x0802394c       0x10 ./Core/Src/system_stm32u3xx.o
                0x0802394c                AHBPrescTable
 .rodata.APBPrescTable
                0x0802395c        0x8 ./Core/Src/system_stm32u3xx.o
                0x0802395c                APBPrescTable
 .rodata.BUTTON_EXTI_LINE.2
                0x08023964        0x4 ./Drivers/BSP/STM32U3xx_Nucleo/stm32u3xx_nucleo.o
 .rodata.ADC_CHANNEL_LUT
                0x08023968       0x4c ./Drivers/STM32U3xx_HAL_Driver/Src/stm32u3xx_hal_adc.o
 .rodata.UARTPrescTable
                0x080239b4       0x18 ./Drivers/STM32U3xx_HAL_Driver/Src/stm32u3xx_hal_uart.o
                0x080239b4                UARTPrescTable
 .rodata.numerator.1
                0x080239cc        0x8 ./Drivers/STM32U3xx_HAL_Driver/Src/stm32u3xx_hal_uart_ex.o
 .rodata.denominator.0
                0x080239d4        0x8 ./Drivers/STM32U3xx_HAL_Driver/Src/stm32u3xx_hal_uart_ex.o
 .rodata._printf_float.str1.1
                0x080239dc      0x171 C:/ST/STM32CubeIDE_1.18.1/STM32CubeIDE/plugins/com.st.stm32cube.ide.mcu.externaltools.gnu-tools-for-stm32.13.3.rel1.win32_1.0.0.202411081344/tools/bin/../lib/gcc/arm-none-eabi/13.3.1/../../../../arm-none-eabi/lib/thumb/v8-m.main+fp/hard\libc_nano.a(libc_a-nano-vfprintf_float.o)
                                 0x12 (size before relaxing)
 .rodata._printf_i.str1.1
                0x08023b4d       0x22 C:/ST/STM32CubeIDE_1.18.1/STM32CubeIDE/plugins/com.st.stm32cube.ide.mcu.externaltools.gnu-tools-for-stm32.13.3.rel1.win32_1.0.0.202411081344/tools/bin/../lib/gcc/arm-none-eabi/13.3.1/../../../../arm-none-eabi/lib/thumb/v8-m.main+fp/hard\libc_nano.a(libc_a-nano-vfprintf_i.o)
 .rodata._dtoa_r.str1.1
                0x08023b4d       0x8f C:/ST/STM32CubeIDE_1.18.1/STM32CubeIDE/plugins/com.st.stm32cube.ide.mcu.externaltools.gnu-tools-for-stm32.13.3.rel1.win32_1.0.0.202411081344/tools/bin/../lib/gcc/arm-none-eabi/13.3.1/../../../../arm-none-eabi/lib/thumb/v8-m.main+fp/hard\libc_nano.a(libc_a-dtoa.o)
 .rodata._Balloc.str1.1
                0x08023b4d       0x70 C:/ST/STM32CubeIDE_1.18.1/STM32CubeIDE/plugins/com.st.stm32cube.ide.mcu.externaltools.gnu-tools-for-stm32.13.3.rel1.win32_1.0.0.202411081344/tools/bin/../lib/gcc/arm-none-eabi/13.3.1/../../../../arm-none-eabi/lib/thumb/v8-m.main+fp/hard\libc_nano.a(libc_a-mprec.o)
 .rodata.__multadd.str1.1
                0x08023b4d       0x11 C:/ST/STM32CubeIDE_1.18.1/STM32CubeIDE/plugins/com.st.stm32cube.ide.mcu.externaltools.gnu-tools-for-stm32.13.3.rel1.win32_1.0.0.202411081344/tools/bin/../lib/gcc/arm-none-eabi/13.3.1/../../../../arm-none-eabi/lib/thumb/v8-m.main+fp/hard\libc_nano.a(libc_a-mprec.o)
 *fill*         0x08023b4d        0x3 
 .rodata.p05.0  0x08023b50        0xc C:/ST/STM32CubeIDE_1.18.1/STM32CubeIDE/plugins/com.st.stm32cube.ide.mcu.externaltools.gnu-tools-for-stm32.13.3.rel1.win32_1.0.0.202411081344/tools/bin/../lib/gcc/arm-none-eabi/13.3.1/../../../../arm-none-eabi/lib/thumb/v8-m.main+fp/hard\libc_nano.a(libc_a-mprec.o)
 *fill*         0x08023b5c        0x4 
 .rodata.__mprec_bigtens
                0x08023b60       0x28 C:/ST/STM32CubeIDE_1.18.1/STM32CubeIDE/plugins/com.st.stm32cube.ide.mcu.externaltools.gnu-tools-for-stm32.13.3.rel1.win32_1.0.0.202411081344/tools/bin/../lib/gcc/arm-none-eabi/13.3.1/../../../../arm-none-eabi/lib/thumb/v8-m.main+fp/hard\libc_nano.a(libc_a-mprec.o)
                0x08023b60                __mprec_bigtens
 .rodata.__mprec_tens
                0x08023b88       0xc8 C:/ST/STM32CubeIDE_1.18.1/STM32CubeIDE/plugins/com.st.stm32cube.ide.mcu.externaltools.gnu-tools-for-stm32.13.3.rel1.win32_1.0.0.202411081344/tools/bin/../lib/gcc/arm-none-eabi/13.3.1/../../../../arm-none-eabi/lib/thumb/v8-m.main+fp/hard\libc_nano.a(libc_a-mprec.o)
                0x08023b88                __mprec_tens
 .rodata._svfprintf_r.str1.1
                0x08023c50       0x11 C:/ST/STM32CubeIDE_1.18.1/STM32CubeIDE/plugins/com.st.stm32cube.ide.mcu.externaltools.gnu-tools-for-stm32.13.3.rel1.win32_1.0.0.202411081344/tools/bin/../lib/gcc/arm-none-eabi/13.3.1/../../../../arm-none-eabi/lib/thumb/v8-m.main+fp/hard\libc_nano.a(libc_a-nano-svfprintf.o)
 .rodata._vfprintf_r.str1.1
                0x08023c50       0x11 C:/ST/STM32CubeIDE_1.18.1/STM32CubeIDE/plugins/com.st.stm32cube.ide.mcu.externaltools.gnu-tools-for-stm32.13.3.rel1.win32_1.0.0.202411081344/tools/bin/../lib/gcc/arm-none-eabi/13.3.1/../../../../arm-none-eabi/lib/thumb/v8-m.main+fp/hard\libc_nano.a(libc_a-nano-vfprintf.o)
 .rodata._setlocale_r.str1.1
                0x08023c50        0x9 C:/ST/STM32CubeIDE_1.18.1/STM32CubeIDE/plugins/com.st.stm32cube.ide.mcu.externaltools.gnu-tools-for-stm32.13.3.rel1.win32_1.0.0.202411081344/tools/bin/../lib/gcc/arm-none-eabi/13.3.1/../../../../arm-none-eabi/lib/thumb/v8-m.main+fp/hard\libc_nano.a(libc_a-locale.o)
 .rodata.str1.1
                0x08023c50        0x2 C:/ST/STM32CubeIDE_1.18.1/STM32CubeIDE/plugins/com.st.stm32cube.ide.mcu.externaltools.gnu-tools-for-stm32.13.3.rel1.win32_1.0.0.202411081344/tools/bin/../lib/gcc/arm-none-eabi/13.3.1/../../../../arm-none-eabi/lib/thumb/v8-m.main+fp/hard\libc_nano.a(libc_a-locale.o)
 .rodata.__assert_func.str1.1
                0x08023c50       0x3d C:/ST/STM32CubeIDE_1.18.1/STM32CubeIDE/plugins/com.st.stm32cube.ide.mcu.externaltools.gnu-tools-for-stm32.13.3.rel1.win32_1.0.0.202411081344/tools/bin/../lib/gcc/arm-none-eabi/13.3.1/../../../../arm-none-eabi/lib/thumb/v8-m.main+fp/hard\libc_nano.a(libc_a-assert.o)
 .rodata._ctype_
                0x08023c50      0x101 C:/ST/STM32CubeIDE_1.18.1/STM32CubeIDE/plugins/com.st.stm32cube.ide.mcu.externaltools.gnu-tools-for-stm32.13.3.rel1.win32_1.0.0.202411081344/tools/bin/../lib/gcc/arm-none-eabi/13.3.1/../../../../arm-none-eabi/lib/thumb/v8-m.main+fp/hard\libc_nano.a(libc_a-ctype_.o)
                0x08023c50                _ctype_
                0x08023d54                        . = ALIGN (0x4)
 *fill*         0x08023d51        0x3 

.ARM.extab      0x08023d54        0x0
                0x08023d54                        . = ALIGN (0x4)
 *(.ARM.extab* .gnu.linkonce.armextab.*)
                0x08023d54                        . = ALIGN (0x4)

.ARM            0x08023d54        0x8
                0x08023d54                        . = ALIGN (0x4)
                0x08023d54                        __exidx_start = .
 *(.ARM.exidx*)
 .ARM.exidx     0x08023d54        0x8 C:/ST/STM32CubeIDE_1.18.1/STM32CubeIDE/plugins/com.st.stm32cube.ide.mcu.externaltools.gnu-tools-for-stm32.13.3.rel1.win32_1.0.0.202411081344/tools/bin/../lib/gcc/arm-none-eabi/13.3.1/../../../../arm-none-eabi/lib/thumb/v8-m.main+fp/hard\libc_nano.a(libc_a-strlen.o)
 .ARM.exidx     0x08023d5c        0x0 C:/ST/STM32CubeIDE_1.18.1/STM32CubeIDE/plugins/com.st.stm32cube.ide.mcu.externaltools.gnu-tools-for-stm32.13.3.rel1.win32_1.0.0.202411081344/tools/bin/../lib/gcc/arm-none-eabi/13.3.1/thumb/v8-m.main+fp/hard\libgcc.a(_udivmoddi4.o)
                                  0x8 (size before relaxing)
                0x08023d5c                        __exidx_end = .
                0x08023d5c                        . = ALIGN (0x4)

.preinit_array  0x08023d5c        0x0
                0x08023d5c                        . = ALIGN (0x4)
                0x08023d5c                        PROVIDE (__preinit_array_start = .)
 *(.preinit_array*)
                0x08023d5c                        PROVIDE (__preinit_array_end = .)
                0x08023d5c                        . = ALIGN (0x4)

.init_array     0x08023d5c        0x4
                0x08023d5c                        . = ALIGN (0x4)
                0x08023d5c                        PROVIDE (__init_array_start = .)
 *(SORT_BY_NAME(.init_array.*))
 *(.init_array*)
 .init_array    0x08023d5c        0x4 C:/ST/STM32CubeIDE_1.18.1/STM32CubeIDE/plugins/com.st.stm32cube.ide.mcu.externaltools.gnu-tools-for-stm32.13.3.rel1.win32_1.0.0.202411081344/tools/bin/../lib/gcc/arm-none-eabi/13.3.1/thumb/v8-m.main+fp/hard/crtbegin.o
                0x08023d60                        PROVIDE (__init_array_end = .)
                0x08023d60                        . = ALIGN (0x4)

.fini_array     0x08023d60        0x4
                0x08023d60                        . = ALIGN (0x4)
                [!provide]                        PROVIDE (__fini_array_start = .)
 *(SORT_BY_NAME(.fini_array.*))
 *(.fini_array*)
 .fini_array    0x08023d60        0x4 C:/ST/STM32CubeIDE_1.18.1/STM32CubeIDE/plugins/com.st.stm32cube.ide.mcu.externaltools.gnu-tools-for-stm32.13.3.rel1.win32_1.0.0.202411081344/tools/bin/../lib/gcc/arm-none-eabi/13.3.1/thumb/v8-m.main+fp/hard/crtbegin.o
                [!provide]                        PROVIDE (__fini_array_end = .)
                0x08023d64                        . = ALIGN (0x4)
                0x08023d64                        _sidata = LOADADDR (.data)

.rel.dyn        0x08023d64        0x0
 .rel.iplt      0x08023d64        0x0 C:/ST/STM32CubeIDE_1.18.1/STM32CubeIDE/plugins/com.st.stm32cube.ide.mcu.externaltools.gnu-tools-for-stm32.13.3.rel1.win32_1.0.0.202411081344/tools/bin/../lib/gcc/arm-none-eabi/13.3.1/thumb/v8-m.main+fp/hard/crtbegin.o

.data           0x20000000      0x1e8 load address 0x08023d64
                0x20000000                        . = ALIGN (0x4)
                0x20000000                        _sdata = .
 *(.data)
 *(.data*)
 .data.dac_value
                0x20000000        0x4 ./Core/Src/main.o
 .data.SystemCoreClock
                0x20000004        0x4 ./Core/Src/system_stm32u3xx.o
                0x20000004                SystemCoreClock
 .data.COM_USART
                0x20000008        0x4 ./Drivers/BSP/STM32U3xx_Nucleo/stm32u3xx_nucleo.o
                0x20000008                COM_USART
 .data.BUTTON_PORT
                0x2000000c        0x4 ./Drivers/BSP/STM32U3xx_Nucleo/stm32u3xx_nucleo.o
 .data.ButtonCallback.1
                0x20000010        0x4 ./Drivers/BSP/STM32U3xx_Nucleo/stm32u3xx_nucleo.o
 .data.BSP_BUTTON_PRIO.0
                0x20000014        0x4 ./Drivers/BSP/STM32U3xx_Nucleo/stm32u3xx_nucleo.o
 .data.uwTickPrio
                0x20000018        0x4 ./Drivers/STM32U3xx_HAL_Driver/Src/stm32u3xx_hal.o
                0x20000018                uwTickPrio
 .data.uwTickFreq
                0x2000001c        0x1 ./Drivers/STM32U3xx_HAL_Driver/Src/stm32u3xx_hal.o
                0x2000001c                uwTickFreq
 *fill*         0x2000001d        0x3 
 .data.__sglue  0x20000020        0xc C:/ST/STM32CubeIDE_1.18.1/STM32CubeIDE/plugins/com.st.stm32cube.ide.mcu.externaltools.gnu-tools-for-stm32.13.3.rel1.win32_1.0.0.202411081344/tools/bin/../lib/gcc/arm-none-eabi/13.3.1/../../../../arm-none-eabi/lib/thumb/v8-m.main+fp/hard\libc_nano.a(libc_a-findfp.o)
                0x20000020                __sglue
 .data._impure_ptr
                0x2000002c        0x4 C:/ST/STM32CubeIDE_1.18.1/STM32CubeIDE/plugins/com.st.stm32cube.ide.mcu.externaltools.gnu-tools-for-stm32.13.3.rel1.win32_1.0.0.202411081344/tools/bin/../lib/gcc/arm-none-eabi/13.3.1/../../../../arm-none-eabi/lib/thumb/v8-m.main+fp/hard\libc_nano.a(libc_a-impure.o)
                0x2000002c                _impure_ptr
 .data._impure_data
                0x20000030       0x4c C:/ST/STM32CubeIDE_1.18.1/STM32CubeIDE/plugins/com.st.stm32cube.ide.mcu.externaltools.gnu-tools-for-stm32.13.3.rel1.win32_1.0.0.202411081344/tools/bin/../lib/gcc/arm-none-eabi/13.3.1/../../../../arm-none-eabi/lib/thumb/v8-m.main+fp/hard\libc_nano.a(libc_a-impure.o)
                0x20000030                _impure_data
 .data.__global_locale
                0x2000007c      0x16c C:/ST/STM32CubeIDE_1.18.1/STM32CubeIDE/plugins/com.st.stm32cube.ide.mcu.externaltools.gnu-tools-for-stm32.13.3.rel1.win32_1.0.0.202411081344/tools/bin/../lib/gcc/arm-none-eabi/13.3.1/../../../../arm-none-eabi/lib/thumb/v8-m.main+fp/hard\libc_nano.a(libc_a-locale.o)
                0x2000007c                __global_locale
 *(.RamFunc)
 *(.RamFunc*)
                0x200001e8                        . = ALIGN (0x4)
                0x200001e8                        _edata = .

.igot.plt       0x200001e8        0x0 load address 0x08023f4c
 .igot.plt      0x200001e8        0x0 C:/ST/STM32CubeIDE_1.18.1/STM32CubeIDE/plugins/com.st.stm32cube.ide.mcu.externaltools.gnu-tools-for-stm32.13.3.rel1.win32_1.0.0.202411081344/tools/bin/../lib/gcc/arm-none-eabi/13.3.1/thumb/v8-m.main+fp/hard/crtbegin.o
                0x200001e8                        . = ALIGN (0x4)

.bss            0x200001e8      0x588 load address 0x08023f4c
                0x200001e8                        _sbss = .
                0x200001e8                        __bss_start__ = _sbss
 *(.bss)
 .bss           0x200001e8       0x1c C:/ST/STM32CubeIDE_1.18.1/STM32CubeIDE/plugins/com.st.stm32cube.ide.mcu.externaltools.gnu-tools-for-stm32.13.3.rel1.win32_1.0.0.202411081344/tools/bin/../lib/gcc/arm-none-eabi/13.3.1/thumb/v8-m.main+fp/hard/crtbegin.o
 *(.bss*)
 .bss.BspCOMInit
                0x20000204       0x10 ./Core/Src/main.o
                0x20000204                BspCOMInit
 .bss.BspButtonState
                0x20000214        0x4 ./Core/Src/main.o
                0x20000214                BspButtonState
 .bss.hadc1     0x20000218       0x68 ./Core/Src/main.o
                0x20000218                hadc1
 .bss.hadc2     0x20000280       0x68 ./Core/Src/main.o
                0x20000280                hadc2
 .bss.hdac1     0x200002e8       0x14 ./Core/Src/main.o
                0x200002e8                hdac1
 .bss.hopamp1   0x200002fc       0x34 ./Core/Src/main.o
                0x200002fc                hopamp1
 .bss.hopamp2   0x20000330       0x34 ./Core/Src/main.o
                0x20000330                hopamp2
 .bss.hspi1     0x20000364       0x90 ./Core/Src/main.o
                0x20000364                hspi1
 .bss.hspi2     0x200003f4       0x90 ./Core/Src/main.o
                0x200003f4                hspi2
 .bss.htim3     0x20000484       0x4c ./Core/Src/main.o
                0x20000484                htim3
 .bss.huart5    0x200004d0       0x94 ./Core/Src/main.o
                0x200004d0                huart5
 .bss.adc_value
                0x20000564        0x4 ./Core/Src/main.o
 .bss.lcd_update_counter.1
                0x20000568        0x4 ./Core/Src/main.o
 .bss.ads_counter.0
                0x2000056c        0x4 ./Core/Src/main.o
 .bss.HAL_RCC_ADC12_CLK_ENABLED
                0x20000570        0x4 ./Core/Src/stm32u3xx_hal_msp.o
 .bss.HAL_RCC_OPAMP_CLK_ENABLED
                0x20000574        0x4 ./Core/Src/stm32u3xx_hal_msp.o
 .bss.__sbrk_heap_end
                0x20000578        0x4 ./Core/Src/sysmem.o
 .bss.hpb_exti  0x2000057c        0xc ./Drivers/BSP/STM32U3xx_Nucleo/stm32u3xx_nucleo.o
                0x2000057c                hpb_exti
 .bss.hcom_uart
                0x20000588       0x94 ./Drivers/BSP/STM32U3xx_Nucleo/stm32u3xx_nucleo.o
                0x20000588                hcom_uart
 .bss.COM_ActiveLogPort
                0x2000061c        0x1 ./Drivers/BSP/STM32U3xx_Nucleo/stm32u3xx_nucleo.o
 *fill*         0x2000061d        0x3 
 .bss.uwTick    0x20000620        0x4 ./Drivers/STM32U3xx_HAL_Driver/Src/stm32u3xx_hal.o
                0x20000620                uwTick