Archive member included to satisfy reference by file (symbol)

C:/ST/STM32CubeIDE_1.18.1/STM32CubeIDE/plugins/com.st.stm32cube.ide.mcu.externaltools.gnu-tools-for-stm32.13.3.rel1.win32_1.0.0.202411081344/tools/bin/../lib/gcc/arm-none-eabi/13.3.1/../../../../arm-none-eabi/lib/thumb/v8-m.main+fp/hard\libc_nano.a(libc_a-exit.o)
                              C:/ST/STM32CubeIDE_1.18.1/STM32CubeIDE/plugins/com.st.stm32cube.ide.mcu.externaltools.gnu-tools-for-stm32.13.3.rel1.win32_1.0.0.202411081344/tools/bin/../lib/gcc/arm-none-eabi/13.3.1/../../../../arm-none-eabi/lib/thumb/v8-m.main+fp/hard/crt0.o (exit)
C:/ST/STM32CubeIDE_1.18.1/STM32CubeIDE/plugins/com.st.stm32cube.ide.mcu.externaltools.gnu-tools-for-stm32.13.3.rel1.win32_1.0.0.202411081344/tools/bin/../lib/gcc/arm-none-eabi/13.3.1/../../../../arm-none-eabi/lib/thumb/v8-m.main+fp/hard\libc_nano.a(libc_a-findfp.o)
                              C:/ST/STM32CubeIDE_1.18.1/STM32CubeIDE/plugins/com.st.stm32cube.ide.mcu.externaltools.gnu-tools-for-stm32.13.3.rel1.win32_1.0.0.202411081344/tools/bin/../lib/gcc/arm-none-eabi/13.3.1/../../../../arm-none-eabi/lib/thumb/v8-m.main+fp/hard\libc_nano.a(libc_a-exit.o) (__stdio_exit_handler)
C:/ST/STM32CubeIDE_1.18.1/STM32CubeIDE/plugins/com.st.stm32cube.ide.mcu.externaltools.gnu-tools-for-stm32.13.3.rel1.win32_1.0.0.202411081344/tools/bin/../lib/gcc/arm-none-eabi/13.3.1/../../../../arm-none-eabi/lib/thumb/v8-m.main+fp/hard\libc_nano.a(libc_a-fwalk.o)
                              C:/ST/STM32CubeIDE_1.18.1/STM32CubeIDE/plugins/com.st.stm32cube.ide.mcu.externaltools.gnu-tools-for-stm32.13.3.rel1.win32_1.0.0.202411081344/tools/bin/../lib/gcc/arm-none-eabi/13.3.1/../../../../arm-none-eabi/lib/thumb/v8-m.main+fp/hard\libc_nano.a(libc_a-findfp.o) (_fwalk_sglue)
C:/ST/STM32CubeIDE_1.18.1/STM32CubeIDE/plugins/com.st.stm32cube.ide.mcu.externaltools.gnu-tools-for-stm32.13.3.rel1.win32_1.0.0.202411081344/tools/bin/../lib/gcc/arm-none-eabi/13.3.1/../../../../arm-none-eabi/lib/thumb/v8-m.main+fp/hard\libc_nano.a(libc_a-printf.o)
                              ./Core/Src/main.o (printf)
C:/ST/STM32CubeIDE_1.18.1/STM32CubeIDE/plugins/com.st.stm32cube.ide.mcu.externaltools.gnu-tools-for-stm32.13.3.rel1.win32_1.0.0.202411081344/tools/bin/../lib/gcc/arm-none-eabi/13.3.1/../../../../arm-none-eabi/lib/thumb/v8-m.main+fp/hard\libc_nano.a(libc_a-stdio.o)
                              C:/ST/STM32CubeIDE_1.18.1/STM32CubeIDE/plugins/com.st.stm32cube.ide.mcu.externaltools.gnu-tools-for-stm32.13.3.rel1.win32_1.0.0.202411081344/tools/bin/../lib/gcc/arm-none-eabi/13.3.1/../../../../arm-none-eabi/lib/thumb/v8-m.main+fp/hard\libc_nano.a(libc_a-findfp.o) (__sread)
C:/ST/STM32CubeIDE_1.18.1/STM32CubeIDE/plugins/com.st.stm32cube.ide.mcu.externaltools.gnu-tools-for-stm32.13.3.rel1.win32_1.0.0.202411081344/tools/bin/../lib/gcc/arm-none-eabi/13.3.1/../../../../arm-none-eabi/lib/thumb/v8-m.main+fp/hard\libc_nano.a(libc_a-memset.o)
                              C:/ST/STM32CubeIDE_1.18.1/STM32CubeIDE/plugins/com.st.stm32cube.ide.mcu.externaltools.gnu-tools-for-stm32.13.3.rel1.win32_1.0.0.202411081344/tools/bin/../lib/gcc/arm-none-eabi/13.3.1/../../../../arm-none-eabi/lib/thumb/v8-m.main+fp/hard/crt0.o (memset)
C:/ST/STM32CubeIDE_1.18.1/STM32CubeIDE/plugins/com.st.stm32cube.ide.mcu.externaltools.gnu-tools-for-stm32.13.3.rel1.win32_1.0.0.202411081344/tools/bin/../lib/gcc/arm-none-eabi/13.3.1/../../../../arm-none-eabi/lib/thumb/v8-m.main+fp/hard\libc_nano.a(libc_a-closer.o)
                              C:/ST/STM32CubeIDE_1.18.1/STM32CubeIDE/plugins/com.st.stm32cube.ide.mcu.externaltools.gnu-tools-for-stm32.13.3.rel1.win32_1.0.0.202411081344/tools/bin/../lib/gcc/arm-none-eabi/13.3.1/../../../../arm-none-eabi/lib/thumb/v8-m.main+fp/hard\libc_nano.a(libc_a-stdio.o) (_close_r)
C:/ST/STM32CubeIDE_1.18.1/STM32CubeIDE/plugins/com.st.stm32cube.ide.mcu.externaltools.gnu-tools-for-stm32.13.3.rel1.win32_1.0.0.202411081344/tools/bin/../lib/gcc/arm-none-eabi/13.3.1/../../../../arm-none-eabi/lib/thumb/v8-m.main+fp/hard\libc_nano.a(libc_a-reent.o)
                              C:/ST/STM32CubeIDE_1.18.1/STM32CubeIDE/plugins/com.st.stm32cube.ide.mcu.externaltools.gnu-tools-for-stm32.13.3.rel1.win32_1.0.0.202411081344/tools/bin/../lib/gcc/arm-none-eabi/13.3.1/../../../../arm-none-eabi/lib/thumb/v8-m.main+fp/hard\libc_nano.a(libc_a-closer.o) (errno)
C:/ST/STM32CubeIDE_1.18.1/STM32CubeIDE/plugins/com.st.stm32cube.ide.mcu.externaltools.gnu-tools-for-stm32.13.3.rel1.win32_1.0.0.202411081344/tools/bin/../lib/gcc/arm-none-eabi/13.3.1/../../../../arm-none-eabi/lib/thumb/v8-m.main+fp/hard\libc_nano.a(libc_a-impure.o)
                              C:/ST/STM32CubeIDE_1.18.1/STM32CubeIDE/plugins/com.st.stm32cube.ide.mcu.externaltools.gnu-tools-for-stm32.13.3.rel1.win32_1.0.0.202411081344/tools/bin/../lib/gcc/arm-none-eabi/13.3.1/../../../../arm-none-eabi/lib/thumb/v8-m.main+fp/hard\libc_nano.a(libc_a-printf.o) (_impure_ptr)
[...]
Memory Configuration

Name             Origin             Length             Attributes
RAM              0x20000000         0x00030000         xrw
RAM2             0x20030000         0x00010000         xrw
FLASH            0x08000000         0x00100000         xr
*default*        0x00000000         0xffffffff

Linker script and memory map

LOAD C:/ST/STM32CubeIDE_1.18.1/STM32CubeIDE/plugins/com.st.stm32cube.ide.mcu.externaltools.gnu-tools-for-stm32.13.3.rel1.win32_1.0.0.202411081344/tools/bin/../lib/gcc/arm-none-eabi/13.3.1/thumb/v8-m.main+fp/hard/crti.o
LOAD C:/ST/STM32CubeIDE_1.18.1/STM32CubeIDE/plugins/com.st.stm32cube.ide.mcu.externaltools.gnu-tools-for-stm32.13.3.rel1.win32_1.0.0.202411081344/tools/bin/../lib/gcc/arm-none-eabi/13.3.1/thumb/v8-m.main+fp/hard/crtbegin.o
LOAD C:/ST/STM32CubeIDE_1.18.1/STM32CubeIDE/plugins/com.st.stm32cube.ide.mcu.externaltools.gnu-tools-for-stm32.13.3.rel1.win32_1.0.0.202411081344/tools/bin/../lib/gcc/arm-none-eabi/13.3.1/../../../../arm-none-eabi/lib/thumb/v8-m.main+fp/hard/crt0.o
LOAD ./Core/Src/font8x8_basic.o
LOAD ./Core/Src/lcd.o
LOAD ./Core/Src/lcd_text.o
LOAD ./Core/Src/main.o
LOAD ./Core/Src/stm32u3xx_hal_msp.o
LOAD ./Core/Src/stm32u3xx_it.o
LOAD ./Core/Src/syscalls.o
LOAD ./Core/Src/sysmem.o
LOAD ./Core/Src/system_stm32u3xx.o
LOAD ./Core/Startup/startup_stm32u385rgtxq.o
LOAD ./Drivers/BSP/STM32U3xx_Nucleo/stm32u3xx_nucleo.o
LOAD ./Drivers/STM32U3xx_HAL_Driver/Src/stm32u3xx_hal.o
LOAD ./Drivers/STM32U3xx_HAL_Driver/Src/stm32u3xx_hal_cortex.o
LOAD ./Drivers/STM32U3xx_HAL_Driver/Src/stm32u3xx_hal_dma.o
LOAD ./Drivers/STM32U3xx_HAL_Driver/Src/stm32u3xx_hal_dma_ex.o
LOAD ./Drivers/STM32U3xx_HAL_Driver/Src/stm32u3xx_hal_exti.o
LOAD ./Drivers/STM32U3xx_HAL_Driver/Src/stm32u3xx_hal_flash.o
LOAD ./Drivers/STM32U3xx_HAL_Driver/Src/stm32u3xx_hal_flash_ex.o
LOAD ./Drivers/STM32U3xx_HAL_Driver/Src/stm32u3xx_hal_gpio.o
LOAD ./Drivers/STM32U3xx_HAL_Driver/Src/stm32u3xx_hal_gtzc.o
LOAD ./Drivers/STM32U3xx_HAL_Driver/Src/stm32u3xx_hal_icache.o
LOAD ./Drivers/STM32U3xx_HAL_Driver/Src/stm32u3xx_hal_pwr.o
LOAD ./Drivers/STM32U3xx_HAL_Driver/Src/stm32u3xx_hal_pwr_ex.o
LOAD ./Drivers/STM32U3xx_HAL_Driver/Src/stm32u3xx_hal_rcc.o
LOAD ./Drivers/STM32U3xx_HAL_Driver/Src/stm32u3xx_hal_rcc_ex.o
LOAD ./Drivers/STM32U3xx_HAL_Driver/Src/stm32u3xx_hal_spi.o
LOAD ./Drivers/STM32U3xx_HAL_Driver/Src/stm32u3xx_hal_spi_ex.o
LOAD ./Drivers/STM32U3xx_HAL_Driver/Src/stm32u3xx_hal_tim.o
LOAD ./Drivers/STM32U3xx_HAL_Driver/Src/stm32u3xx_hal_tim_ex.o
LOAD ./Drivers/STM32U3xx_HAL_Driver/Src/stm32u3xx_hal_uart.o
LOAD ./Drivers/STM32U3xx_HAL_Driver/Src/stm32u3xx_hal_uart_ex.o
LOAD ./Drivers/STM32U3xx_HAL_Driver/Src/stm32u3xx_hal_usart.o
LOAD ./Drivers/STM32U3xx_HAL_Driver/Src/stm32u3xx_hal_usart_ex.o
START GROUP
LOAD C:/ST/STM32CubeIDE_1.18.1/STM32CubeIDE/plugins/com.st.stm32cube.ide.mcu.externaltools.gnu-tools-for-stm32.13.3.rel1.win32_1.0.0.202411081344/tools/bin/../lib/gcc/arm-none-eabi/13.3.1/../../../../arm-none-eabi/lib/thumb/v8-m.main+fp/hard\libc_nano.a
LOAD C:/ST/STM32CubeIDE_1.18.1/STM32CubeIDE/plugins/com.st.stm32cube.ide.mcu.externaltools.gnu-tools-for-stm32.13.3.rel1.win32_1.0.0.202411081344/tools/bin/../lib/gcc/arm-none-eabi/13.3.1/../../../../arm-none-eabi/lib/thumb/v8-m.main+fp/hard\libm.a
END GROUP
START GROUP
LOAD C:/ST/STM32CubeIDE_1.18.1/STM32CubeIDE/plugins/com.st.stm32cube.ide.mcu.externaltools.gnu-tools-for-stm32.13.3.rel1.win32_1.0.0.202411081344/tools/bin/../lib/gcc/arm-none-eabi/13.3.1/thumb/v8-m.main+fp/hard\libgcc.a
LOAD C:/ST/STM32CubeIDE_1.18.1/STM32CubeIDE/plugins/com.st.stm32cube.ide.mcu.externaltools.gnu-tools-for-stm32.13.3.rel1.win32_1.0.0.202411081344/tools/bin/../lib/gcc/arm-none-eabi/13.3.1/../../../../arm-none-eabi/lib/thumb/v8-m.main+fp/hard\libc_nano.a
END GROUP
START GROUP
LOAD C:/ST/STM32CubeIDE_1.18.1/STM32CubeIDE/plugins/com.st.stm32cube.ide.mcu.externaltools.gnu-tools-for-stm32.13.3.rel1.win32_1.0.0.202411081344/tools/bin/../lib/gcc/arm-none-eabi/13.3.1/thumb/v8-m.main+fp/hard\libgcc.a
LOAD C:/ST/STM32CubeIDE_1.18.1/STM32CubeIDE/plugins/com.st.stm32cube.ide.mcu.externaltools.gnu-tools-for-stm32.13.3.rel1.win32_1.0.0.202411081344/tools/bin/../lib/gcc/arm-none-eabi/13.3.1/../../../../arm-none-eabi/lib/thumb/v8-m.main+fp/hard\libc_nano.a
LOAD C:/ST/STM32CubeIDE_1.18.1/STM32CubeIDE/plugins/com.st.stm32cube.ide.mcu.externaltools.gnu-tools-for-stm32.13.3.rel1.win32_1.0.0.202411081344/tools/bin/../lib/gcc/arm-none-eabi/13.3.1/../../../../arm-none-eabi/lib/thumb/v8-m.main+fp/hard\libnosys.a
END GROUP
START GROUP
LOAD C:/ST/STM32CubeIDE_1.18.1/STM32CubeIDE/plugins/com.st.stm32cube.ide.mcu.externaltools.gnu-tools-for-stm32.13.3.rel1.win32_1.0.0.202411081344/tools/bin/../lib/gcc/arm-none-eabi/13.3.1/thumb/v8-m.main+fp/hard\libgcc.a
LOAD C:/ST/STM32CubeIDE_1.18.1/STM32CubeIDE/plugins/com.st.stm32cube.ide.mcu.externaltools.gnu-tools-for-stm32.13.3.rel1.win32_1.0.0.202411081344/tools/bin/../lib/gcc/arm-none-eabi/13.3.1/../../../../arm-none-eabi/lib/thumb/v8-m.main+fp/hard\libc_nano.a
LOAD C:/ST/STM32CubeIDE_1.18.1/STM32CubeIDE/plugins/com.st.stm32cube.ide.mcu.externaltools.gnu-tools-for-stm32.13.3.rel1.win32_1.0.0.202411081344/tools/bin/../lib/gcc/arm-none-eabi/13.3.1/../../../../arm-none-eabi/lib/thumb/v8-m.main+fp/hard\libnosys.a
END GROUP
LOAD C:/ST/STM32CubeIDE_1.18.1/STM32CubeIDE/plugins/com.st.stm32cube.ide.mcu.externaltools.gnu-tools-for-stm32.13.3.rel1.win32_1.0.0.202411081344/tools/bin/../lib/gcc/arm-none-eabi/13.3.1/thumb/v8-m.main+fp/hard/crtend.o
LOAD C:/ST/STM32CubeIDE_1.18.1/STM32CubeIDE/plugins/com.st.stm32cube.ide.mcu.externaltools.gnu-tools-for-stm32.13.3.rel1.win32_1.0.0.202411081344/tools/bin/../lib/gcc/arm-none-eabi/13.3.1/thumb/v8-m.main+fp/hard/crtn.o
                0x20030000                        _estack = (ORIGIN (RAM) + LENGTH (RAM))
                0x00000200                        _Min_Heap_Size = 0x200
                0x00000400                        _Min_Stack_Size = 0x400

.isr_vector     0x08000000      0x234
                0x08000000                        . = ALIGN (0x4)
 *(.isr_vector)
 .isr_vector    0x08000000      0x234 ./Core/Startup/startup_stm32u385rgtxq.o
                0x08000000                g_pfnVectors
                0x08000234                        . = ALIGN (0x4)

.text           0x08000234     0x6ab4
                0x08000234                        . = ALIGN (0x4)
 *(.text)
 .text          0x08000234       0x40 C:/ST/STM32CubeIDE_1.18.1/STM32CubeIDE/plugins/com.st.stm32cube.ide.mcu.externaltools.gnu-tools-for-stm32.13.3.rel1.win32_1.0.0.202411081344/tools/bin/../lib/gcc/arm-none-eabi/13.3.1/thumb/v8-m.main+fp/hard/crtbegin.o
 .text          0x08000274       0x10 C:/ST/STM32CubeIDE_1.18.1/STM32CubeIDE/plugins/com.st.stm32cube.ide.mcu.externaltools.gnu-tools-for-stm32.13.3.rel1.win32_1.0.0.202411081344/tools/bin/../lib/gcc/arm-none-eabi/13.3.1/../../../../arm-none-eabi/lib/thumb/v8-m.main+fp/hard\libc_nano.a(libc_a-strlen.o)
                0x08000274                strlen
 .text          0x08000284       0x30 C:/ST/STM32CubeIDE_1.18.1/STM32CubeIDE/plugins/com.st.stm32cube.ide.mcu.externaltools.gnu-tools-for-stm32.13.3.rel1.win32_1.0.0.202411081344/tools/bin/../lib/gcc/arm-none-eabi/13.3.1/thumb/v8-m.main+fp/hard\libgcc.a(_aeabi_uldivmod.o)
                0x08000284                __aeabi_uldivmod
 .text          0x080002b4      0x348 C:/ST/STM32CubeIDE_1.18.1/STM32CubeIDE/plugins/com.st.stm32cube.ide.mcu.externaltools.gnu-tools-for-stm32.13.3.rel1.win32_1.0.0.202411081344/tools/bin/../lib/gcc/arm-none-eabi/13.3.1/thumb/v8-m.main+fp/hard\libgcc.a(_udivmoddi4.o)
                0x080002b4                __udivmoddi4
 .text          0x080005fc        0x4 C:/ST/STM32CubeIDE_1.18.1/STM32CubeIDE/plugins/com.st.stm32cube.ide.mcu.externaltools.gnu-tools-for-stm32.13.3.rel1.win32_1.0.0.202411081344/tools/bin/../lib/gcc/arm-none-eabi/13.3.1/thumb/v8-m.main+fp/hard\libgcc.a(_dvmd_tls.o)
                0x080005fc                __aeabi_idiv0
                0x080005fc                __aeabi_ldiv0
 *(.text*)
 .text.LCD_SELECT
                0x08000600       0x18 ./Core/Src/lcd.o
 .text.LCD_UNSELECT
                0x08000618       0x18 ./Core/Src/lcd.o
 .text.lcd_tx   0x08000630       0x28 ./Core/Src/lcd.o
 .text.LCD_Init
                0x08000658       0x34 ./Core/Src/lcd.o
                0x08000658                LCD_Init
 .text.LCD_AllClear
                0x0800068c       0x24 ./Core/Src/lcd.o
                0x0800068c                LCD_AllClear
 .text.LCD_SendLine4bit
                0x080006b0       0x74 ./Core/Src/lcd.o
                0x080006b0                LCD_SendLine4bit
 .text.LCD_DrawString4bit
                0x08000724      0x144 ./Core/Src/lcd_text.o
                0x08000724                LCD_DrawString4bit
 .text.LCD_ScrollText
                0x08000868      0x18c ./Core/Src/lcd_text.o
                0x08000868                LCD_ScrollText
 .text.LCD_BounceText
                0x080009f4       0x22 ./Core/Src/lcd_text.o
                0x080009f4                LCD_BounceText
 *fill*         0x08000a16        0x2 
 .text.main     0x08000a18      0x104 ./Core/Src/main.o
                0x08000a18                main
 .text.SystemClock_Config
                0x08000b1c       0xc0 ./Core/Src/main.o
                0x08000b1c                SystemClock_Config
 .text.MX_SPI1_Init
                0x08000bdc       0xe0 ./Core/Src/main.o
 .text.MX_TIM3_Init
                0x08000cbc       0xf4 ./Core/Src/main.o
 .text.MX_UART5_Init
                0x08000db0       0x98 ./Core/Src/main.o
 .text.MX_GPIO_Init
                0x08000e48       0xc8 ./Core/Src/main.o
 .text.BSP_PB_Callback
                0x08000f10       0x28 ./Core/Src/main.o
                0x08000f10                BSP_PB_Callback
 .text.Error_Handler
                0x08000f38        0xc ./Core/Src/main.o
                0x08000f38                Error_Handler
 .text.HAL_MspInit
                0x08000f44       0x34 ./Core/Src/stm32u3xx_hal_msp.o
                0x08000f44                HAL_MspInit
 .text.HAL_SPI_MspInit
                0x08000f78       0xc8 ./Core/Src/stm32u3xx_hal_msp.o
                0x08000f78                HAL_SPI_MspInit
 .text.HAL_TIM_Base_MspInit
                0x08001040       0x44 ./Core/Src/stm32u3xx_hal_msp.o
                0x08001040                HAL_TIM_Base_MspInit
 .text.HAL_TIM_MspPostInit
                0x08001084       0x78 ./Core/Src/stm32u3xx_hal_msp.o
                0x08001084                HAL_TIM_MspPostInit
 .text.HAL_UART_MspInit
                0x080010fc      0x114 ./Core/Src/stm32u3xx_hal_msp.o
                0x080010fc                HAL_UART_MspInit
 .text.NMI_Handler
                0x08001210        0x8 ./Core/Src/stm32u3xx_it.o
                0x08001210                NMI_Handler
 .text.HardFault_Handler
                0x08001218        0x8 ./Core/Src/stm32u3xx_it.o
                0x08001218                HardFault_Handler
 .text.MemManage_Handler
                0x08001220        0x8 ./Core/Src/stm32u3xx_it.o
                0x08001220                MemManage_Handler
 .text.BusFault_Handler
                0x08001228        0x8 ./Core/Src/stm32u3xx_it.o
                0x08001228                BusFault_Handler
 .text.UsageFault_Handler
                0x08001230        0x8 ./Core/Src/stm32u3xx_it.o
                0x08001230                UsageFault_Handler
 .text.SVC_Handler
                0x08001238        0xe ./Core/Src/stm32u3xx_it.o
                0x08001238                SVC_Handler
 .text.DebugMon_Handler
                0x08001246        0xe ./Core/Src/stm32u3xx_it.o
                0x08001246                DebugMon_Handler
 .text.PendSV_Handler
                0x08001254        0xe ./Core/Src/stm32u3xx_it.o
                0x08001254                PendSV_Handler
 .text.SysTick_Handler
                0x08001262        0xc ./Core/Src/stm32u3xx_it.o
                0x08001262                SysTick_Handler
 .text.EXTI13_IRQHandler
                0x0800126e        0xe ./Core/Src/stm32u3xx_it.o
                0x0800126e                EXTI13_IRQHandler
 .text._read    0x0800127c       0x3a ./Core/Src/syscalls.o
                0x0800127c                _read
 .text._write   0x080012b6       0x38 ./Core/Src/syscalls.o
                0x080012b6                _write
 .text._close   0x080012ee       0x18 ./Core/Src/syscalls.o
                0x080012ee                _close
 .text._fstat   0x08001306       0x20 ./Core/Src/syscalls.o
                0x08001306                _fstat
 .text._isatty  0x08001326       0x16 ./Core/Src/syscalls.o
                0x08001326                _isatty
 .text._lseek   0x0800133c       0x1a ./Core/Src/syscalls.o
                0x0800133c                _lseek
 *fill*         0x08001356        0x2 
 .text._sbrk    0x08001358       0x6c ./Core/Src/sysmem.o
                0x08001358                _sbrk
 .text.SystemInit
                0x080013c4       0x24 ./Core/Src/system_stm32u3xx.o
                0x080013c4                SystemInit
 .text.SystemCoreClockUpdate
                0x080013e8       0xd0 ./Core/Src/system_stm32u3xx.o
                0x080013e8                SystemCoreClockUpdate
 .text.Reset_Handler
                0x080014b8       0x50 ./Core/Startup/startup_stm32u385rgtxq.o
                0x080014b8                Reset_Handler
 .text.Default_Handler
                0x08001508        0x2 ./Core/Startup/startup_stm32u385rgtxq.o
                0x08001508                EXTI2_IRQHandler
                0x08001508                EXTI5_IRQHandler
                0x08001508                I3C1_ER_IRQHandler
                0x08001508                FLASH_S_IRQHandler
                0x08001508                TIM1_CC_IRQHandler
                0x08001508                TSC_IRQHandler
                0x08001508                TIM1_TRG_COM_DIR_IDX_IRQHandler
                0x08001508                TAMP_IRQHandler
                0x08001508                TIM6_IRQHandler
                0x08001508                EXTI12_IRQHandler
                0x08001508                EXTI3_IRQHandler
                0x08001508                LPTIM4_IRQHandler
                0x08001508                GPDMA1_Channel5_IRQHandler
                0x08001508                EXTI8_IRQHandler
                0x08001508                LPTIM2_IRQHandler
                0x08001508                USB_FS_IRQHandler
                0x08001508                I2C3_ER_IRQHandler
                0x08001508                LPTIM3_IRQHandler
                0x08001508                EXTI0_IRQHandler
                0x08001508                I2C2_EV_IRQHandler
                0x08001508                FPU_IRQHandler
                0x08001508                GPDMA1_Channel3_IRQHandler
                0x08001508                GPDMA1_Channel7_IRQHandler
                0x08001508                FDCAN1_IT1_IRQHandler
                0x08001508                RAMCFG_IRQHandler
                0x08001508                PWR_S_IRQHandler
                0x08001508                GPDMA1_Channel9_IRQHandler
                0x08001508                SPI1_IRQHandler
                0x08001508                OCTOSPI1_IRQHandler
                0x08001508                GPDMA1_Channel2_IRQHandler
                0x08001508                RCC_S_IRQHandler
                0x08001508                ADC1_IRQHandler
                0x08001508                PKA_IRQHandler
                0x08001508                PWR_IRQHandler
                0x08001508                I3C2_ER_IRQHandler
                0x08001508                EXTI15_IRQHandler
                0x08001508                TIM17_IRQHandler
                0x08001508                USART3_IRQHandler
                0x08001508                RTC_IRQHandler
                0x08001508                EXTI9_IRQHandler
                0x08001508                UART5_IRQHandler
                0x08001508                TIM4_IRQHandler
                0x08001508                I3C2_EV_IRQHandler
                0x08001508                I2C1_EV_IRQHandler
                0x08001508                GPDMA1_Channel1_IRQHandler
                0x08001508                TIM16_IRQHandler
                0x08001508                UART4_IRQHandler
                0x08001508                SecureFault_Handler
                0x08001508                TIM3_IRQHandler
                0x08001508                RCC_IRQHandler
                0x08001508                Default_Handler
                0x08001508                GPDMA1_Channel8_IRQHandler
                0x08001508                GPDMA1_Channel11_IRQHandler
                0x08001508                TIM7_IRQHandler
                0x08001508                SDMMC1_IRQHandler
                0x08001508                SAES_IRQHandler
                0x08001508                GPDMA1_Channel0_IRQHandler
                0x08001508                I3C1_EV_IRQHandler
                0x08001508                TIM15_IRQHandler
                0x08001508                I2C3_EV_IRQHandler
                0x08001508                PVD_PVM_IRQHandler
                0x08001508                ADC2_IRQHandler
                0x08001508                SPI2_IRQHandler
                0x08001508                EXTI14_IRQHandler
                0x08001508                EXTI11_IRQHandler
                0x08001508                CRS_IRQHandler
                0x08001508                EXTI4_IRQHandler
                0x08001508                TIM1_BRK_TERR_IERR_IRQHandler
                0x08001508                RTC_S_IRQHandler
                0x08001508                RNG_IRQHandler
                0x08001508                COMP_IRQHandler
                0x08001508                TIM1_UP_IRQHandler
                0x08001508                WWDG_IRQHandler
                0x08001508                ADF1_IRQHandler
                0x08001508                IWDG_IRQHandler
                0x08001508                LPUART1_IRQHandler
                0x08001508                FDCAN1_IT0_IRQHandler
                0x08001508                TIM2_IRQHandler
                0x08001508                GPDMA1_Channel4_IRQHandler
                0x08001508                EXTI7_IRQHandler
                0x08001508                EXTI1_IRQHandler
                0x08001508                AES_IRQHandler
                0x08001508                DAC1_IRQHandler
                0x08001508                GTZC_IRQHandler
                0x08001508                GPDMA1_Channel6_IRQHandler
                0x08001508                I2C2_ER_IRQHandler
                0x08001508                FLASH_IRQHandler
                0x08001508                USART1_IRQHandler
                0x08001508                EXTI10_IRQHandler
                0x08001508                SPI3_IRQHandler
                0x08001508                I2C1_ER_IRQHandler
                0x08001508                EXTI6_IRQHandler
                0x08001508                LPTIM1_IRQHandler
                0x08001508                GPDMA1_Channel10_IRQHandler
                0x08001508                ICACHE_IRQHandler
                0x08001508                SAI1_IRQHandler
                0x08001508                HASH_IRQHandler
 *fill*         0x0800150a        0x2 
 .text.BSP_PB_Init
                0x0800150c       0xf0 ./Drivers/BSP/STM32U3xx_Nucleo/stm32u3xx_nucleo.o
                0x0800150c                BSP_PB_Init
 .text.BSP_PB_IRQHandler
                0x080015fc       0x2c ./Drivers/BSP/STM32U3xx_Nucleo/stm32u3xx_nucleo.o
                0x080015fc                BSP_PB_IRQHandler
 .text.BSP_COM_Init
                0x08001628       0x60 ./Drivers/BSP/STM32U3xx_Nucleo/stm32u3xx_nucleo.o
                0x08001628                BSP_COM_Init
 .text.MX_USART1_Init
                0x08001688       0x68 ./Drivers/BSP/STM32U3xx_Nucleo/stm32u3xx_nucleo.o
                0x08001688                MX_USART1_Init
 .text.__io_putchar
                0x080016f0       0x38 ./Drivers/BSP/STM32U3xx_Nucleo/stm32u3xx_nucleo.o
                0x080016f0                __io_putchar
 .text.BUTTON_USER_EXTI_Callback
                0x08001728        0xe ./Drivers/BSP/STM32U3xx_Nucleo/stm32u3xx_nucleo.o
 *fill*         0x08001736        0x2 
 .text.COM1_MspInit
                0x08001738       0xb0 ./Drivers/BSP/STM32U3xx_Nucleo/stm32u3xx_nucleo.o
 .text.HAL_Init
                0x080017e8       0x40 ./Drivers/STM32U3xx_HAL_Driver/Src/stm32u3xx_hal.o
                0x080017e8                HAL_Init
 .text.HAL_InitTick
                0x08001828       0xfc ./Drivers/STM32U3xx_HAL_Driver/Src/stm32u3xx_hal.o
                0x08001828                HAL_InitTick
 .text.HAL_IncTick
                0x08001924       0x28 ./Drivers/STM32U3xx_HAL_Driver/Src/stm32u3xx_hal.o
                0x08001924                HAL_IncTick
 .text.HAL_GetTick
                0x0800194c       0x18 ./Drivers/STM32U3xx_HAL_Driver/Src/stm32u3xx_hal.o
                0x0800194c                HAL_GetTick
 .text.HAL_Delay
                0x08001964       0x48 ./Drivers/STM32U3xx_HAL_Driver/Src/stm32u3xx_hal.o
                0x08001964                HAL_Delay
 .text.__NVIC_SetPriorityGrouping
                0x080019ac       0x48 ./Drivers/STM32U3xx_HAL_Driver/Src/stm32u3xx_hal_cortex.o
 .text.__NVIC_GetPriorityGrouping
                0x080019f4       0x1c ./Drivers/STM32U3xx_HAL_Driver/Src/stm32u3xx_hal_cortex.o
 .text.__NVIC_EnableIRQ
                0x08001a10       0x3c ./Drivers/STM32U3xx_HAL_Driver/Src/stm32u3xx_hal_cortex.o
 .text.__NVIC_SetPriority
                0x08001a4c       0x54 ./Drivers/STM32U3xx_HAL_Driver/Src/stm32u3xx_hal_cortex.o
 .text.NVIC_EncodePriority
                0x08001aa0       0x66 ./Drivers/STM32U3xx_HAL_Driver/Src/stm32u3xx_hal_cortex.o
 .text.HAL_NVIC_SetPriorityGrouping
                0x08001b06       0x16 ./Drivers/STM32U3xx_HAL_Driver/Src/stm32u3xx_hal_cortex.o
                0x08001b06                HAL_NVIC_SetPriorityGrouping
 .text.HAL_NVIC_SetPriority
                0x08001b1c       0x34 ./Drivers/STM32U3xx_HAL_Driver/Src/stm32u3xx_hal_cortex.o
                0x08001b1c                HAL_NVIC_SetPriority
 .text.HAL_NVIC_EnableIRQ
                0x08001b50       0x1c ./Drivers/STM32U3xx_HAL_Driver/Src/stm32u3xx_hal_cortex.o
                0x08001b50                HAL_NVIC_EnableIRQ
 .text.HAL_SYSTICK_Config
                0x08001b6c       0x44 ./Drivers/STM32U3xx_HAL_Driver/Src/stm32u3xx_hal_cortex.o
                0x08001b6c                HAL_SYSTICK_Config
 .text.HAL_SYSTICK_CLKSourceConfig
                0x08001bb0       0xb0 ./Drivers/STM32U3xx_HAL_Driver/Src/stm32u3xx_hal_cortex.o
                0x08001bb0                HAL_SYSTICK_CLKSourceConfig
 .text.HAL_EXTI_RegisterCallback
                0x08001c60       0x58 ./Drivers/STM32U3xx_HAL_Driver/Src/stm32u3xx_hal_exti.o
                0x08001c60                HAL_EXTI_RegisterCallback
 .text.HAL_EXTI_GetHandle
                0x08001cb8       0x28 ./Drivers/STM32U3xx_HAL_Driver/Src/stm32u3xx_hal_exti.o
                0x08001cb8                HAL_EXTI_GetHandle
 .text.HAL_EXTI_IRQHandler
                0x08001ce0       0x88 ./Drivers/STM32U3xx_HAL_Driver/Src/stm32u3xx_hal_exti.o
                0x08001ce0                HAL_EXTI_IRQHandler
 .text.HAL_GPIO_Init
                0x08001d68      0x314 ./Drivers/STM32U3xx_HAL_Driver/Src/stm32u3xx_hal_gpio.o
                0x08001d68                HAL_GPIO_Init
 .text.HAL_GPIO_WritePin
                0x0800207c       0x30 ./Drivers/STM32U3xx_HAL_Driver/Src/stm32u3xx_hal_gpio.o
                0x0800207c                HAL_GPIO_WritePin
 .text.HAL_PWREx_ControlVoltageScaling
                0x080020ac       0x7c ./Drivers/STM32U3xx_HAL_Driver/Src/stm32u3xx_hal_pwr_ex.o
                0x080020ac                HAL_PWREx_ControlVoltageScaling
 .text.HAL_PWREx_EnableEpodBooster
                0x08002128       0x58 ./Drivers/STM32U3xx_HAL_Driver/Src/stm32u3xx_hal_pwr_ex.o
                0x08002128                HAL_PWREx_EnableEpodBooster
 .text.HAL_RCC_OscConfig
                0x08002180      0x6ac ./Drivers/STM32U3xx_HAL_Driver/Src/stm32u3xx_hal_rcc.o
                0x08002180                HAL_RCC_OscConfig
 .text.HAL_RCC_ClockConfig
                0x0800282c      0x1d8 ./Drivers/STM32U3xx_HAL_Driver/Src/stm32u3xx_hal_rcc.o
                0x0800282c                HAL_RCC_ClockConfig
 .text.HAL_RCC_GetSysClockFreq
                0x08002a04       0x90 ./Drivers/STM32U3xx_HAL_Driver/Src/stm32u3xx_hal_rcc.o
                0x08002a04                HAL_RCC_GetSysClockFreq
 .text.HAL_RCC_GetHCLKFreq
                0x08002a94       0x34 ./Drivers/STM32U3xx_HAL_Driver/Src/stm32u3xx_hal_rcc.o
                0x08002a94                HAL_RCC_GetHCLKFreq
 .text.HAL_RCC_GetPCLK1Freq
                0x08002ac8       0x28 ./Drivers/STM32U3xx_HAL_Driver/Src/stm32u3xx_hal_rcc.o
                0x08002ac8                HAL_RCC_GetPCLK1Freq
 .text.HAL_RCC_GetPCLK2Freq
                0x08002af0       0x28 ./Drivers/STM32U3xx_HAL_Driver/Src/stm32u3xx_hal_rcc.o
                0x08002af0                HAL_RCC_GetPCLK2Freq
 .text.HAL_RCC_GetPCLK3Freq
                0x08002b18       0x28 ./Drivers/STM32U3xx_HAL_Driver/Src/stm32u3xx_hal_rcc.o
                0x08002b18                HAL_RCC_GetPCLK3Freq
 .text.HAL_RCC_GetMSIKFreq
                0x08002b40       0x6c ./Drivers/STM32U3xx_HAL_Driver/Src/stm32u3xx_hal_rcc.o
                0x08002b40                HAL_RCC_GetMSIKFreq
 .text.HAL_RCCEx_PeriphCLKConfig
                0x08002bac      0x4dc ./Drivers/STM32U3xx_HAL_Driver/Src/stm32u3xx_hal_rcc_ex.o
                0x08002bac                HAL_RCCEx_PeriphCLKConfig
 .text.HAL_RCCEx_GetPeriphCLKFreq
                0x08003088      0x9b4 ./Drivers/STM32U3xx_HAL_Driver/Src/stm32u3xx_hal_rcc_ex.o
                0x08003088                HAL_RCCEx_GetPeriphCLKFreq
 .text.HAL_RCCEx_EpodBoosterClkConfig
                0x08003a3c       0x88 ./Drivers/STM32U3xx_HAL_Driver/Src/stm32u3xx_hal_rcc_ex.o
                0x08003a3c                HAL_RCCEx_EpodBoosterClkConfig
 .text.HAL_SPI_Init
                0x08003ac4      0x1e0 ./Drivers/STM32U3xx_HAL_Driver/Src/stm32u3xx_hal_spi.o
                0x08003ac4                HAL_SPI_Init
 .text.HAL_SPI_Transmit
                0x08003ca4      0x404 ./Drivers/STM32U3xx_HAL_Driver/Src/stm32u3xx_hal_spi.o
                0x08003ca4                HAL_SPI_Transmit
 .text.SPI_CloseTransfer
                0x080040a8      0x140 ./Drivers/STM32U3xx_HAL_Driver/Src/stm32u3xx_hal_spi.o
 .text.SPI_WaitOnFlagUntilTimeout
                0x080041e8       0x5c ./Drivers/STM32U3xx_HAL_Driver/Src/stm32u3xx_hal_spi.o
 .text.SPI_GetPacketSize
                0x08004244       0x36 ./Drivers/STM32U3xx_HAL_Driver/Src/stm32u3xx_hal_spi.o
 .text.HAL_SPIEx_SetConfigAutonomousMode
                0x0800427a       0x82 ./Drivers/STM32U3xx_HAL_Driver/Src/stm32u3xx_hal_spi_ex.o
                0x0800427a                HAL_SPIEx_SetConfigAutonomousMode
 .text.HAL_TIM_Base_Init
                0x080042fc       0xae ./Drivers/STM32U3xx_HAL_Driver/Src/stm32u3xx_hal_tim.o
                0x080042fc                HAL_TIM_Base_Init
 .text.HAL_TIM_PWM_Init
                0x080043aa       0xae ./Drivers/STM32U3xx_HAL_Driver/Src/stm32u3xx_hal_tim.o
                0x080043aa                HAL_TIM_PWM_Init
 .text.HAL_TIM_PWM_MspInit
                0x08004458       0x14 ./Drivers/STM32U3xx_HAL_Driver/Src/stm32u3xx_hal_tim.o
                0x08004458                HAL_TIM_PWM_MspInit
 .text.HAL_TIM_PWM_Start
                0x0800446c      0x1e8 ./Drivers/STM32U3xx_HAL_Driver/Src/stm32u3xx_hal_tim.o
                0x0800446c                HAL_TIM_PWM_Start
 .text.HAL_TIM_PWM_ConfigChannel
                0x08004654      0x228 ./Drivers/STM32U3xx_HAL_Driver/Src/stm32u3xx_hal_tim.o
                0x08004654                HAL_TIM_PWM_ConfigChannel
 .text.HAL_TIM_ConfigClockSource
                0x0800487c      0x1d0 ./Drivers/STM32U3xx_HAL_Driver/Src/stm32u3xx_hal_tim.o
                0x0800487c                HAL_TIM_ConfigClockSource
 .text.TIM_Base_SetConfig
                0x08004a4c      0x110 ./Drivers/STM32U3xx_HAL_Driver/Src/stm32u3xx_hal_tim.o
                0x08004a4c                TIM_Base_SetConfig
 .text.TIM_OC1_SetConfig
                0x08004b5c      0x10c ./Drivers/STM32U3xx_HAL_Driver/Src/stm32u3xx_hal_tim.o
 .text.TIM_OC2_SetConfig
                0x08004c68      0x100 ./Drivers/STM32U3xx_HAL_Driver/Src/stm32u3xx_hal_tim.o
                0x08004c68                TIM_OC2_SetConfig
 .text.TIM_OC3_SetConfig
                0x08004d68       0xfc ./Drivers/STM32U3xx_HAL_Driver/Src/stm32u3xx_hal_tim.o
 .text.TIM_OC4_SetConfig
                0x08004e64      0x100 ./Drivers/STM32U3xx_HAL_Driver/Src/stm32u3xx_hal_tim.o
 .text.TIM_OC5_SetConfig
                0x08004f64       0xbc ./Drivers/STM32U3xx_HAL_Driver/Src/stm32u3xx_hal_tim.o
 .text.TIM_OC6_SetConfig
                0x08005020       0xc0 ./Drivers/STM32U3xx_HAL_Driver/Src/stm32u3xx_hal_tim.o
 .text.TIM_TI1_ConfigInputStage
                0x080050e0       0x5e ./Drivers/STM32U3xx_HAL_Driver/Src/stm32u3xx_hal_tim.o
 .text.TIM_TI2_ConfigInputStage
                0x0800513e       0x60 ./Drivers/STM32U3xx_HAL_Driver/Src/stm32u3xx_hal_tim.o
 .text.TIM_ITRx_SetConfig
                0x0800519e       0x3a ./Drivers/STM32U3xx_HAL_Driver/Src/stm32u3xx_hal_tim.o
 .text.TIM_ETR_SetConfig
                0x080051d8       0x40 ./Drivers/STM32U3xx_HAL_Driver/Src/stm32u3xx_hal_tim.o
                0x080051d8                TIM_ETR_SetConfig
 .text.TIM_CCxChannelCmd
                0x08005218       0x4a ./Drivers/STM32U3xx_HAL_Driver/Src/stm32u3xx_hal_tim.o
                0x08005218                TIM_CCxChannelCmd
 *fill*         0x08005262        0x2 
 .text.HAL_TIMEx_MasterConfigSynchronization
                0x08005264       0xec ./Drivers/STM32U3xx_HAL_Driver/Src/stm32u3xx_hal_tim_ex.o
                0x08005264                HAL_TIMEx_MasterConfigSynchronization
 .text.HAL_UART_Init
                0x08005350       0xa0 ./Drivers/STM32U3xx_HAL_Driver/Src/stm32u3xx_hal_uart.o
                0x08005350                HAL_UART_Init
 .text.HAL_UART_Transmit
                0x080053f0      0x11c ./Drivers/STM32U3xx_HAL_Driver/Src/stm32u3xx_hal_uart.o
                0x080053f0                HAL_UART_Transmit
 .text.UART_SetConfig
                0x0800550c      0x2e8 ./Drivers/STM32U3xx_HAL_Driver/Src/stm32u3xx_hal_uart.o
                0x0800550c                UART_SetConfig
 .text.UART_AdvFeatureConfig
                0x080057f4      0x144 ./Drivers/STM32U3xx_HAL_Driver/Src/stm32u3xx_hal_uart.o
                0x080057f4                UART_AdvFeatureConfig
 .text.UART_CheckIdleState
                0x08005938      0x154 ./Drivers/STM32U3xx_HAL_Driver/Src/stm32u3xx_hal_uart.o
                0x08005938                UART_CheckIdleState
 .text.UART_WaitOnFlagUntilTimeout
                0x08005a8c       0xda ./Drivers/STM32U3xx_HAL_Driver/Src/stm32u3xx_hal_uart.o
                0x08005a8c                UART_WaitOnFlagUntilTimeout
 .text.UART_EndRxTransfer
                0x08005b66       0xcc ./Drivers/STM32U3xx_HAL_Driver/Src/stm32u3xx_hal_uart.o
 .text.HAL_UARTEx_DisableFifoMode
                0x08005c32       0x72 ./Drivers/STM32U3xx_HAL_Driver/Src/stm32u3xx_hal_uart_ex.o
                0x08005c32                HAL_UARTEx_DisableFifoMode
 .text.HAL_UARTEx_SetTxFifoThreshold
                0x08005ca4       0x7c ./Drivers/STM32U3xx_HAL_Driver/Src/stm32u3xx_hal_uart_ex.o
                0x08005ca4                HAL_UARTEx_SetTxFifoThreshold
 .text.HAL_UARTEx_SetRxFifoThreshold
                0x08005d20       0x7c ./Drivers/STM32U3xx_HAL_Driver/Src/stm32u3xx_hal_uart_ex.o
                0x08005d20                HAL_UARTEx_SetRxFifoThreshold
 .text.UARTEx_SetNbDataToProcess
                0x08005d9c       0x9c ./Drivers/STM32U3xx_HAL_Driver/Src/stm32u3xx_hal_uart_ex.o
 .text.std      0x08005e38       0x6c C:/ST/STM32CubeIDE_1.18.1/STM32CubeIDE/plugins/com.st.stm32cube.ide.mcu.externaltools.gnu-tools-for-stm32.13.3.rel1.win32_1.0.0.202411081344/tools/bin/../lib/gcc/arm-none-eabi/13.3.1/../../../../arm-none-eabi/lib/thumb/v8-m.main+fp/hard\libc_nano.a(libc_a-findfp.o)
 .text.stdio_exit_handler
                0x08005ea4       0x18 C:/ST/STM32CubeIDE_1.18.1/STM32CubeIDE/plugins/com.st.stm32cube.ide.mcu.externaltools.gnu-tools-for-stm32.13.3.rel1.win32_1.0.0.202411081344/tools/bin/../lib/gcc/arm-none-eabi/13.3.1/../../../../arm-none-eabi/lib/thumb/v8-m.main+fp/hard\libc_nano.a(libc_a-findfp.o)
 .text.cleanup_stdio
                0x08005ebc       0x40 C:/ST/STM32CubeIDE_1.18.1/STM32CubeIDE/plugins/com.st.stm32cube.ide.mcu.externaltools.gnu-tools-for-stm32.13.3.rel1.win32_1.0.0.202411081344/tools/bin/../lib/gcc/arm-none-eabi/13.3.1/../../../../arm-none-eabi/lib/thumb/v8-m.main+fp/hard\libc_nano.a(libc_a-findfp.o)
 .text.global_stdio_init.part.0
                0x08005efc       0x3c C:/ST/STM32CubeIDE_1.18.1/STM32CubeIDE/plugins/com.st.stm32cube.ide.mcu.externaltools.gnu-tools-for-stm32.13.3.rel1.win32_1.0.0.202411081344/tools/bin/../lib/gcc/arm-none-eabi/13.3.1/../../../../arm-none-eabi/lib/thumb/v8-m.main+fp/hard\libc_nano.a(libc_a-findfp.o)
 .text.__sfp_lock_acquire
                0x08005f38        0xc C:/ST/STM32CubeIDE_1.18.1/STM32CubeIDE/plugins/com.st.stm32cube.ide.mcu.externaltools.gnu-tools-for-stm32.13.3.rel1.win32_1.0.0.202411081344/tools/bin/../lib/gcc/arm-none-eabi/13.3.1/../../../../arm-none-eabi/lib/thumb/v8-m.main+fp/hard\libc_nano.a(libc_a-findfp.o)
                0x08005f38                __sfp_lock_acquire
 .text.__sfp_lock_release
                0x08005f44        0xc C:/ST/STM32CubeIDE_1.18.1/STM32CubeIDE/plugins/com.st.stm32cube.ide.mcu.externaltools.gnu-tools-for-stm32.13.3.rel1.win32_1.0.0.202411081344/tools/bin/../lib/gcc/arm-none-eabi/13.3.1/../../../../arm-none-eabi/lib/thumb/v8-m.main+fp/hard\libc_nano.a(libc_a-findfp.o)
                0x08005f44                __sfp_lock_release
 .text.__sinit  0x08005f50       0x30 C:/ST/STM32CubeIDE_1.18.1/STM32CubeIDE/plugins/com.st.stm32cube.ide.mcu.externaltools.gnu-tools-for-stm32.13.3.rel1.win32_1.0.0.202411081344/tools/bin/../lib/gcc/arm-none-eabi/13.3.1/../../../../arm-none-eabi/lib/thumb/v8-m.main+fp/hard\libc_nano.a(libc_a-findfp.o)
                0x08005f50                __sinit
 .text._fwalk_sglue
                0x08005f80       0x3c C:/ST/STM32CubeIDE_1.18.1/STM32CubeIDE/plugins/com.st.stm32cube.ide.mcu.externaltools.gnu-tools-for-stm32.13.3.rel1.win32_1.0.0.202411081344/tools/bin/../lib/gcc/arm-none-eabi/13.3.1/../../../../arm-none-eabi/lib/thumb/v8-m.main+fp/hard\libc_nano.a(libc_a-fwalk.o)
                0x08005f80                _fwalk_sglue
 .text.printf   0x08005fbc       0x24 C:/ST/STM32CubeIDE_1.18.1/STM32CubeIDE/plugins/com.st.stm32cube.ide.mcu.externaltools.gnu-tools-for-stm32.13.3.rel1.win32_1.0.0.202411081344/tools/bin/../lib/gcc/arm-none-eabi/13.3.1/../../../../arm-none-eabi/lib/thumb/v8-m.main+fp/hard\libc_nano.a(libc_a-printf.o)
                0x08005fbc                iprintf
                0x08005fbc                printf
 .text.__sread  0x08005fe0       0x22 C:/ST/STM32CubeIDE_1.18.1/STM32CubeIDE/plugins/com.st.stm32cube.ide.mcu.externaltools.gnu-tools-for-stm32.13.3.rel1.win32_1.0.0.202411081344/tools/bin/../lib/gcc/arm-none-eabi/13.3.1/../../../../arm-none-eabi/lib/thumb/v8-m.main+fp/hard\libc_nano.a(libc_a-stdio.o)
                0x08005fe0                __sread
 .text.__swrite
                0x08006002       0x38 C:/ST/STM32CubeIDE_1.18.1/STM32CubeIDE/plugins/com.st.stm32cube.ide.mcu.externaltools.gnu-tools-for-stm32.13.3.rel1.win32_1.0.0.202411081344/tools/bin/../lib/gcc/arm-none-eabi/13.3.1/../../../../arm-none-eabi/lib/thumb/v8-m.main+fp/hard\libc_nano.a(libc_a-stdio.o)
                0x08006002                __swrite
 .text.__sseek  0x0800603a       0x24 C:/ST/STM32CubeIDE_1.18.1/STM32CubeIDE/plugins/com.st.stm32cube.ide.mcu.externaltools.gnu-tools-for-stm32.13.3.rel1.win32_1.0.0.202411081344/tools/bin/../lib/gcc/arm-none-eabi/13.3.1/../../../../arm-none-eabi/lib/thumb/v8-m.main+fp/hard\libc_nano.a(libc_a-stdio.o)
                0x0800603a                __sseek
 .text.__sclose
                0x0800605e        0x8 C:/ST/STM32CubeIDE_1.18.1/STM32CubeIDE/plugins/com.st.stm32cube.ide.mcu.externaltools.gnu-tools-for-stm32.13.3.rel1.win32_1.0.0.202411081344/tools/bin/../lib/gcc/arm-none-eabi/13.3.1/../../../../arm-none-eabi/lib/thumb/v8-m.main+fp/hard\libc_nano.a(libc_a-stdio.o)
                0x0800605e                __sclose
 .text.memset   0x08006066       0x10 C:/ST/STM32CubeIDE_1.18.1/STM32CubeIDE/plugins/com.st.stm32cube.ide.mcu.externaltools.gnu-tools-for-stm32.13.3.rel1.win32_1.0.0.202411081344/tools/bin/../lib/gcc/arm-none-eabi/13.3.1/../../../../arm-none-eabi/lib/thumb/v8-m.main+fp/hard\libc_nano.a(libc_a-memset.o)
                0x08006066                memset
 *fill*         0x08006076        0x2 
 .text._close_r
                0x08006078       0x20 C:/ST/STM32CubeIDE_1.18.1/STM32CubeIDE/plugins/com.st.stm32cube.ide.mcu.externaltools.gnu-tools-for-stm32.13.3.rel1.win32_1.0.0.202411081344/tools/bin/../lib/gcc/arm-none-eabi/13.3.1/../../../../arm-none-eabi/lib/thumb/v8-m.main+fp/hard\libc_nano.a(libc_a-closer.o)
                0x08006078                _close_r
 .text._lseek_r
                0x08006098       0x24 C:/ST/STM32CubeIDE_1.18.1/STM32CubeIDE/plugins/com.st.stm32cube.ide.mcu.externaltools.gnu-tools-for-stm32.13.3.rel1.win32_1.0.0.202411081344/tools/bin/../lib/gcc/arm-none-eabi/13.3.1/../../../../arm-none-eabi/lib/thumb/v8-m.main+fp/hard\libc_nano.a(libc_a-lseekr.o)
                0x08006098                _lseek_r
 .text._read_r  0x080060bc       0x24 C:/ST/STM32CubeIDE_1.18.1/STM32CubeIDE/plugins/com.st.stm32cube.ide.mcu.externaltools.gnu-tools-for-stm32.13.3.rel1.win32_1.0.0.202411081344/tools/bin/../lib/gcc/arm-none-eabi/13.3.1/../../../../arm-none-eabi/lib/thumb/v8-m.main+fp/hard\libc_nano.a(libc_a-readr.o)
                0x080060bc                _read_r
 .text._write_r
                0x080060e0       0x24 C:/ST/STM32CubeIDE_1.18.1/STM32CubeIDE/plugins/com.st.stm32cube.ide.mcu.externaltools.gnu-tools-for-stm32.13.3.rel1.win32_1.0.0.202411081344/tools/bin/../lib/gcc/arm-none-eabi/13.3.1/../../../../arm-none-eabi/lib/thumb/v8-m.main+fp/hard\libc_nano.a(libc_a-writer.o)
                0x080060e0                _write_r
 .text.__errno  0x08006104        0xc C:/ST/STM32CubeIDE_1.18.1/STM32CubeIDE/plugins/com.st.stm32cube.ide.mcu.externaltools.gnu-tools-for-stm32.13.3.rel1.win32_1.0.0.202411081344/tools/bin/../lib/gcc/arm-none-eabi/13.3.1/../../../../arm-none-eabi/lib/thumb/v8-m.main+fp/hard\libc_nano.a(libc_a-errno.o)
                0x08006104                __errno
 .text.__libc_init_array
                0x08006110       0x48 C:/ST/STM32CubeIDE_1.18.1/STM32CubeIDE/plugins/com.st.stm32cube.ide.mcu.externaltools.gnu-tools-for-stm32.13.3.rel1.win32_1.0.0.202411081344/tools/bin/../lib/gcc/arm-none-eabi/13.3.1/../../../../arm-none-eabi/lib/thumb/v8-m.main+fp/hard\libc_nano.a(libc_a-init.o)
                0x08006110                __libc_init_array
 .text.__retarget_lock_init_recursive
                0x08006158        0x2 C:/ST/STM32CubeIDE_1.18.1/STM32CubeIDE/plugins/com.st.stm32cube.ide.mcu.externaltools.gnu-tools-for-stm32.13.3.rel1.win32_1.0.0.202411081344/tools/bin/../lib/gcc/arm-none-eabi/13.3.1/../../../../arm-none-eabi/lib/thumb/v8-m.main+fp/hard\libc_nano.a(libc_a-lock.o)
                0x08006158                __retarget_lock_init_recursive
 .text.__retarget_lock_acquire_recursive
                0x0800615a        0x2 C:/ST/STM32CubeIDE_1.18.1/STM32CubeIDE/plugins/com.st.stm32cube.ide.mcu.externaltools.gnu-tools-for-stm32.13.3.rel1.win32_1.0.0.202411081344/tools/bin/../lib/gcc/arm-none-eabi/13.3.1/../../../../arm-none-eabi/lib/thumb/v8-m.main+fp/hard\libc_nano.a(libc_a-lock.o)
                0x0800615a                __retarget_lock_acquire_recursive
 .text.__retarget_lock_release_recursive
                0x0800615c        0x2 C:/ST/STM32CubeIDE_1.18.1/STM32CubeIDE/plugins/com.st.stm32cube.ide.mcu.externaltools.gnu-tools-for-stm32.13.3.rel1.win32_1.0.0.202411081344/tools/bin/../lib/gcc/arm-none-eabi/13.3.1/../../../../arm-none-eabi/lib/thumb/v8-m.main+fp/hard\libc_nano.a(libc_a-lock.o)
                0x0800615c                __retarget_lock_release_recursive
 .text.memcpy   0x0800615e       0x1a C:/ST/STM32CubeIDE_1.18.1/STM32CubeIDE/plugins/com.st.stm32cube.ide.mcu.externaltools.gnu-tools-for-stm32.13.3.rel1.win32_1.0.0.202411081344/tools/bin/../lib/gcc/arm-none-eabi/13.3.1/../../../../arm-none-eabi/lib/thumb/v8-m.main+fp/hard\libc_nano.a(libc_a-memcpy-stub.o)
                0x0800615e                memcpy
 .text._free_r  0x08006178       0x94 C:/ST/STM32CubeIDE_1.18.1/STM32CubeIDE/plugins/com.st.stm32cube.ide.mcu.externaltools.gnu-tools-for-stm32.13.3.rel1.win32_1.0.0.202411081344/tools/bin/../lib/gcc/arm-none-eabi/13.3.1/../../../../arm-none-eabi/lib/thumb/v8-m.main+fp/hard\libc_nano.a(libc_a-freer.o)
                0x08006178                _free_r
 .text.sbrk_aligned
                0x0800620c       0x44 C:/ST/STM32CubeIDE_1.18.1/STM32CubeIDE/plugins/com.st.stm32cube.ide.mcu.externaltools.gnu-tools-for-stm32.13.3.rel1.win32_1.0.0.202411081344/tools/bin/../lib/gcc/arm-none-eabi/13.3.1/../../../../arm-none-eabi/lib/thumb/v8-m.main+fp/hard\libc_nano.a(libc_a-mallocr.o)
 .text._malloc_r
                0x08006250      0x100 C:/ST/STM32CubeIDE_1.18.1/STM32CubeIDE/plugins/com.st.stm32cube.ide.mcu.externaltools.gnu-tools-for-stm32.13.3.rel1.win32_1.0.0.202411081344/tools/bin/../lib/gcc/arm-none-eabi/13.3.1/../../../../arm-none-eabi/lib/thumb/v8-m.main+fp/hard\libc_nano.a(libc_a-mallocr.o)
                0x08006250                _malloc_r
 .text.__malloc_lock
                0x08006350        0xc C:/ST/STM32CubeIDE_1.18.1/STM32CubeIDE/plugins/com.st.stm32cube.ide.mcu.externaltools.gnu-tools-for-stm32.13.3.rel1.win32_1.0.0.202411081344/tools/bin/../lib/gcc/arm-none-eabi/13.3.1/../../../../arm-none-eabi/lib/thumb/v8-m.main+fp/hard\libc_nano.a(libc_a-mlock.o)
                0x08006350                __malloc_lock
 .text.__malloc_unlock
                0x0800635c        0xc C:/ST/STM32CubeIDE_1.18.1/STM32CubeIDE/plugins/com.st.stm32cube.ide.mcu.externaltools.gnu-tools-for-stm32.13.3.rel1.win32_1.0.0.202411081344/tools/bin/../lib/gcc/arm-none-eabi/13.3.1/../../../../arm-none-eabi/lib/thumb/v8-m.main+fp/hard\libc_nano.a(libc_a-mlock.o)
                0x0800635c                __malloc_unlock
 .text.__sfputc_r
                0x08006368       0x2e C:/ST/STM32CubeIDE_1.18.1/STM32CubeIDE/plugins/com.st.stm32cube.ide.mcu.externaltools.gnu-tools-for-stm32.13.3.rel1.win32_1.0.0.202411081344/tools/bin/../lib/gcc/arm-none-eabi/13.3.1/../../../../arm-none-eabi/lib/thumb/v8-m.main+fp/hard\libc_nano.a(libc_a-nano-vfprintf.o)
 .text.__sfputs_r
                0x08006396       0x24 C:/ST/STM32CubeIDE_1.18.1/STM32CubeIDE/plugins/com.st.stm32cube.ide.mcu.externaltools.gnu-tools-for-stm32.13.3.rel1.win32_1.0.0.202411081344/tools/bin/../lib/gcc/arm-none-eabi/13.3.1/../../../../arm-none-eabi/lib/thumb/v8-m.main+fp/hard\libc_nano.a(libc_a-nano-vfprintf.o)
                0x08006396                __sfputs_r
 *fill*         0x080063ba        0x2 
 .text._vfprintf_r
                0x080063bc      0x230 C:/ST/STM32CubeIDE_1.18.1/STM32CubeIDE/plugins/com.st.stm32cube.ide.mcu.externaltools.gnu-tools-for-stm32.13.3.rel1.win32_1.0.0.202411081344/tools/bin/../lib/gcc/arm-none-eabi/13.3.1/../../../../arm-none-eabi/lib/thumb/v8-m.main+fp/hard\libc_nano.a(libc_a-nano-vfprintf.o)
                0x080063bc                _vfprintf_r
                0x080063bc                _vfiprintf_r
 .text._printf_common
                0x080065ec       0xe4 C:/ST/STM32CubeIDE_1.18.1/STM32CubeIDE/plugins/com.st.stm32cube.ide.mcu.externaltools.gnu-tools-for-stm32.13.3.rel1.win32_1.0.0.202411081344/tools/bin/../lib/gcc/arm-none-eabi/13.3.1/../../../../arm-none-eabi/lib/thumb/v8-m.main+fp/hard\libc_nano.a(libc_a-nano-vfprintf_i.o)
                0x080065ec                _printf_common
 .text._printf_i
                0x080066d0      0x23c C:/ST/STM32CubeIDE_1.18.1/STM32CubeIDE/plugins/com.st.stm32cube.ide.mcu.externaltools.gnu-tools-for-stm32.13.3.rel1.win32_1.0.0.202411081344/tools/bin/../lib/gcc/arm-none-eabi/13.3.1/../../../../arm-none-eabi/lib/thumb/v8-m.main+fp/hard\libc_nano.a(libc_a-nano-vfprintf_i.o)
                0x080066d0                _printf_i
 .text.__sflush_r
                0x0800690c      0x108 C:/ST/STM32CubeIDE_1.18.1/STM32CubeIDE/plugins/com.st.stm32cube.ide.mcu.externaltools.gnu-tools-for-stm32.13.3.rel1.win32_1.0.0.202411081344/tools/bin/../lib/gcc/arm-none-eabi/13.3.1/../../../../arm-none-eabi/lib/thumb/v8-m.main+fp/hard\libc_nano.a(libc_a-fflush.o)
                0x0800690c                __sflush_r
 .text._fflush_r
                0x08006a14       0x50 C:/ST/STM32CubeIDE_1.18.1/STM32CubeIDE/plugins/com.st.stm32cube.ide.mcu.externaltools.gnu-tools-for-stm32.13.3.rel1.win32_1.0.0.202411081344/tools/bin/../lib/gcc/arm-none-eabi/13.3.1/../../../../arm-none-eabi/lib/thumb/v8-m.main+fp/hard\libc_nano.a(libc_a-fflush.o)
                0x08006a14                _fflush_r
 .text.__swbuf_r
                0x08006a64       0x7c C:/ST/STM32CubeIDE_1.18.1/STM32CubeIDE/plugins/com.st.stm32cube.ide.mcu.externaltools.gnu-tools-for-stm32.13.3.rel1.win32_1.0.0.202411081344/tools/bin/../lib/gcc/arm-none-eabi/13.3.1/../../../../arm-none-eabi/lib/thumb/v8-m.main+fp/hard\libc_nano.a(libc_a-wbuf.o)
                0x08006a64                __swbuf_r
 .text.__swsetup_r
                0x08006ae0       0xac C:/ST/STM32CubeIDE_1.18.1/STM32CubeIDE/plugins/com.st.stm32cube.ide.mcu.externaltools.gnu-tools-for-stm32.13.3.rel1.win32_1.0.0.202411081344/tools/bin/../lib/gcc/arm-none-eabi/13.3.1/../../../../arm-none-eabi/lib/thumb/v8-m.main+fp/hard\libc_nano.a(libc_a-wsetup.o)
                0x08006ae0                __swsetup_r
 .text._sbrk_r  0x08006b8c       0x20 C:/ST/STM32CubeIDE_1.18.1/STM32CubeIDE/plugins/com.st.stm32cube.ide.mcu.externaltools.gnu-tools-for-stm32.13.3.rel1.win32_1.0.0.202411081344/tools/bin/../lib/gcc/arm-none-eabi/13.3.1/../../../../arm-none-eabi/lib/thumb/v8-m.main+fp/hard\libc_nano.a(libc_a-sbrkr.o)
                0x08006b8c                _sbrk_r
 .text.memchr   0x08006bac       0x1c C:/ST/STM32CubeIDE_1.18.1/STM32CubeIDE/plugins/com.st.stm32cube.ide.mcu.externaltools.gnu-tools-for-stm32.13.3.rel1.win32_1.0.0.202411081344/tools/bin/../lib/gcc/arm-none-eabi/13.3.1/../../../../arm-none-eabi/lib/thumb/v8-m.main+fp/hard\libc_nano.a(libc_a-memchr-stub.o)
                0x08006bac                memchr
 .text.__swhatbuf_r
                0x08006bc8       0x4a C:/ST/STM32CubeIDE_1.18.1/STM32CubeIDE/plugins/com.st.stm32cube.ide.mcu.externaltools.gnu-tools-for-stm32.13.3.rel1.win32_1.0.0.202411081344/tools/bin/../lib/gcc/arm-none-eabi/13.3.1/../../../../arm-none-eabi/lib/thumb/v8-m.main+fp/hard\libc_nano.a(libc_a-makebuf.o)
                0x08006bc8                __swhatbuf_r
 .text.__smakebuf_r
                0x08006c12       0x78 C:/ST/STM32CubeIDE_1.18.1/STM32CubeIDE/plugins/com.st.stm32cube.ide.mcu.externaltools.gnu-tools-for-stm32.13.3.rel1.win32_1.0.0.202411081344/tools/bin/../lib/gcc/arm-none-eabi/13.3.1/../../../../arm-none-eabi/lib/thumb/v8-m.main+fp/hard\libc_nano.a(libc_a-makebuf.o)
                0x08006c12                __smakebuf_r
 *fill*         0x08006c8a        0x2 
 .text._fstat_r
                0x08006c8c       0x24 C:/ST/STM32CubeIDE_1.18.1/STM32CubeIDE/plugins/com.st.stm32cube.ide.mcu.externaltools.gnu-tools-for-stm32.13.3.rel1.win32_1.0.0.202411081344/tools/bin/../lib/gcc/arm-none-eabi/13.3.1/../../../../arm-none-eabi/lib/thumb/v8-m.main+fp/hard\libc_nano.a(libc_a-fstatr.o)
                0x08006c8c                _fstat_r
 .text._isatty_r
                0x08006cb0       0x20 C:/ST/STM32CubeIDE_1.18.1/STM32CubeIDE/plugins/com.st.stm32cube.ide.mcu.externaltools.gnu-tools-for-stm32.13.3.rel1.win32_1.0.0.202411081344/tools/bin/../lib/gcc/arm-none-eabi/13.3.1/../../../../arm-none-eabi/lib/thumb/v8-m.main+fp/hard\libc_nano.a(libc_a-isattyr.o)
                0x08006cb0                _isatty_r
 *(.glue_7)
 .glue_7        0x08006cd0        0x0 linker stubs
 *(.glue_7t)
 .glue_7t       0x08006cd0        0x0 linker stubs
 *(.eh_frame)
 .eh_frame      0x08006cd0        0x0 C:/ST/STM32CubeIDE_1.18.1/STM32CubeIDE/plugins/com.st.stm32cube.ide.mcu.externaltools.gnu-tools-for-stm32.13.3.rel1.win32_1.0.0.202411081344/tools/bin/../lib/gcc/arm-none-eabi/13.3.1/thumb/v8-m.main+fp/hard/crtbegin.o
 *(.init)
 .init          0x08006cd0        0x4 C:/ST/STM32CubeIDE_1.18.1/STM32CubeIDE/plugins/com.st.stm32cube.ide.mcu.externaltools.gnu-tools-for-stm32.13.3.rel1.win32_1.0.0.202411081344/tools/bin/../lib/gcc/arm-none-eabi/13.3.1/thumb/v8-m.main+fp/hard/crti.o
                0x08006cd0                _init
 .init          0x08006cd4        0x8 C:/ST/STM32CubeIDE_1.18.1/STM32CubeIDE/plugins/com.st.stm32cube.ide.mcu.externaltools.gnu-tools-for-stm32.13.3.rel1.win32_1.0.0.202411081344/tools/bin/../lib/gcc/arm-none-eabi/13.3.1/thumb/v8-m.main+fp/hard/crtn.o
 *(.fini)
 .fini          0x08006cdc        0x4 C:/ST/STM32CubeIDE_1.18.1/STM32CubeIDE/plugins/com.st.stm32cube.ide.mcu.externaltools.gnu-tools-for-stm32.13.3.rel1.win32_1.0.0.202411081344/tools/bin/../lib/gcc/arm-none-eabi/13.3.1/thumb/v8-m.main+fp/hard/crti.o
                0x08006cdc                _fini
 .fini          0x08006ce0        0x8 C:/ST/STM32CubeIDE_1.18.1/STM32CubeIDE/plugins/com.st.stm32cube.ide.mcu.externaltools.gnu-tools-for-stm32.13.3.rel1.win32_1.0.0.202411081344/tools/bin/../lib/gcc/arm-none-eabi/13.3.1/thumb/v8-m.main+fp/hard/crtn.o
                0x08006ce8                        . = ALIGN (0x4)
                0x08006ce8                        _etext = .

.vfp11_veneer   0x08006ce8        0x0
 .vfp11_veneer  0x08006ce8        0x0 linker stubs

.v4_bx          0x08006ce8        0x0
 .v4_bx         0x08006ce8        0x0 linker stubs

.iplt           0x08006ce8        0x0
 .iplt          0x08006ce8        0x0 C:/ST/STM32CubeIDE_1.18.1/STM32CubeIDE/plugins/com.st.stm32cube.ide.mcu.externaltools.gnu-tools-for-stm32.13.3.rel1.win32_1.0.0.202411081344/tools/bin/../lib/gcc/arm-none-eabi/13.3.1/thumb/v8-m.main+fp/hard/crtbegin.o

.rodata         0x08006ce8      0x3a8
                0x08006ce8                        . = ALIGN (0x4)
 *(.rodata)
 .rodata        0x08006ce8       0x2f ./Core/Src/main.o
 *(.rodata*)
 *fill*         0x08006d17        0x1 
 .rodata.font8x8_basic
                0x08006d18      0x300 ./Core/Src/font8x8_basic.o
                0x08006d18                font8x8_basic
 .rodata.AHBPrescTable
                0x08007018       0x10 ./Core/Src/system_stm32u3xx.o
                0x08007018                AHBPrescTable
 .rodata.APBPrescTable
                0x08007028        0x8 ./Core/Src/system_stm32u3xx.o
                0x08007028                APBPrescTable
 .rodata.BUTTON_EXTI_LINE.2
                0x08007030        0x4 ./Drivers/BSP/STM32U3xx_Nucleo/stm32u3xx_nucleo.o
 .rodata.UARTPrescTable
                0x08007034       0x18 ./Drivers/STM32U3xx_HAL_Driver/Src/stm32u3xx_hal_uart.o
                0x08007034                UARTPrescTable
 .rodata.numerator.1
                0x0800704c        0x8 ./Drivers/STM32U3xx_HAL_Driver/Src/stm32u3xx_hal_uart_ex.o
 .rodata.denominator.0
                0x08007054        0x8 ./Drivers/STM32U3xx_HAL_Driver/Src/stm32u3xx_hal_uart_ex.o
 .rodata._vfprintf_r.str1.1
                0x0800705c       0x33 C:/ST/STM32CubeIDE_1.18.1/STM32CubeIDE/plugins/com.st.stm32cube.ide.mcu.externaltools.gnu-tools-for-stm32.13.3.rel1.win32_1.0.0.202411081344/tools/bin/../lib/gcc/arm-none-eabi/13.3.1/../../../../arm-none-eabi/lib/thumb/v8-m.main+fp/hard\libc_nano.a(libc_a-nano-vfprintf.o)
                                 0x11 (size before relaxing)
 .rodata._printf_i.str1.1
                0x0800708f       0x22 C:/ST/STM32CubeIDE_1.18.1/STM32CubeIDE/plugins/com.st.stm32cube.ide.mcu.externaltools.gnu-tools-for-stm32.13.3.rel1.win32_1.0.0.202411081344/tools/bin/../lib/gcc/arm-none-eabi/13.3.1/../../../../arm-none-eabi/lib/thumb/v8-m.main+fp/hard\libc_nano.a(libc_a-nano-vfprintf_i.o)
                0x080070b4                        . = ALIGN (0x4)
 *fill*         0x0800708f        0x1 

.ARM.extab      0x08007090        0x0
                0x08007090                        . = ALIGN (0x4)
 *(.ARM.extab* .gnu.linkonce.armextab.*)
                0x08007090                        . = ALIGN (0x4)

.ARM            0x08007090        0x8
                0x08007090                        . = ALIGN (0x4)
                0x08007090                        __exidx_start = .
 *(.ARM.exidx*)
 .ARM.exidx     0x08007090        0x8 C:/ST/STM32CubeIDE_1.18.1/STM32CubeIDE/plugins/com.st.stm32cube.ide.mcu.externaltools.gnu-tools-for-stm32.13.3.rel1.win32_1.0.0.202411081344/tools/bin/../lib/gcc/arm-none-eabi/13.3.1/../../../../arm-none-eabi/lib/thumb/v8-m.main+fp/hard\libc_nano.a(libc_a-strlen.o)
 .ARM.exidx     0x08007098        0x0 C:/ST/STM32CubeIDE_1.18.1/STM32CubeIDE/plugins/com.st.stm32cube.ide.mcu.externaltools.gnu-tools-for-stm32.13.3.rel1.win32_1.0.0.202411081344/tools/bin/../lib/gcc/arm-none-eabi/13.3.1/thumb/v8-m.main+fp/hard\libgcc.a(_udivmoddi4.o)
                                  0x8 (size before relaxing)
                0x08007098                        __exidx_end = .
                0x08007098                        . = ALIGN (0x4)

.preinit_array  0x08007098        0x0
                0x08007098                        . = ALIGN (0x4)
                0x08007098                        PROVIDE (__preinit_array_start = .)
 *(.preinit_array*)
                0x08007098                        PROVIDE (__preinit_array_end = .)
                0x08007098                        . = ALIGN (0x4)

.init_array     0x08007098        0x4
                0x08007098                        . = ALIGN (0x4)
                0x08007098                        PROVIDE (__init_array_start = .)
 *(SORT_BY_NAME(.init_array.*))
 *(.init_array*)
 .init_array    0x08007098        0x4 C:/ST/STM32CubeIDE_1.18.1/STM32CubeIDE/plugins/com.st.stm32cube.ide.mcu.externaltools.gnu-tools-for-stm32.13.3.rel1.win32_1.0.0.202411081344/tools/bin/../lib/gcc/arm-none-eabi/13.3.1/thumb/v8-m.main+fp/hard/crtbegin.o
                0x0800709c                        PROVIDE (__init_array_end = .)
                0x0800709c                        . = ALIGN (0x4)

.fini_array     0x0800709c        0x4
                0x0800709c                        . = ALIGN (0x4)
                [!provide]                        PROVIDE (__fini_array_start = .)
 *(SORT_BY_NAME(.fini_array.*))
 *(.fini_array*)
 .fini_array    0x0800709c        0x4 C:/ST/STM32CubeIDE_1.18.1/STM32CubeIDE/plugins/com.st.stm32cube.ide.mcu.externaltools.gnu-tools-for-stm32.13.3.rel1.win32_1.0.0.202411081344/tools/bin/../lib/gcc/arm-none-eabi/13.3.1/thumb/v8-m.main+fp/hard/crtbegin.o
                [!provide]                        PROVIDE (__fini_array_end = .)
                0x080070a0                        . = ALIGN (0x4)
                0x080070a0                        _sidata = LOADADDR (.data)

.rel.dyn        0x080070a0        0x0
 .rel.iplt      0x080070a0        0x0 C:/ST/STM32CubeIDE_1.18.1/STM32CubeIDE/plugins/com.st.stm32cube.ide.mcu.externaltools.gnu-tools-for-stm32.13.3.rel1.win32_1.0.0.202411081344/tools/bin/../lib/gcc/arm-none-eabi/13.3.1/thumb/v8-m.main+fp/hard/crtbegin.o

.data           0x20000000       0x78 load address 0x080070a0
                0x20000000                        . = ALIGN (0x4)
                0x20000000                        _sdata = .
 *(.data)
 *(.data*)
 .data.SystemCoreClock
                0x20000000        0x4 ./Core/Src/system_stm32u3xx.o
                0x20000000                SystemCoreClock
 .data.COM_USART
                0x20000004        0x4 ./Drivers/BSP/STM32U3xx_Nucleo/stm32u3xx_nucleo.o
                0x20000004                COM_USART
 .data.BUTTON_PORT
                0x20000008        0x4 ./Drivers/BSP/STM32U3xx_Nucleo/stm32u3xx_nucleo.o
 .data.ButtonCallback.1
                0x2000000c        0x4 ./Drivers/BSP/STM32U3xx_Nucleo/stm32u3xx_nucleo.o
 .data.BSP_BUTTON_PRIO.0
                0x20000010        0x4 ./Drivers/BSP/STM32U3xx_Nucleo/stm32u3xx_nucleo.o
 .data.uwTickPrio
                0x20000014        0x4 ./Drivers/STM32U3xx_HAL_Driver/Src/stm32u3xx_hal.o
                0x20000014                uwTickPrio
 .data.uwTickFreq
                0x20000018        0x1 ./Drivers/STM32U3xx_HAL_Driver/Src/stm32u3xx_hal.o
                0x20000018                uwTickFreq
 *fill*         0x20000019        0x3 
 .data.__sglue  0x2000001c        0xc C:/ST/STM32CubeIDE_1.18.1/STM32CubeIDE/plugins/com.st.stm32cube.ide.mcu.externaltools.gnu-tools-for-stm32.13.3.rel1.win32_1.0.0.202411081344/tools/bin/../lib/gcc/arm-none-eabi/13.3.1/../../../../arm-none-eabi/lib/thumb/v8-m.main+fp/hard\libc_nano.a(libc_a-findfp.o)
                0x2000001c                __sglue
 .data._impure_ptr
                0x20000028        0x4 C:/ST/STM32CubeIDE_1.18.1/STM32CubeIDE/plugins/com.st.stm32cube.ide.mcu.externaltools.gnu-tools-for-stm32.13.3.rel1.win32_1.0.0.202411081344/tools/bin/../lib/gcc/arm-none-eabi/13.3.1/../../../../arm-none-eabi/lib/thumb/v8-m.main+fp/hard\libc_nano.a(libc_a-impure.o)
                0x20000028                _impure_ptr
 .data._impure_data
                0x2000002c       0x4c C:/ST/STM32CubeIDE_1.18.1/STM32CubeIDE/plugins/com.st.stm32cube.ide.mcu.externaltools.gnu-tools-for-stm32.13.3.rel1.win32_1.0.0.202411081344/tools/bin/../lib/gcc/arm-none-eabi/13.3.1/../../../../arm-none-eabi/lib/thumb/v8-m.main+fp/hard\libc_nano.a(libc_a-impure.o)
                0x2000002c                _impure_data
 *(.RamFunc)
 *(.RamFunc*)
                0x20000078                        . = ALIGN (0x4)
                0x20000078                        _edata = .

.igot.plt       0x20000078        0x0 load address 0x08007118
 .igot.plt      0x20000078        0x0 C:/ST/STM32CubeIDE_1.18.1/STM32CubeIDE/plugins/com.st.stm32cube.ide.mcu.externaltools.gnu-tools-for-stm32.13.3.rel1.win32_1.0.0.202411081344/tools/bin/../lib/gcc/arm-none-eabi/13.3.1/thumb/v8-m.main+fp/hard/crtbegin.o
                0x20000078                        . = ALIGN (0x4)

.bss            0x20000078      0x398 load address 0x08007118
                0x20000078                        _sbss = .
                0x20000078                        __bss_start__ = _sbss
 *(.bss)
 .bss           0x20000078       0x1c C:/ST/STM32CubeIDE_1.18.1/STM32CubeIDE/plugins/com.st.stm32cube.ide.mcu.externaltools.gnu-tools-for-stm32.13.3.rel1.win32_1.0.0.202411081344/tools/bin/../lib/gcc/arm-none-eabi/13.3.1/thumb/v8-m.main+fp/hard/crtbegin.o
 *(.bss*)
 .bss.BspCOMInit
                0x20000094       0x10 ./Core/Src/main.o
                0x20000094                BspCOMInit
 .bss.BspButtonState
                0x200000a4        0x4 ./Core/Src/main.o
                0x200000a4                BspButtonState
 .bss.hspi1     0x200000a8       0x90 ./Core/Src/main.o
                0x200000a8                hspi1
 .bss.htim3     0x20000138       0x4c ./Core/Src/main.o
                0x20000138                htim3
 .bss.huart5    0x20000184       0x94 ./Core/Src/main.o
                0x20000184                huart5
 .bss.__sbrk_heap_end
                0x20000218        0x4 ./Core/Src/sysmem.o
 .bss.hpb_exti  0x2000021c        0xc ./Drivers/BSP/STM32U3xx_Nucleo/stm32u3xx_nucleo.o
                0x2000021c                hpb_exti
 .bss.hcom_uart
                0x20000228       0x94 ./Drivers/BSP/STM32U3xx_Nucleo/stm32u3xx_nucleo.o
                0x20000228                hcom_uart
 .bss.COM_ActiveLogPort
                0x200002bc        0x1 ./Drivers/BSP/STM32U3xx_Nucleo/stm32u3xx_nucleo.o
 *fill*         0x200002bd        0x3 
 .bss.uwTick    0x200002c0        0x4 ./Drivers/STM32U3xx_HAL_Driver/Src/stm32u3xx_hal.o
                0x200002c0                uwTick
 .bss.__sf      0x200002c4      0x138 C:/ST/STM32CubeIDE_1.18.1/STM32CubeIDE/plugins/com.st.stm32cube.ide.mcu.externaltools.gnu-tools-for-stm32.13.3.rel1.win32_1.0.0.202411081344/tools/bin/../lib/gcc/arm-none-eabi/13.3.1/../../../../arm-none-eabi/lib/thumb/v8-m.main+fp/hard\libc_nano.a(libc_a-findfp.o)
                0x200002c4                __sf
 .bss.__stdio_exit_handler
                0x200003fc        0x4 C:/ST/STM32CubeIDE_1.18.1/STM32CubeIDE/plugins/com.st.stm32cube.ide.mcu.externaltools.gnu-tools-for-stm32.13.3.rel1.win32_1.0.0.202411081344/tools/bin/../lib/gcc/arm-none-eabi/13.3.1/../../../../arm-none-eabi/lib/thumb/v8-m.main+fp/hard\libc_nano.a(libc_a-findfp.o)
                0x200003fc                __stdio_exit_handler
 .bss.errno     0x20000400        0x4 C:/ST/STM32CubeIDE_1.18.1/STM32CubeIDE/plugins/com.st.stm32cube.ide.mcu.externaltools.gnu-tools-for-stm32.13.3.rel1.win32_1.0.0.202411081344/tools/bin/../lib/gcc/arm-none-eabi/13.3.1/../../../../arm-none-eabi/lib/thumb/v8-m.main+fp/hard\libc_nano.a(libc_a-reent.o)
                0x20000400                errno
 .bss.__lock___malloc_recursive_mutex
                0x20000404        0x1 C:/ST/STM32CubeIDE_1.18.1/STM32CubeIDE/plugins/com.st.stm32cube.ide.mcu.externaltools.gnu-tools-for-stm32.13.3.rel1.win32_1.0.0.202411081344/tools/bin/../lib/gcc/arm-none-eabi/13.3.1/../../../../arm-none-eabi/lib/thumb/v8-m.main+fp/hard\libc_nano.a(libc_a-lock.o)
                0x20000404                __lock___malloc_recursive_mutex
 .bss.__lock___sfp_recursive_mutex
                0x20000405        0x1 C:/ST/STM32CubeIDE_1.18.1/STM32CubeIDE/plugins/com.st.stm32cube.ide.mcu.externaltools.gnu-tools-for-stm32.13.3.rel1.win32_1.0.0.202411081344/tools/bin/../lib/gcc/arm-none-eabi/13.3.1/../../../../arm-none-eabi/lib/thumb/v8-m.main+fp/hard\libc_nano.a(libc_a-lock.o)
                0x20000405                __lock___sfp_recursive_mutex
 *fill*         0x20000406        0x2 
 .bss.__malloc_sbrk_start
                0x20000408        0x4 C:/ST/STM32CubeIDE_1.18.1/STM32CubeIDE/plugins/com.st.stm32cube.ide.mcu.externaltools.gnu-tools-for-stm32.13.3.rel1.win32_1.0.0.202411081344/tools/bin/../lib/gcc/arm-none-eabi/13.3.1/../../../../arm-none-eabi/lib/thumb/v8-m.main+fp/hard\libc_nano.a(libc_a-mallocr.o)
                0x20000408                __malloc_sbrk_start
 .bss.__malloc_free_list
                0x2000040c        0x4 C:/ST/STM32CubeIDE_1.18.1/STM32CubeIDE/plugins/com.st.stm32cube.ide.mcu.externaltools.gnu-tools-for-stm32.13.3.rel1.win32_1.0.0.202411081344/tools/bin/../lib/gcc/arm-none-eabi/13.3.1/../../../../arm-none-eabi/lib/thumb/v8-m.main+fp/hard\libc_nano.a(libc_a-mallocr.o)
                0x2000040c                __malloc_free_list
 *(COMMON)
                0x20000410                        . = ALIGN (0x4)
                0x20000410                        _ebss = .
                0x20000410                        __bss_end__ = _ebss

._user_heap_stack
                0x20000410      0x600 load address 0x08007118
                0x20000410                        . = ALIGN (0x8)
                [!provide]                        PROVIDE (end = .)
                0x20000410                        PROVIDE (_end = .)
                0x20000610                        . = (. + _Min_Heap_Size)
 *fill*         0x20000410      0x200 
                0x20000a10                        . = (. + _Min_Stack_Size)
 *fill*         0x20000610      0x400 
                0x20000a10                        . = ALIGN (0x8)

/DISCARD/
 libc.a(*)
 libm.a(*)
 libgcc.a(*)

.ARM.attributes
                0x00000000       0x36
 *(.ARM.attributes)
 .ARM.attributes
                0x00000000       0x26 C:/ST/STM32CubeIDE_1.18.1/STM32CubeIDE/plugins/com.st.stm32cube.ide.mcu.externaltools.gnu-tools-for-stm32.13.3.rel1.win32_1.0.0.202411081344/tools/bin/../lib/gcc/arm-none-eabi/13.3.1/thumb/v8-m.main+fp/hard/crti.o
 .ARM.attributes
                0x00000026       0x38 C:/ST/STM32CubeIDE_1.18.1/STM32CubeIDE/plugins/com.st.stm32cube.ide.mcu.externaltools.gnu-tools-for-stm32.13.3.rel1.win32_1.0.0.202411081344/tools/bin/../lib/gcc/arm-none-eabi/13.3.1/thumb/v8-m.main+fp/hard/crtbegin.o
 .ARM.attributes
                0x0000005e       0x3a ./Core/Src/font8x8_basic.o
 .ARM.attributes
                0x00000098       0x3a ./Core/Src/lcd.o
 .ARM.attributes
                0x000000d2       0x3a ./Core/Src/lcd_text.o
 .ARM.attributes
                0x0000010c       0x3a ./Core/Src/main.o
 .ARM.attributes
                0x00000146       0x3a ./Core/Src/stm32u3xx_hal_msp.o
 .ARM.attributes
                0x00000180       0x3a ./Core/Src/stm32u3xx_it.o
 .ARM.attributes
                0x000001ba       0x3a ./Core/Src/syscalls.o
 .ARM.attributes
                0x000001f4       0x3a ./Core/Src/sysmem.o
 .ARM.attributes
                0x0000022e       0x3a ./Core/Src/system_stm32u3xx.o
 .ARM.attributes
                0x00000268       0x24 ./Core/Startup/startup_stm32u385rgtxq.o
 .ARM.attributes
                0x0000028c       0x3a ./Drivers/BSP/STM32U3xx_Nucleo/stm32u3xx_nucleo.o
 .ARM.attributes
                0x000002c6       0x3a ./Drivers/STM32U3xx_HAL_Driver/Src/stm32u3xx_hal.o
 .ARM.attributes
                0x00000300       0x3a ./Drivers/STM32U3xx_HAL_Driver/Src/stm32u3xx_hal_cortex.o
 .ARM.attributes
                0x0000033a       0x3a ./Drivers/STM32U3xx_HAL_Driver/Src/stm32u3xx_hal_exti.o
 .ARM.attributes
                0x00000374       0x3a ./Drivers/STM32U3xx_HAL_Driver/Src/stm32u3xx_hal_gpio.o
 .ARM.attributes
                0x000003ae       0x3a ./Drivers/STM32U3xx_HAL_Driver/Src/stm32u3xx_hal_pwr_ex.o
 .ARM.attributes
                0x000003e8       0x3a ./Drivers/STM32U3xx_HAL_Driver/Src/stm32u3xx_hal_rcc.o
 .ARM.attributes
                0x00000422       0x3a ./Drivers/STM32U3xx_HAL_Driver/Src/stm32u3xx_hal_rcc_ex.o
 .ARM.attributes
                0x0000045c       0x3a ./Drivers/STM32U3xx_HAL_Driver/Src/stm32u3xx_hal_spi.o
 .ARM.attributes
                0x00000496       0x3a ./Drivers/STM32U3xx_HAL_Driver/Src/stm32u3xx_hal_spi_ex.o
 .ARM.attributes
                0x000004d0       0x3a ./Drivers/STM32U3xx_HAL_Driver/Src/stm32u3xx_hal_tim.o
 .ARM.attributes
                0x0000050a       0x3a ./Drivers/STM32U3xx_HAL_Driver/Src/stm32u3xx_hal_tim_ex.o
 .ARM.attributes
                0x00000544       0x3a ./Drivers/STM32U3xx_HAL_Driver/Src/stm32u3xx_hal_uart.o
 .ARM.attributes
                0x0000057e       0x3a ./Drivers/STM32U3xx_HAL_Driver/Src/stm32u3xx_hal_uart_ex.o
 .ARM.attributes
                0x000005b8       0x38 C:/ST/STM32CubeIDE_1.18.1/STM32CubeIDE/plugins/com.st.stm32cube.ide.mcu.externaltools.gnu-tools-for-stm32.13.3.rel1.win32_1.0.0.202411081344/tools/bin/../lib/gcc/arm-none-eabi/13.3.1/../../../../arm-none-eabi/lib/thumb/v8-m.main+fp/hard\libc_nano.a(libc_a-findfp.o)
 .ARM.attributes
                0x000005f0       0x38 C:/ST/STM32CubeIDE_1.18.1/STM32CubeIDE/plugins/com.st.stm32cube.ide.mcu.externaltools.gnu-tools-for-stm32.13.3.rel1.win32_1.0.0.202411081344/tools/bin/../lib/gcc/arm-none-eabi/13.3.1/../../../../arm-none-eabi/lib/thumb/v8-m.main+fp/hard\libc_nano.a(libc_a-fwalk.o)
 .ARM.attributes
                0x00000628       0x38 C:/ST/STM32CubeIDE_1.18.1/STM32CubeIDE/plugins/com.st.stm32cube.ide.mcu.externaltools.gnu-tools-for-stm32.13.3.rel1.win32_1.0.0.202411081344/tools/bin/../lib/gcc/arm-none-eabi/13.3.1/../../../../arm-none-eabi/lib/thumb/v8-m.main+fp/hard\libc_nano.a(libc_a-printf.o)
 .ARM.attributes
                0x00000660       0x38 C:/ST/STM32CubeIDE_1.18.1/STM32CubeIDE/plugins/com.st.stm32cube.ide.mcu.externaltools.gnu-tools-for-stm32.13.3.rel1.win32_1.0.0.202411081344/tools/bin/../lib/gcc/arm-none-eabi/13.3.1/../../../../arm-none-eabi/lib/thumb/v8-m.main+fp/hard\libc_nano.a(libc_a-stdio.o)
 .ARM.attributes
                0x00000698       0x38 C:/ST/STM32CubeIDE_1.18.1/STM32CubeIDE/plugins/com.st.stm32cube.ide.mcu.externaltools.gnu-tools-for-stm32.13.3.rel1.win32_1.0.0.202411081344/tools/bin/../lib/gcc/arm-none-eabi/13.3.1/../../../../arm-none-eabi/lib/thumb/v8-m.main+fp/hard\libc_nano.a(libc_a-memset.o)
 .ARM.attributes
                0x000006d0       0x38 C:/ST/STM32CubeIDE_1.18.1/STM32CubeIDE/plugins/com.st.stm32cube.ide.mcu.externaltools.gnu-tools-for-stm32.13.3.rel1.win32_1.0.0.202411081344/tools/bin/../lib/gcc/arm-none-eabi/13.3.1/../../../../arm-none-eabi/lib/thumb/v8-m.main+fp/hard\libc_nano.a(libc_a-closer.o)
 .ARM.attributes
                0x00000708       0x38 C:/ST/STM32CubeIDE_1.18.1/STM32CubeIDE/plugins/com.st.stm32cube.ide.mcu.externaltools.gnu-tools-for-stm32.13.3.rel1.win32_1.0.0.202411081344/tools/bin/../lib/gcc/arm-none-eabi/13.3.1/../../../../arm-none-eabi/lib/thumb/v8-m.main+fp/hard\libc_nano.a(libc_a-reent.o)
 .ARM.attributes
                0x00000740       0x38 C:/ST/STM32CubeIDE_1.18.1/STM32CubeIDE/plugins/com.st.stm32cube.ide.mcu.externaltools.gnu-tools-for-stm32.13.3.rel1.win32_1.0.0.202411081344/tools/bin/../lib/gcc/arm-none-eabi/13.3.1/../../../../arm-none-eabi/lib/thumb/v8-m.main+fp/hard\libc_nano.a(libc_a-impure.o)
 .ARM.attributes
                0x00000778       0x38 C:/ST/STM32CubeIDE_1.18.1/STM32CubeIDE/plugins/com.st.stm32cube.ide.mcu.externaltools.gnu-tools-for-stm32.13.3.rel1.win32_1.0.0.202411081344/tools/bin/../lib/gcc/arm-none-eabi/13.3.1/../../../../arm-none-eabi/lib/thumb/v8-m.main+fp/hard\libc_nano.a(libc_a-lseekr.o)
 .ARM.attributes
                0x000007b0       0x38 C:/ST/STM32CubeIDE_1.18.1/STM32CubeIDE/plugins/com.st.stm32cube.ide.mcu.externaltools.gnu-tools-for-stm32.13.3.rel1.win32_1.0.0.202411081344/tools/bin/../lib/gcc/arm-none-eabi/13.3.1/../../../../arm-none-eabi/lib/thumb/v8-m.main+fp/hard\libc_nano.a(libc_a-readr.o)
 .ARM.attributes
                0x000007e8       0x38 C:/ST/STM32CubeIDE_1.18.1/STM32CubeIDE/plugins/com.st.stm32cube.ide.mcu.externaltools.gnu-tools-for-stm32.13.3.rel1.win32_1.0.0.202411081344/tools/bin/../lib/gcc/arm-none-eabi/13.3.1/../../../../arm-none-eabi/lib/thumb/v8-m.main+fp/hard\libc_nano.a(libc_a-writer.o)
 .ARM.attributes
                0x00000820       0x38 C:/ST/STM32CubeIDE_1.18.1/STM32CubeIDE/plugins/com.st.stm32cube.ide.mcu.externaltools.gnu-tools-for-stm32.13.3.rel1.win32_1.0.0.202411081344/tools/bin/../lib/gcc/arm-none-eabi/13.3.1/../../../../arm-none-eabi/lib/thumb/v8-m.main+fp/hard\libc_nano.a(libc_a-errno.o)
 .ARM.attributes
                0x00000858       0x38 C:/ST/STM32CubeIDE_1.18.1/STM32CubeIDE/plugins/com.st.stm32cube.ide.mcu.externaltools.gnu-tools-for-stm32.13.3.rel1.win32_1.0.0.202411081344/tools/bin/../lib/gcc/arm-none-eabi/13.3.1/../../../../arm-none-eabi/lib/thumb/v8-m.main+fp/hard\libc_nano.a(libc_a-init.o)
 .ARM.attributes
                0x00000890       0x38 C:/ST/STM32CubeIDE_1.18.1/STM32CubeIDE/plugins/com.st.stm32cube.ide.mcu.externaltools.gnu-tools-for-stm32.13.3.rel1.win32_1.0.0.202411081344/tools/bin/../lib/gcc/arm-none-eabi/13.3.1/../../../../arm-none-eabi/lib/thumb/v8-m.main+fp/hard\libc_nano.a(libc_a-lock.o)
 .ARM.attributes
                0x000008c8       0x38 C:/ST/STM32CubeIDE_1.18.1/STM32CubeIDE/plugins/com.st.stm32cube.ide.mcu.externaltools.gnu-tools-for-stm32.13.3.rel1.win32_1.0.0.202411081344/tools/bin/../lib/gcc/arm-none-eabi/13.3.1/../../../../arm-none-eabi/lib/thumb/v8-m.main+fp/hard\libc_nano.a(libc_a-memcpy-stub.o)
 .ARM.attributes
                0x00000900       0x24 C:/ST/STM32CubeIDE_1.18.1/STM32CubeIDE/plugins/com.st.stm32cube.ide.mcu.externaltools.gnu-tools-for-stm32.13.3.rel1.win32_1.0.0.202411081344/tools/bin/../lib/gcc/arm-none-eabi/13.3.1/../../../../arm-none-eabi/lib/thumb/v8-m.main+fp/hard\libc_nano.a(libc_a-strlen.o)
 .ARM.attributes
                0x00000924       0x38 C:/ST/STM32CubeIDE_1.18.1/STM32CubeIDE/plugins/com.st.stm32cube.ide.mcu.externaltools.gnu-tools-for-stm32.13.3.rel1.win32_1.0.0.202411081344/tools/bin/../lib/gcc/arm-none-eabi/13.3.1/../../../../arm-none-eabi/lib/thumb/v8-m.main+fp/hard\libc_nano.a(libc_a-freer.o)
 .ARM.attributes
                0x0000095c       0x38 C:/ST/STM32CubeIDE_1.18.1/STM32CubeIDE/plugins/com.st.stm32cube.ide.mcu.externaltools.gnu-tools-for-stm32.13.3.rel1.win32_1.0.0.202411081344/tools/bin/../lib/gcc/arm-none-eabi/13.3.1/../../../../arm-none-eabi/lib/thumb/v8-m.main+fp/hard\libc_nano.a(libc_a-mallocr.o)
 .ARM.attributes
                0x00000994       0x38 C:/ST/STM32CubeIDE_1.18.1/STM32CubeIDE/plugins/com.st.stm32cube.ide.mcu.externaltools.gnu-tools-for-stm32.13.3.rel1.win32_1.0.0.202411081344/tools/bin/../lib/gcc/arm-none-eabi/13.3.1/../../../../arm-none-eabi/lib/thumb/v8-m.main+fp/hard\libc_nano.a(libc_a-mlock.o)
 .ARM.attributes
                0x000009cc       0x38 C:/ST/STM32CubeIDE_1.18.1/STM32CubeIDE/plugins/com.st.stm32cube.ide.mcu.externaltools.gnu-tools-for-stm32.13.3.rel1.win32_1.0.0.202411081344/tools/bin/../lib/gcc/arm-none-eabi/13.3.1/../../../../arm-none-eabi/lib/thumb/v8-m.main+fp/hard\libc_nano.a(libc_a-nano-vfprintf.o)
 .ARM.attributes
                0x00000a04       0x38 C:/ST/STM32CubeIDE_1.18.1/STM32CubeIDE/plugins/com.st.stm32cube.ide.mcu.externaltools.gnu-tools-for-stm32.13.3.rel1.win32_1.0.0.202411081344/tools/bin/../lib/gcc/arm-none-eabi/13.3.1/../../../../arm-none-eabi/lib/thumb/v8-m.main+fp/hard\libc_nano.a(libc_a-nano-vfprintf_i.o)
 .ARM.attributes
                0x00000a3c       0x38 C:/ST/STM32CubeIDE_1.18.1/STM32CubeIDE/plugins/com.st.stm32cube.ide.mcu.externaltools.gnu-tools-for-stm32.13.3.rel1.win32_1.0.0.202411081344/tools/bin/../lib/gcc/arm-none-eabi/13.3.1/../../../../arm-none-eabi/lib/thumb/v8-m.main+fp/hard\libc_nano.a(libc_a-fflush.o)
 .ARM.attributes
                0x00000a74       0x38 C:/ST/STM32CubeIDE_1.18.1/STM32CubeIDE/plugins/com.st.stm32cube.ide.mcu.externaltools.gnu-tools-for-stm32.13.3.rel1.win32_1.0.0.202411081344/tools/bin/../lib/gcc/arm-none-eabi/13.3.1/../../../../arm-none-eabi/lib/thumb/v8-m.main+fp/hard\libc_nano.a(libc_a-wbuf.o)
 .ARM.attributes
                0x00000aac       0x38 C:/ST/STM32CubeIDE_1.18.1/STM32CubeIDE/plugins/com.st.stm32cube.ide.mcu.externaltools.gnu-tools-for-stm32.13.3.rel1.win32_1.0.0.202411081344/tools/bin/../lib/gcc/arm-none-eabi/13.3.1/../../../../arm-none-eabi/lib/thumb/v8-m.main+fp/hard\libc_nano.a(libc_a-wsetup.o)
 .ARM.attributes
                0x00000ae4       0x38 C:/ST/STM32CubeIDE_1.18.1/STM32CubeIDE/plugins/com.st.stm32cube.ide.mcu.externaltools.gnu-tools-for-stm32.13.3.rel1.win32_1.0.0.202411081344/tools/bin/../lib/gcc/arm-none-eabi/13.3.1/../../../../arm-none-eabi/lib/thumb/v8-m.main+fp/hard\libc_nano.a(libc_a-sbrkr.o)
 .ARM.attributes
                0x00000b1c       0x38 C:/ST/STM32CubeIDE_1.18.1/STM32CubeIDE/plugins/com.st.stm32cube.ide.mcu.externaltools.gnu-tools-for-stm32.13.3.rel1.win32_1.0.0.202411081344/tools/bin/../lib/gcc/arm-none-eabi/13.3.1/../../../../arm-none-eabi/lib/thumb/v8-m.main+fp/hard\libc_nano.a(libc_a-memchr-stub.o)
 .ARM.attributes
                0x00000b54       0x38 C:/ST/STM32CubeIDE_1.18.1/STM32CubeIDE/plugins/com.st.stm32cube.ide.mcu.externaltools.gnu-tools-for-stm32.13.3.rel1.win32_1.0.0.202411081344/tools/bin/../lib/gcc/arm-none-eabi/13.3.1/../../../../arm-none-eabi/lib/thumb/v8-m.main+fp/hard\libc_nano.a(libc_a-makebuf.o)
 .ARM.attributes
                0x00000b8c       0x38 C:/ST/STM32CubeIDE_1.18.1/STM32CubeIDE/plugins/com.st.stm32cube.ide.mcu.externaltools.gnu-tools-for-stm32.13.3.rel1.win32_1.0.0.202411081344/tools/bin/../lib/gcc/arm-none-eabi/13.3.1/../../../../arm-none-eabi/lib/thumb/v8-m.main+fp/hard\libc_nano.a(libc_a-fstatr.o)
 .ARM.attributes
                0x00000bc4       0x38 C:/ST/STM32CubeIDE_1.18.1/STM32CubeIDE/plugins/com.st.stm32cube.ide.mcu.externaltools.gnu-tools-for-stm32.13.3.rel1.win32_1.0.0.202411081344/tools/bin/../lib/gcc/arm-none-eabi/13.3.1/../../../../arm-none-eabi/lib/thumb/v8-m.main+fp/hard\libc_nano.a(libc_a-isattyr.o)
 .ARM.attributes
                0x00000bfc       0x26 C:/ST/STM32CubeIDE_1.18.1/STM32CubeIDE/plugins/com.st.stm32cube.ide.mcu.externaltools.gnu-tools-for-stm32.13.3.rel1.win32_1.0.0.202411081344/tools/bin/../lib/gcc/arm-none-eabi/13.3.1/thumb/v8-m.main+fp/hard\libgcc.a(_aeabi_uldivmod.o)
 .ARM.attributes
                0x00000c22       0x38 C:/ST/STM32CubeIDE_1.18.1/STM32CubeIDE/plugins/com.st.stm32cube.ide.mcu.externaltools.gnu-tools-for-stm32.13.3.rel1.win32_1.0.0.202411081344/tools/bin/../lib/gcc/arm-none-eabi/13.3.1/thumb/v8-m.main+fp/hard\libgcc.a(_udivmoddi4.o)
 .ARM.attributes
                0x00000c5a       0x26 C:/ST/STM32CubeIDE_1.18.1/STM32CubeIDE/plugins/com.st.stm32cube.ide.mcu.externaltools.gnu-tools-for-stm32.13.3.rel1.win32_1.0.0.202411081344/tools/bin/../lib/gcc/arm-none-eabi/13.3.1/thumb/v8-m.main+fp/hard\libgcc.a(_dvmd_tls.o)
 .ARM.attributes
                0x00000c80       0x26 C:/ST/STM32CubeIDE_1.18.1/STM32CubeIDE/plugins/com.st.stm32cube.ide.mcu.externaltools.gnu-tools-for-stm32.13.3.rel1.win32_1.0.0.202411081344/tools/bin/../lib/gcc/arm-none-eabi/13.3.1/thumb/v8-m.main+fp/hard/crtn.o
OUTPUT(pj-bis2025.elf elf32-littlearm)
LOAD linker stubs
LOAD C:/ST/STM32CubeIDE_1.18.1/STM32CubeIDE/plugins/com.st.stm32cube.ide.mcu.externaltools.gnu-tools-for-stm32.13.3.rel1.win32_1.0.0.202411081344/tools/bin/../lib/gcc/arm-none-eabi/13.3.1/../../../../arm-none-eabi/lib/thumb/v8-m.main+fp/hard\libc.a
LOAD C:/ST/STM32CubeIDE_1.18.1/STM32CubeIDE/plugins/com.st.stm32cube.ide.mcu.externaltools.gnu-tools-for-stm32.13.3.rel1.win32_1.0.0.202411081344/tools/bin/../lib/gcc/arm-none-eabi/13.3.1/../../../../arm-none-eabi/lib/thumb/v8-m.main+fp/hard\libm.a
LOAD C:/ST/STM32CubeIDE_1.18.1/STM32CubeIDE/plugins/com.st.stm32cube.ide.mcu.externaltools.gnu-tools-for-stm32.13.3.rel1.win32_1.0.0.202411081344/tools/bin/../lib/gcc/arm-none-eabi/13.3.1/thumb/v8-m.main+fp/hard\libgcc.a

.debug_info     0x00000000    0x1caa3
 .debug_info    0x00000000       0xbb ./Core/Src/font8x8_basic.o
 .debug_info    0x000000bb      0xe70 ./Core/Src/lcd.o
 .debug_info    0x00000f2b      0x794 ./Core/Src/lcd_text.o
 .debug_info    0x000016bf     0x22c5 ./Core/Src/main.o
 .debug_info    0x00003984     0x193a ./Core/Src/stm32u3xx_hal_msp.o
 .debug_info    0x000052be      0x507 ./Core/Src/stm32u3xx_it.o
 .debug_info    0x000057c5      0x6a3 ./Core/Src/syscalls.o
 .debug_info    0x00005e68      0x168 ./Core/Src/sysmem.o
 .debug_info    0x00005fd0      0x8c4 ./Core/Src/system_stm32u3xx.o
 .debug_info    0x00006894       0x30 ./Core/Startup/startup_stm32u385rgtxq.o
 .debug_info    0x000068c4     0x1ab4 ./Drivers/BSP/STM32U3xx_Nucleo/stm32u3xx_nucleo.o
 .debug_info    0x00008378     0x140d ./Drivers/STM32U3xx_HAL_Driver/Src/stm32u3xx_hal.o
 .debug_info    0x00009785     0x15a9 ./Drivers/STM32U3xx_HAL_Driver/Src/stm32u3xx_hal_cortex.o
 .debug_info    0x0000ad2e      0xa94 ./Drivers/STM32U3xx_HAL_Driver/Src/stm32u3xx_hal_exti.o
 .debug_info    0x0000b7c2      0x9d3 ./Drivers/STM32U3xx_HAL_Driver/Src/stm32u3xx_hal_gpio.o
 .debug_info    0x0000c195      0xec5 ./Drivers/STM32U3xx_HAL_Driver/Src/stm32u3xx_hal_pwr_ex.o
 .debug_info    0x0000d05a     0x107a ./Drivers/STM32U3xx_HAL_Driver/Src/stm32u3xx_hal_rcc.o
 .debug_info    0x0000e0d4      0xee7 ./Drivers/STM32U3xx_HAL_Driver/Src/stm32u3xx_hal_rcc_ex.o
 .debug_info    0x0000efbb     0x1911 ./Drivers/STM32U3xx_HAL_Driver/Src/stm32u3xx_hal_spi.o
 .debug_info    0x000108cc      0xdec ./Drivers/STM32U3xx_HAL_Driver/Src/stm32u3xx_hal_spi_ex.o
 .debug_info    0x000116b8     0x3213 ./Drivers/STM32U3xx_HAL_Driver/Src/stm32u3xx_hal_tim.o
 .debug_info    0x000148cb     0x22bd ./Drivers/STM32U3xx_HAL_Driver/Src/stm32u3xx_hal_tim_ex.o
 .debug_info    0x00016b88     0x4968 ./Drivers/STM32U3xx_HAL_Driver/Src/stm32u3xx_hal_uart.o
 .debug_info    0x0001b4f0     0x15b3 ./Drivers/STM32U3xx_HAL_Driver/Src/stm32u3xx_hal_uart_ex.o

.debug_abbrev   0x00000000     0x34ff
 .debug_abbrev  0x00000000       0x72 ./Core/Src/font8x8_basic.o
 .debug_abbrev  0x00000072      0x252 ./Core/Src/lcd.o
 .debug_abbrev  0x000002c4      0x1b3 ./Core/Src/lcd_text.o
 .debug_abbrev  0x00000477      0x36e ./Core/Src/main.o
 .debug_abbrev  0x000007e5      0x27c ./Core/Src/stm32u3xx_hal_msp.o
 .debug_abbrev  0x00000a61      0x15e ./Core/Src/stm32u3xx_it.o
 .debug_abbrev  0x00000bbf      0x1b6 ./Core/Src/syscalls.o
 .debug_abbrev  0x00000d75       0xbc ./Core/Src/sysmem.o
 .debug_abbrev  0x00000e31      0x142 ./Core/Src/system_stm32u3xx.o
 .debug_abbrev  0x00000f73       0x24 ./Core/Startup/startup_stm32u385rgtxq.o
 .debug_abbrev  0x00000f97      0x34a ./Drivers/BSP/STM32U3xx_Nucleo/stm32u3xx_nucleo.o
 .debug_abbrev  0x000012e1      0x344 ./Drivers/STM32U3xx_HAL_Driver/Src/stm32u3xx_hal.o
 .debug_abbrev  0x00001625      0x312 ./Drivers/STM32U3xx_HAL_Driver/Src/stm32u3xx_hal_cortex.o
 .debug_abbrev  0x00001937      0x1de ./Drivers/STM32U3xx_HAL_Driver/Src/stm32u3xx_hal_exti.o
 .debug_abbrev  0x00001b15      0x1fb ./Drivers/STM32U3xx_HAL_Driver/Src/stm32u3xx_hal_gpio.o
 .debug_abbrev  0x00001d10      0x20f ./Drivers/STM32U3xx_HAL_Driver/Src/stm32u3xx_hal_pwr_ex.o
 .debug_abbrev  0x00001f1f      0x2c8 ./Drivers/STM32U3xx_HAL_Driver/Src/stm32u3xx_hal_rcc.o
 .debug_abbrev  0x000021e7      0x24a ./Drivers/STM32U3xx_HAL_Driver/Src/stm32u3xx_hal_rcc_ex.o
 .debug_abbrev  0x00002431      0x2e4 ./Drivers/STM32U3xx_HAL_Driver/Src/stm32u3xx_hal_spi.o
 .debug_abbrev  0x00002715      0x1f9 ./Drivers/STM32U3xx_HAL_Driver/Src/stm32u3xx_hal_spi_ex.o
 .debug_abbrev  0x0000290e      0x2d4 ./Drivers/STM32U3xx_HAL_Driver/Src/stm32u3xx_hal_tim.o
 .debug_abbrev  0x00002be2      0x2cd ./Drivers/STM32U3xx_HAL_Driver/Src/stm32u3xx_hal_tim_ex.o
 .debug_abbrev  0x00002eaf      0x349 ./Drivers/STM32U3xx_HAL_Driver/Src/stm32u3xx_hal_uart.o
 .debug_abbrev  0x000031f8      0x307 ./Drivers/STM32U3xx_HAL_Driver/Src/stm32u3xx_hal_uart_ex.o

.debug_aranges  0x00000000     0x1528
 .debug_aranges
                0x00000000       0x18 ./Core/Src/font8x8_basic.o
 .debug_aranges
                0x00000018       0x48 ./Core/Src/lcd.o
 .debug_aranges
                0x00000060       0x38 ./Core/Src/lcd_text.o
 .debug_aranges
                0x00000098       0x58 ./Core/Src/main.o
 .debug_aranges
                0x000000f0       0x58 ./Core/Src/stm32u3xx_hal_msp.o
 .debug_aranges
                0x00000148       0x68 ./Core/Src/stm32u3xx_it.o
 .debug_aranges
                0x000001b0       0xa8 ./Core/Src/syscalls.o
 .debug_aranges
                0x00000258       0x20 ./Core/Src/sysmem.o
 .debug_aranges
                0x00000278       0x28 ./Core/Src/system_stm32u3xx.o
 .debug_aranges
                0x000002a0       0x28 ./Core/Startup/startup_stm32u385rgtxq.o
 .debug_aranges
                0x000002c8       0xc8 ./Drivers/BSP/STM32U3xx_Nucleo/stm32u3xx_nucleo.o
 .debug_aranges
                0x00000390      0x168 ./Drivers/STM32U3xx_HAL_Driver/Src/stm32u3xx_hal.o
 .debug_aranges
                0x000004f8      0x148 ./Drivers/STM32U3xx_HAL_Driver/Src/stm32u3xx_hal_cortex.o
 .debug_aranges
                0x00000640       0x70 ./Drivers/STM32U3xx_HAL_Driver/Src/stm32u3xx_hal_exti.o
 .debug_aranges
                0x000006b0       0x80 ./Drivers/STM32U3xx_HAL_Driver/Src/stm32u3xx_hal_gpio.o
 .debug_aranges
                0x00000730      0x138 ./Drivers/STM32U3xx_HAL_Driver/Src/stm32u3xx_hal_pwr_ex.o
 .debug_aranges
                0x00000868       0xb0 ./Drivers/STM32U3xx_HAL_Driver/Src/stm32u3xx_hal_rcc.o
 .debug_aranges
                0x00000918       0xe8 ./Drivers/STM32U3xx_HAL_Driver/Src/stm32u3xx_hal_rcc_ex.o
 .debug_aranges
                0x00000a00      0x1a8 ./Drivers/STM32U3xx_HAL_Driver/Src/stm32u3xx_hal_spi.o
 .debug_aranges
                0x00000ba8       0x48 ./Drivers/STM32U3xx_HAL_Driver/Src/stm32u3xx_hal_spi_ex.o
 .debug_aranges
                0x00000bf0      0x3e8 ./Drivers/STM32U3xx_HAL_Driver/Src/stm32u3xx_hal_tim.o
 .debug_aranges
                0x00000fd8      0x250 ./Drivers/STM32U3xx_HAL_Driver/Src/stm32u3xx_hal_tim_ex.o
 .debug_aranges
                0x00001228      0x248 ./Drivers/STM32U3xx_HAL_Driver/Src/stm32u3xx_hal_uart.o
 .debug_aranges
                0x00001470       0xb8 ./Drivers/STM32U3xx_HAL_Driver/Src/stm32u3xx_hal_uart_ex.o

.debug_macro    0x00000000    0x2fd16
 .debug_macro   0x00000000       0x6d ./Core/Src/font8x8_basic.o
 .debug_macro   0x0000006d      0xae4 ./Core/Src/font8x8_basic.o
 .debug_macro   0x00000b51       0x22 ./Core/Src/font8x8_basic.o
 .debug_macro   0x00000b73       0x8e ./Core/Src/font8x8_basic.o
 .debug_macro   0x00000c01       0x51 ./Core/Src/font8x8_basic.o
 .debug_macro   0x00000c52      0x103 ./Core/Src/font8x8_basic.o
 .debug_macro   0x00000d55       0x6a ./Core/Src/font8x8_basic.o
 .debug_macro   0x00000dbf      0x1df ./Core/Src/font8x8_basic.o
 .debug_macro   0x00000f9e      0x34b ./Core/Src/lcd.o
 .debug_macro   0x000012e9      0x1dd ./Core/Src/lcd.o
 .debug_macro   0x000014c6       0x2e ./Core/Src/lcd.o
 .debug_macro   0x000014f4       0x42 ./Core/Src/lcd.o
 .debug_macro   0x00001536       0x1c ./Core/Src/lcd.o
 .debug_macro   0x00001552       0x29 ./Core/Src/lcd.o
 .debug_macro   0x0000157b       0xfb ./Core/Src/lcd.o
 .debug_macro   0x00001676     0x1685 ./Core/Src/lcd.o
 .debug_macro   0x00002cfb       0x5e ./Core/Src/lcd.o
 .debug_macro   0x00002d59    0x1df8a ./Core/Src/lcd.o
 .debug_macro   0x00020ce3       0x6c ./Core/Src/lcd.o
 .debug_macro   0x00020d4f     0x3432 ./Core/Src/lcd.o
 .debug_macro   0x00024181      0x190 ./Core/Src/lcd.o
 .debug_macro   0x00024311       0x61 ./Core/Src/lcd.o
 .debug_macro   0x00024372       0x2a ./Core/Src/lcd.o
 .debug_macro   0x0002439c       0x43 ./Core/Src/lcd.o
 .debug_macro   0x000243df       0x34 ./Core/Src/lcd.o
 .debug_macro   0x00024413      0x370 ./Core/Src/lcd.o
 .debug_macro   0x00024783       0x16 ./Core/Src/lcd.o
 .debug_macro   0x00024799       0x4a ./Core/Src/lcd.o
 .debug_macro   0x000247e3       0x34 ./Core/Src/lcd.o
 .debug_macro   0x00024817       0x10 ./Core/Src/lcd.o
 .debug_macro   0x00024827       0x58 ./Core/Src/lcd.o
 .debug_macro   0x0002487f       0x8e ./Core/Src/lcd.o
 .debug_macro   0x0002490d       0x1c ./Core/Src/lcd.o
 .debug_macro   0x00024929      0x185 ./Core/Src/lcd.o
 .debug_macro   0x00024aae      0x19b ./Core/Src/lcd.o
 .debug_macro   0x00024c49       0x5d ./Core/Src/lcd.o
 .debug_macro   0x00024ca6      0x929 ./Core/Src/lcd.o
 .debug_macro   0x000255cf     0x177a ./Core/Src/lcd.o
 .debug_macro   0x00026d49      0x837 ./Core/Src/lcd.o
 .debug_macro   0x00027580      0x1dd ./Core/Src/lcd.o
 .debug_macro   0x0002775d      0x1d0 ./Core/Src/lcd.o
 .debug_macro   0x0002792d      0x47f ./Core/Src/lcd.o
 .debug_macro   0x00027dac      0x313 ./Core/Src/lcd.o
 .debug_macro   0x000280bf       0xd6 ./Core/Src/lcd.o
 .debug_macro   0x00028195      0x1d5 ./Core/Src/lcd.o
 .debug_macro   0x0002836a      0x1b0 ./Core/Src/lcd.o
 .debug_macro   0x0002851a      0x439 ./Core/Src/lcd.o
 .debug_macro   0x00028953       0xda ./Core/Src/lcd.o
 .debug_macro   0x00028a2d      0x11c ./Core/Src/lcd.o
 .debug_macro   0x00028b49      0x511 ./Core/Src/lcd.o
 .debug_macro   0x0002905a      0x23b ./Core/Src/lcd.o
 .debug_macro   0x00029295      0x5cf ./Core/Src/lcd.o
 .debug_macro   0x00029864       0xed ./Core/Src/lcd.o
 .debug_macro   0x00029951       0xeb ./Core/Src/lcd.o
 .debug_macro   0x00029a3c      0xba9 ./Core/Src/lcd.o
 .debug_macro   0x0002a5e5      0x404 ./Core/Src/lcd.o
 .debug_macro   0x0002a9e9      0x677 ./Core/Src/lcd.o
 .debug_macro   0x0002b060      0x1a1 ./Core/Src/lcd.o
 .debug_macro   0x0002b201      0x37b ./Core/Src/lcd.o
 .debug_macro   0x0002b57c       0x22 ./Core/Src/lcd.o
 .debug_macro   0x0002b59e       0x52 ./Core/Src/lcd.o
 .debug_macro   0x0002b5f0       0x1c ./Core/Src/lcd.o
 .debug_macro   0x0002b60c       0x3c ./Core/Src/lcd.o
 .debug_macro   0x0002b648       0x10 ./Core/Src/lcd.o
 .debug_macro   0x0002b658       0x1c ./Core/Src/lcd.o
 .debug_macro   0x0002b674       0x16 ./Core/Src/lcd.o
 .debug_macro   0x0002b68a      0x146 ./Core/Src/lcd.o
 .debug_macro   0x0002b7d0       0xf2 ./Core/Src/lcd.o
 .debug_macro   0x0002b8c2       0x70 ./Core/Src/lcd.o
 .debug_macro   0x0002b932       0x16 ./Core/Src/lcd.o
 .debug_macro   0x0002b948       0x20 ./Core/Src/lcd.o
 .debug_macro   0x0002b968      0x347 ./Core/Src/lcd_text.o
 .debug_macro   0x0002bcaf      0x2f3 ./Core/Src/main.o
 .debug_macro   0x0002bfa2      0x2f3 ./Core/Src/stm32u3xx_hal_msp.o
 .debug_macro   0x0002c295      0x2fd ./Core/Src/stm32u3xx_it.o
 .debug_macro   0x0002c592      0x274 ./Core/Src/syscalls.o
 .debug_macro   0x0002c806       0x5b ./Core/Src/syscalls.o
 .debug_macro   0x0002c861       0x94 ./Core/Src/syscalls.o
 .debug_macro   0x0002c8f5       0x57 ./Core/Src/syscalls.o
 .debug_macro   0x0002c94c       0x10 ./Core/Src/syscalls.o
 .debug_macro   0x0002c95c       0x10 ./Core/Src/syscalls.o
 .debug_macro   0x0002c96c       0x10 ./Core/Src/syscalls.o
 .debug_macro   0x0002c97c       0x10 ./Core/Src/syscalls.o
 .debug_macro   0x0002c98c       0x1c ./Core/Src/syscalls.o
 .debug_macro   0x0002c9a8       0x52 ./Core/Src/syscalls.o
 .debug_macro   0x0002c9fa       0x22 ./Core/Src/syscalls.o
 .debug_macro   0x0002ca1c       0x10 ./Core/Src/syscalls.o
 .debug_macro   0x0002ca2c       0x52 ./Core/Src/syscalls.o
 .debug_macro   0x0002ca7e       0xcf ./Core/Src/syscalls.o
 .debug_macro   0x0002cb4d       0x1c ./Core/Src/syscalls.o
 .debug_macro   0x0002cb69       0x3d ./Core/Src/syscalls.o
 .debug_macro   0x0002cba6       0x35 ./Core/Src/syscalls.o
 .debug_macro   0x0002cbdb      0x12c ./Core/Src/syscalls.o
 .debug_macro   0x0002cd07       0x16 ./Core/Src/syscalls.o
 .debug_macro   0x0002cd1d       0x16 ./Core/Src/syscalls.o
 .debug_macro   0x0002cd33       0x29 ./Core/Src/syscalls.o
 .debug_macro   0x0002cd5c       0x10 ./Core/Src/syscalls.o
 .debug_macro   0x0002cd6c      0x242 ./Core/Src/syscalls.o
 .debug_macro   0x0002cfae       0x10 ./Core/Src/syscalls.o
 .debug_macro   0x0002cfbe      0x18a ./Core/Src/syscalls.o
 .debug_macro   0x0002d148       0x16 ./Core/Src/syscalls.o
 .debug_macro   0x0002d15e       0xce ./Core/Src/syscalls.o
 .debug_macro   0x0002d22c      0x112 ./Core/Src/sysmem.o
 .debug_macro   0x0002d33e      0x23c ./Core/Src/sysmem.o
 .debug_macro   0x0002d57a      0x28f ./Core/Src/system_stm32u3xx.o
 .debug_macro   0x0002d809      0x2f0 ./Drivers/BSP/STM32U3xx_Nucleo/stm32u3xx_nucleo.o
 .debug_macro   0x0002daf9       0x1c ./Drivers/BSP/STM32U3xx_Nucleo/stm32u3xx_nucleo.o
 .debug_macro   0x0002db15      0x295 ./Drivers/STM32U3xx_HAL_Driver/Src/stm32u3xx_hal.o
 .debug_macro   0x0002ddaa      0x290 ./Drivers/STM32U3xx_HAL_Driver/Src/stm32u3xx_hal_cortex.o
 .debug_macro   0x0002e03a      0x2a7 ./Drivers/STM32U3xx_HAL_Driver/Src/stm32u3xx_hal_exti.o
 .debug_macro   0x0002e2e1      0x296 ./Drivers/STM32U3xx_HAL_Driver/Src/stm32u3xx_hal_gpio.o
 .debug_macro   0x0002e577      0x2a4 ./Drivers/STM32U3xx_HAL_Driver/Src/stm32u3xx_hal_pwr_ex.o
 .debug_macro   0x0002e81b      0x2bf ./Drivers/STM32U3xx_HAL_Driver/Src/stm32u3xx_hal_rcc.o
 .debug_macro   0x0002eada      0x295 ./Drivers/STM32U3xx_HAL_Driver/Src/stm32u3xx_hal_rcc_ex.o
 .debug_macro   0x0002ed6f      0x297 ./Drivers/STM32U3xx_HAL_Driver/Src/stm32u3xx_hal_spi.o
 .debug_macro   0x0002f006      0x28f ./Drivers/STM32U3xx_HAL_Driver/Src/stm32u3xx_hal_spi_ex.o
 .debug_macro   0x0002f295      0x297 ./Drivers/STM32U3xx_HAL_Driver/Src/stm32u3xx_hal_tim.o
 .debug_macro   0x0002f52c      0x295 ./Drivers/STM32U3xx_HAL_Driver/Src/stm32u3xx_hal_tim_ex.o
 .debug_macro   0x0002f7c1      0x2ba ./Drivers/STM32U3xx_HAL_Driver/Src/stm32u3xx_hal_uart.o
 .debug_macro   0x0002fa7b      0x29b ./Drivers/STM32U3xx_HAL_Driver/Src/stm32u3xx_hal_uart_ex.o

.debug_line     0x00000000    0x1a25a
 .debug_line    0x00000000      0x41a ./Core/Src/font8x8_basic.o
 .debug_line    0x0000041a      0xa13 ./Core/Src/lcd.o
 .debug_line    0x00000e2d      0xb22 ./Core/Src/lcd_text.o
 .debug_line    0x0000194f      0xc02 ./Core/Src/main.o
 .debug_line    0x00002551      0xa93 ./Core/Src/stm32u3xx_hal_msp.o
 .debug_line    0x00002fe4      0xa17 ./Core/Src/stm32u3xx_it.o
 .debug_line    0x000039fb      0x8ac ./Core/Src/syscalls.o
 .debug_line    0x000042a7      0x588 ./Core/Src/sysmem.o
 .debug_line    0x0000482f      0x926 ./Core/Src/system_stm32u3xx.o
 .debug_line    0x00005155       0x79 ./Core/Startup/startup_stm32u385rgtxq.o
 .debug_line    0x000051ce      0xcae ./Drivers/BSP/STM32U3xx_Nucleo/stm32u3xx_nucleo.o
 .debug_line    0x00005e7c      0xebc ./Drivers/STM32U3xx_HAL_Driver/Src/stm32u3xx_hal.o
 .debug_line    0x00006d38      0xf06 ./Drivers/STM32U3xx_HAL_Driver/Src/stm32u3xx_hal_cortex.o
 .debug_line    0x00007c3e      0xcec ./Drivers/STM32U3xx_HAL_Driver/Src/stm32u3xx_hal_exti.o
 .debug_line    0x0000892a      0xda0 ./Drivers/STM32U3xx_HAL_Driver/Src/stm32u3xx_hal_gpio.o
 .debug_line    0x000096ca      0xd8b ./Drivers/STM32U3xx_HAL_Driver/Src/stm32u3xx_hal_pwr_ex.o
 .debug_line    0x0000a455     0x126a ./Drivers/STM32U3xx_HAL_Driver/Src/stm32u3xx_hal_rcc.o
 .debug_line    0x0000b6bf     0x150f ./Drivers/STM32U3xx_HAL_Driver/Src/stm32u3xx_hal_rcc_ex.o
 .debug_line    0x0000cbce     0x24f5 ./Drivers/STM32U3xx_HAL_Driver/Src/stm32u3xx_hal_spi.o
 .debug_line    0x0000f0c3      0xa91 ./Drivers/STM32U3xx_HAL_Driver/Src/stm32u3xx_hal_spi_ex.o