../Core/Src/main.c:174:5:main	136	static
../Core/Src/main.c:399:6:SystemClock_Config	88	static
../Core/Src/main.c:465:13:MX_ADC1_Init	40	static
../Core/Src/main.c:522:13:MX_DAC1_Init	64	static
../Core/Src/main.c:577:13:MX_OPAMP1_Init	8	static
../Core/Src/main.c:607:13:MX_SPI1_Init	24	static
../Core/Src/main.c:664:13:MX_SPI2_Init	24	static
../Core/Src/main.c:721:13:MX_TIM3_Init	64	static
../Core/Src/main.c:780:13:MX_UART5_Init	8	static
../Core/Src/main.c:828:13:MX_GPIO_Init	48	static
../Core/Src/main.c:877:13:ads_send_command	16	static
../Core/Src/main.c:891:13:ads_write_reg	24	static
../Core/Src/main.c:909:16:ads_read_reg	32	static
../Core/Src/main.c:930:13:ads_init	16	static
../Core/Src/main.c:966:16:ads_read_ch1_data	48	static
../Core/Src/main.c:999:6:BSP_PB_Callback	16	static
../Core/Src/main.c:1011:6:Error_Handler	4	static,ignoring_inline_asm
