../Core/Src/main.c:203:5:main	176	static
../Core/Src/main.c:467:6:SystemClock_Config	88	static
../Core/Src/main.c:533:13:MX_ADC1_Init	40	static
../Core/Src/main.c:590:13:MX_ADC2_Init	40	static
../Core/Src/main.c:647:13:MX_DAC1_Init	64	static
../Core/Src/main.c:702:13:MX_OPAMP1_Init	8	static
../Core/Src/main.c:732:13:MX_OPAMP2_Init	8	static
../Core/Src/main.c:762:13:MX_SPI1_Init	24	static
../Core/Src/main.c:819:13:MX_SPI2_Init	24	static
../Core/Src/main.c:876:13:MX_TIM3_Init	64	static
../Core/Src/main.c:935:13:MX_UART5_Init	8	static
../Core/Src/main.c:983:13:MX_GPIO_Init	48	static
../Core/Src/main.c:1032:13:ads_send_command	16	static
../Core/Src/main.c:1046:13:ads_write_reg	24	static
../Core/Src/main.c:1064:16:ads_read_reg	32	static
../Core/Src/main.c:1085:13:ads_init	16	static
../Core/Src/main.c:1121:16:ads_read_ch1_data	48	static
../Core/Src/main.c:1154:6:BSP_PB_Callback	16	static
../Core/Src/main.c:1176:6:Error_Handler	4	static,ignoring_inline_asm
