../Drivers/STM32U3xx_HAL_Driver/Inc/stm32u3xx_ll_adc.h:2917:22:LL_ADC_SetCommonPathInternalCh	16	static
../Drivers/STM32U3xx_HAL_Driver/Inc/stm32u3xx_ll_adc.h:3009:26:LL_ADC_GetCommonPathInternalCh	16	static
../Drivers/STM32U3xx_HAL_Driver/Inc/stm32u3xx_ll_adc.h:3045:22:LL_ADC_SetPathInternalCh	16	static
../Drivers/STM32U3xx_HAL_Driver/Inc/stm32u3xx_ll_adc.h:3118:26:LL_ADC_GetPathInternalCh	16	static
../Drivers/STM32U3xx_HAL_Driver/Inc/stm32u3xx_ll_adc.h:3146:22:LL_ADC_SetCalibrationFactor	24	static
../Drivers/STM32U3xx_HAL_Driver/Inc/stm32u3xx_ll_adc.h:3171:26:LL_ADC_GetCalibrationFactor	16	static
../Drivers/STM32U3xx_HAL_Driver/Inc/stm32u3xx_ll_adc.h:3380:22:LL_ADC_SetOffsetChannel	32	static
../Drivers/STM32U3xx_HAL_Driver/Inc/stm32u3xx_ll_adc.h:3448:26:LL_ADC_GetOffsetChannel	24	static
../Drivers/STM32U3xx_HAL_Driver/Inc/stm32u3xx_ll_adc.h:3479:22:LL_ADC_SetOffsetLevel	32	static
../Drivers/STM32U3xx_HAL_Driver/Inc/stm32u3xx_ll_adc.h:3540:22:LL_ADC_SetOffsetSign	32	static
../Drivers/STM32U3xx_HAL_Driver/Inc/stm32u3xx_ll_adc.h:3591:22:LL_ADC_SetOffsetSignedSaturation	32	static
../Drivers/STM32U3xx_HAL_Driver/Inc/stm32u3xx_ll_adc.h:3639:22:LL_ADC_SetOffsetUnsignedSaturation	32	static
../Drivers/STM32U3xx_HAL_Driver/Inc/stm32u3xx_ll_adc.h:3829:26:LL_ADC_REG_IsTriggerSourceSWStart	16	static
../Drivers/STM32U3xx_HAL_Driver/Inc/stm32u3xx_ll_adc.h:4349:22:LL_ADC_SetChannelPreselection	24	static
../Drivers/STM32U3xx_HAL_Driver/Inc/stm32u3xx_ll_adc.h:4606:26:LL_ADC_INJ_IsTriggerSourceSWStart	16	static
../Drivers/STM32U3xx_HAL_Driver/Inc/stm32u3xx_ll_adc.h:4902:26:LL_ADC_INJ_GetTrigAuto	16	static
../Drivers/STM32U3xx_HAL_Driver/Inc/stm32u3xx_ll_adc.h:4948:22:LL_ADC_INJ_SetQueueMode	16	static
../Drivers/STM32U3xx_HAL_Driver/Inc/stm32u3xx_ll_adc.h:5273:22:LL_ADC_SetChannelSamplingTime	32	static
../Drivers/STM32U3xx_HAL_Driver/Inc/stm32u3xx_ll_adc.h:6122:26:LL_ADC_GetMultimode	16	static
../Drivers/STM32U3xx_HAL_Driver/Inc/stm32u3xx_ll_adc.h:6269:22:LL_ADC_EnableDeepPowerDown	16	static
../Drivers/STM32U3xx_HAL_Driver/Inc/stm32u3xx_ll_adc.h:6344:22:LL_ADC_DisableInternalRegulator	16	static
../Drivers/STM32U3xx_HAL_Driver/Inc/stm32u3xx_ll_adc.h:6415:26:LL_ADC_IsEnabled	16	static
../Drivers/STM32U3xx_HAL_Driver/Inc/stm32u3xx_ll_adc.h:6451:22:LL_ADC_StartCalibration	16	static
../Drivers/STM32U3xx_HAL_Driver/Inc/stm32u3xx_ll_adc.h:6467:26:LL_ADC_IsCalibrationOnGoing	16	static
../Drivers/STM32U3xx_HAL_Driver/Inc/stm32u3xx_ll_adc.h:6498:22:LL_ADC_REG_StartConversion	16	static
../Drivers/STM32U3xx_HAL_Driver/Inc/stm32u3xx_ll_adc.h:6534:26:LL_ADC_REG_IsConversionOngoing	16	static
../Drivers/STM32U3xx_HAL_Driver/Inc/stm32u3xx_ll_adc.h:6694:22:LL_ADC_INJ_StartConversion	16	static
../Drivers/STM32U3xx_HAL_Driver/Inc/stm32u3xx_ll_adc.h:6730:26:LL_ADC_INJ_IsConversionOngoing	16	static
../Drivers/STM32U3xx_HAL_Driver/Src/stm32u3xx_hal_adc_ex.c:121:19:HAL_ADCEx_Calibration_Start	24	static
../Drivers/STM32U3xx_HAL_Driver/Src/stm32u3xx_hal_adc_ex.c:193:10:HAL_ADCEx_Calibration_GetValue	16	static
../Drivers/STM32U3xx_HAL_Driver/Src/stm32u3xx_hal_adc_ex.c:211:19:HAL_ADCEx_Calibration_SetValue	40	static
../Drivers/STM32U3xx_HAL_Driver/Src/stm32u3xx_hal_adc_ex.c:264:19:HAL_ADCEx_InjectedStart	32	static
../Drivers/STM32U3xx_HAL_Driver/Src/stm32u3xx_hal_adc_ex.c:405:19:HAL_ADCEx_InjectedStop	24	static
../Drivers/STM32U3xx_HAL_Driver/Src/stm32u3xx_hal_adc_ex.c:458:19:HAL_ADCEx_InjectedPollForConversion	48	static
../Drivers/STM32U3xx_HAL_Driver/Src/stm32u3xx_hal_adc_ex.c:590:19:HAL_ADCEx_InjectedStart_IT	32	static
../Drivers/STM32U3xx_HAL_Driver/Src/stm32u3xx_hal_adc_ex.c:755:19:HAL_ADCEx_InjectedStop_IT	24	static
../Drivers/STM32U3xx_HAL_Driver/Src/stm32u3xx_hal_adc_ex.c:822:19:HAL_ADCEx_MultiModeStart_DMA	248	static
../Drivers/STM32U3xx_HAL_Driver/Src/stm32u3xx_hal_adc_ex.c:1001:19:HAL_ADCEx_MultiModeStop_DMA	136	static
../Drivers/STM32U3xx_HAL_Driver/Src/stm32u3xx_hal_adc_ex.c:1135:10:HAL_ADCEx_MultiModeGetValue	24	static
../Drivers/STM32U3xx_HAL_Driver/Src/stm32u3xx_hal_adc_ex.c:1186:10:HAL_ADCEx_InjectedGetValue	24	static
../Drivers/STM32U3xx_HAL_Driver/Src/stm32u3xx_hal_adc_ex.c:1244:9:HAL_ADCEx_InjectedGetSignedValue	24	static
../Drivers/STM32U3xx_HAL_Driver/Src/stm32u3xx_hal_adc_ex.c:1279:13:HAL_ADCEx_InjectedConvCpltCallback	16	static
../Drivers/STM32U3xx_HAL_Driver/Src/stm32u3xx_hal_adc_ex.c:1298:13:HAL_ADCEx_InjectedQueueOverflowCallback	16	static
../Drivers/STM32U3xx_HAL_Driver/Src/stm32u3xx_hal_adc_ex.c:1313:13:HAL_ADCEx_LevelOutOfWindow2Callback	16	static
../Drivers/STM32U3xx_HAL_Driver/Src/stm32u3xx_hal_adc_ex.c:1328:13:HAL_ADCEx_LevelOutOfWindow3Callback	16	static
../Drivers/STM32U3xx_HAL_Driver/Src/stm32u3xx_hal_adc_ex.c:1344:13:HAL_ADCEx_EndOfSamplingCallback	16	static
../Drivers/STM32U3xx_HAL_Driver/Src/stm32u3xx_hal_adc_ex.c:1361:19:HAL_ADCEx_RegularStop	24	static
../Drivers/STM32U3xx_HAL_Driver/Src/stm32u3xx_hal_adc_ex.c:1417:19:HAL_ADCEx_RegularStop_IT	24	static
../Drivers/STM32U3xx_HAL_Driver/Src/stm32u3xx_hal_adc_ex.c:1475:19:HAL_ADCEx_RegularStop_DMA	24	static
../Drivers/STM32U3xx_HAL_Driver/Src/stm32u3xx_hal_adc_ex.c:1561:19:HAL_ADCEx_RegularMultiModeStop_DMA	136	static
../Drivers/STM32U3xx_HAL_Driver/Src/stm32u3xx_hal_adc_ex.c:1723:19:HAL_ADCEx_InjectedConfigChannel	48	static
../Drivers/STM32U3xx_HAL_Driver/Src/stm32u3xx_hal_adc_ex.c:2087:19:HAL_ADCEx_MultiModeConfigChannel	144	static
../Drivers/STM32U3xx_HAL_Driver/Src/stm32u3xx_hal_adc_ex.c:2200:19:HAL_ADCEx_EnableInjectedQueue	32	static
../Drivers/STM32U3xx_HAL_Driver/Src/stm32u3xx_hal_adc_ex.c:2241:19:HAL_ADCEx_DisableInjectedQueue	32	static
../Drivers/STM32U3xx_HAL_Driver/Src/stm32u3xx_hal_adc_ex.c:2278:19:HAL_ADCEx_DisableVoltageRegulator	24	static
../Drivers/STM32U3xx_HAL_Driver/Src/stm32u3xx_hal_adc_ex.c:2315:19:HAL_ADCEx_EnterADCDeepPowerDownMode	24	static
