../Drivers/STM32U3xx_HAL_Driver/Src/stm32u3xx_hal_uart.c:309:19:HAL_UART_Init	16	static
../Drivers/STM32U3xx_HAL_Driver/Src/stm32u3xx_hal_uart.c:384:19:HAL_HalfDuplex_Init	16	static
../Drivers/STM32U3xx_HAL_Driver/Src/stm32u3xx_hal_uart.c:459:19:HAL_LIN_Init	16	static
../Drivers/STM32U3xx_HAL_Driver/Src/stm32u3xx_hal_uart.c:558:19:HAL_MultiProcessor_Init	24	static
../Drivers/STM32U3xx_HAL_Driver/Src/stm32u3xx_hal_uart.c:634:19:HAL_UART_DeInit	16	static
../Drivers/STM32U3xx_HAL_Driver/Src/stm32u3xx_hal_uart.c:681:13:HAL_UART_MspInit	16	static
../Drivers/STM32U3xx_HAL_Driver/Src/stm32u3xx_hal_uart.c:696:13:HAL_UART_MspDeInit	16	static
../Drivers/STM32U3xx_HAL_Driver/Src/stm32u3xx_hal_uart.c:1110:19:HAL_UART_Transmit	48	static
../Drivers/STM32U3xx_HAL_Driver/Src/stm32u3xx_hal_uart.c:1200:19:HAL_UART_Receive	48	static
../Drivers/STM32U3xx_HAL_Driver/Src/stm32u3xx_hal_uart.c:1284:19:HAL_UART_Transmit_IT	72	static,ignoring_inline_asm
../Drivers/STM32U3xx_HAL_Driver/Src/stm32u3xx_hal_uart.c:1352:19:HAL_UART_Receive_IT	48	static,ignoring_inline_asm
../Drivers/STM32U3xx_HAL_Driver/Src/stm32u3xx_hal_uart.c:1394:19:HAL_UART_Transmit_DMA	56	static,ignoring_inline_asm
../Drivers/STM32U3xx_HAL_Driver/Src/stm32u3xx_hal_uart.c:1503:19:HAL_UART_Receive_DMA	48	static,ignoring_inline_asm
../Drivers/STM32U3xx_HAL_Driver/Src/stm32u3xx_hal_uart.c:1539:19:HAL_UART_DMAPause	72	static,ignoring_inline_asm
../Drivers/STM32U3xx_HAL_Driver/Src/stm32u3xx_hal_uart.c:1601:19:HAL_UART_DMAResume	64	static,ignoring_inline_asm
../Drivers/STM32U3xx_HAL_Driver/Src/stm32u3xx_hal_uart.c:1650:19:HAL_UART_DMAStop	72	static,ignoring_inline_asm
../Drivers/STM32U3xx_HAL_Driver/Src/stm32u3xx_hal_uart.c:1726:19:HAL_UART_Abort	136	static,ignoring_inline_asm
../Drivers/STM32U3xx_HAL_Driver/Src/stm32u3xx_hal_uart.c:1831:19:HAL_UART_AbortTransmit	88	static,ignoring_inline_asm
../Drivers/STM32U3xx_HAL_Driver/Src/stm32u3xx_hal_uart.c:1892:19:HAL_UART_AbortReceive	112	static,ignoring_inline_asm
../Drivers/STM32U3xx_HAL_Driver/Src/stm32u3xx_hal_uart.c:1962:19:HAL_UART_Abort_IT	144	static,ignoring_inline_asm
../Drivers/STM32U3xx_HAL_Driver/Src/stm32u3xx_hal_uart.c:2117:19:HAL_UART_AbortTransmit_IT	88	static,ignoring_inline_asm
../Drivers/STM32U3xx_HAL_Driver/Src/stm32u3xx_hal_uart.c:2210:19:HAL_UART_AbortReceive_IT	112	static,ignoring_inline_asm
../Drivers/STM32U3xx_HAL_Driver/Src/stm32u3xx_hal_uart.c:2305:6:HAL_UART_IRQHandler	240	static,ignoring_inline_asm
../Drivers/STM32U3xx_HAL_Driver/Src/stm32u3xx_hal_uart.c:2645:13:HAL_UART_TxCpltCallback	16	static
../Drivers/STM32U3xx_HAL_Driver/Src/stm32u3xx_hal_uart.c:2660:13:HAL_UART_TxHalfCpltCallback	16	static
../Drivers/STM32U3xx_HAL_Driver/Src/stm32u3xx_hal_uart.c:2675:13:HAL_UART_RxCpltCallback	16	static
../Drivers/STM32U3xx_HAL_Driver/Src/stm32u3xx_hal_uart.c:2690:13:HAL_UART_RxHalfCpltCallback	16	static
../Drivers/STM32U3xx_HAL_Driver/Src/stm32u3xx_hal_uart.c:2705:13:HAL_UART_ErrorCallback	16	static
../Drivers/STM32U3xx_HAL_Driver/Src/stm32u3xx_hal_uart.c:2720:13:HAL_UART_AbortCpltCallback	16	static
../Drivers/STM32U3xx_HAL_Driver/Src/stm32u3xx_hal_uart.c:2735:13:HAL_UART_AbortTransmitCpltCallback	16	static
../Drivers/STM32U3xx_HAL_Driver/Src/stm32u3xx_hal_uart.c:2750:13:HAL_UART_AbortReceiveCpltCallback	16	static
../Drivers/STM32U3xx_HAL_Driver/Src/stm32u3xx_hal_uart.c:2767:13:HAL_UARTEx_RxEventCallback	16	static
../Drivers/STM32U3xx_HAL_Driver/Src/stm32u3xx_hal_uart.c:2815:6:HAL_UART_ReceiverTimeout_Config	16	static
../Drivers/STM32U3xx_HAL_Driver/Src/stm32u3xx_hal_uart.c:2830:19:HAL_UART_EnableReceiverTimeout	16	static
../Drivers/STM32U3xx_HAL_Driver/Src/stm32u3xx_hal_uart.c:2868:19:HAL_UART_DisableReceiverTimeout	16	static
../Drivers/STM32U3xx_HAL_Driver/Src/stm32u3xx_hal_uart.c:2906:19:HAL_MultiProcessor_EnableMuteMode	40	static,ignoring_inline_asm
../Drivers/STM32U3xx_HAL_Driver/Src/stm32u3xx_hal_uart.c:2926:19:HAL_MultiProcessor_DisableMuteMode	40	static,ignoring_inline_asm
../Drivers/STM32U3xx_HAL_Driver/Src/stm32u3xx_hal_uart.c:2946:6:HAL_MultiProcessor_EnterMuteMode	16	static
../Drivers/STM32U3xx_HAL_Driver/Src/stm32u3xx_hal_uart.c:2956:19:HAL_HalfDuplex_EnableTransmitter	64	static,ignoring_inline_asm
../Drivers/STM32U3xx_HAL_Driver/Src/stm32u3xx_hal_uart.c:2979:19:HAL_HalfDuplex_EnableReceiver	64	static,ignoring_inline_asm
../Drivers/STM32U3xx_HAL_Driver/Src/stm32u3xx_hal_uart.c:3003:19:HAL_LIN_SendBreak	16	static
../Drivers/STM32U3xx_HAL_Driver/Src/stm32u3xx_hal_uart.c:3048:23:HAL_UART_GetState	24	static
../Drivers/STM32U3xx_HAL_Driver/Src/stm32u3xx_hal_uart.c:3064:10:HAL_UART_GetError	16	static
../Drivers/STM32U3xx_HAL_Driver/Src/stm32u3xx_hal_uart.c:3109:19:UART_SetConfig	88	static
../Drivers/STM32U3xx_HAL_Driver/Src/stm32u3xx_hal_uart.c:3266:6:UART_AdvFeatureConfig	16	static
../Drivers/STM32U3xx_HAL_Driver/Src/stm32u3xx_hal_uart.c:3342:19:UART_CheckIdleState	104	static,ignoring_inline_asm
../Drivers/STM32U3xx_HAL_Driver/Src/stm32u3xx_hal_uart.c:3411:19:UART_WaitOnFlagUntilTimeout	24	static
../Drivers/STM32U3xx_HAL_Driver/Src/stm32u3xx_hal_uart.c:3479:19:UART_Start_Receive_IT	144	static,ignoring_inline_asm
../Drivers/STM32U3xx_HAL_Driver/Src/stm32u3xx_hal_uart.c:3552:19:UART_Start_Receive_DMA	104	static,ignoring_inline_asm
../Drivers/STM32U3xx_HAL_Driver/Src/stm32u3xx_hal_uart.c:3648:13:UART_EndTxTransfer	64	static,ignoring_inline_asm
../Drivers/STM32U3xx_HAL_Driver/Src/stm32u3xx_hal_uart.c:3665:13:UART_EndRxTransfer	88	static,ignoring_inline_asm
../Drivers/STM32U3xx_HAL_Driver/Src/stm32u3xx_hal_uart.c:3692:13:UART_DMATransmitCplt	72	static,ignoring_inline_asm
../Drivers/STM32U3xx_HAL_Driver/Src/stm32u3xx_hal_uart.c:3726:13:UART_DMATxHalfCplt	24	static
../Drivers/STM32U3xx_HAL_Driver/Src/stm32u3xx_hal_uart.c:3744:13:UART_DMAReceiveCplt	120	static,ignoring_inline_asm
../Drivers/STM32U3xx_HAL_Driver/Src/stm32u3xx_hal_uart.c:3817:13:UART_DMARxHalfCplt	24	static
../Drivers/STM32U3xx_HAL_Driver/Src/stm32u3xx_hal_uart.c:3865:13:UART_DMAError	32	static
../Drivers/STM32U3xx_HAL_Driver/Src/stm32u3xx_hal_uart.c:3905:13:UART_DMAAbortOnError	24	static
../Drivers/STM32U3xx_HAL_Driver/Src/stm32u3xx_hal_uart.c:3927:13:UART_DMATxAbortCallback	24	static
../Drivers/STM32U3xx_HAL_Driver/Src/stm32u3xx_hal_uart.c:3982:13:UART_DMARxAbortCallback	24	static
../Drivers/STM32U3xx_HAL_Driver/Src/stm32u3xx_hal_uart.c:4034:13:UART_DMATxOnlyAbortCallback	24	static
../Drivers/STM32U3xx_HAL_Driver/Src/stm32u3xx_hal_uart.c:4067:13:UART_DMARxOnlyAbortCallback	24	static
../Drivers/STM32U3xx_HAL_Driver/Src/stm32u3xx_hal_uart.c:4101:13:UART_TxISR_8BIT	64	static,ignoring_inline_asm
../Drivers/STM32U3xx_HAL_Driver/Src/stm32u3xx_hal_uart.c:4130:13:UART_TxISR_16BIT	72	static,ignoring_inline_asm
../Drivers/STM32U3xx_HAL_Driver/Src/stm32u3xx_hal_uart.c:4162:13:UART_TxISR_8BIT_FIFOEN	72	static,ignoring_inline_asm
../Drivers/STM32U3xx_HAL_Driver/Src/stm32u3xx_hal_uart.c:4202:13:UART_TxISR_16BIT_FIFOEN	72	static,ignoring_inline_asm
../Drivers/STM32U3xx_HAL_Driver/Src/stm32u3xx_hal_uart.c:4243:13:UART_EndTransmit_IT	40	static,ignoring_inline_asm
../Drivers/STM32U3xx_HAL_Driver/Src/stm32u3xx_hal_uart.c:4268:13:UART_RxISR_8BIT	120	static,ignoring_inline_asm
../Drivers/STM32U3xx_HAL_Driver/Src/stm32u3xx_hal_uart.c:4359:13:UART_RxISR_16BIT	120	static,ignoring_inline_asm
../Drivers/STM32U3xx_HAL_Driver/Src/stm32u3xx_hal_uart.c:4452:13:UART_RxISR_8BIT_FIFOEN	184	static,ignoring_inline_asm
../Drivers/STM32U3xx_HAL_Driver/Src/stm32u3xx_hal_uart.c:4615:13:UART_RxISR_16BIT_FIFOEN	192	static,ignoring_inline_asm
