../Drivers/STM32U3xx_HAL_Driver/Src/stm32u3xx_hal_pwr.c:222:6:HAL_PWR_DeInit	4	static
../Drivers/STM32U3xx_HAL_Driver/Src/stm32u3xx_hal_pwr.c:233:6:HAL_PWR_EnableBkUpAccess	4	static
../Drivers/STM32U3xx_HAL_Driver/Src/stm32u3xx_hal_pwr.c:243:6:HAL_PWR_DisableBkUpAccess	4	static
../Drivers/STM32U3xx_HAL_Driver/Src/stm32u3xx_hal_pwr.c:338:19:HAL_PWR_ConfigPVD	16	static
../Drivers/STM32U3xx_HAL_Driver/Src/stm32u3xx_hal_pwr.c:384:6:HAL_PWR_EnablePVD	4	static
../Drivers/STM32U3xx_HAL_Driver/Src/stm32u3xx_hal_pwr.c:393:6:HAL_PWR_DisablePVD	4	static
../Drivers/STM32U3xx_HAL_Driver/Src/stm32u3xx_hal_pwr.c:426:6:HAL_PWR_EnableWakeUpLine	72	static,ignoring_inline_asm
../Drivers/STM32U3xx_HAL_Driver/Src/stm32u3xx_hal_pwr.c:460:6:HAL_PWR_DisableWakeUpLine	16	static
../Drivers/STM32U3xx_HAL_Driver/Src/stm32u3xx_hal_pwr.c:484:10:HAL_PWR_GetClearWakeupSource	16	static
../Drivers/STM32U3xx_HAL_Driver/Src/stm32u3xx_hal_pwr.c:521:6:HAL_PWR_EnterSLEEPMode	16	static,ignoring_inline_asm
../Drivers/STM32U3xx_HAL_Driver/Src/stm32u3xx_hal_pwr.c:593:6:HAL_PWR_EnterSTOPMode	16	static,ignoring_inline_asm
../Drivers/STM32U3xx_HAL_Driver/Src/stm32u3xx_hal_pwr.c:644:6:HAL_PWR_EnterSTANDBYMode	4	static,ignoring_inline_asm
../Drivers/STM32U3xx_HAL_Driver/Src/stm32u3xx_hal_pwr.c:665:6:HAL_PWR_EnableSleepOnExit	4	static
../Drivers/STM32U3xx_HAL_Driver/Src/stm32u3xx_hal_pwr.c:678:6:HAL_PWR_DisableSleepOnExit	4	static
../Drivers/STM32U3xx_HAL_Driver/Src/stm32u3xx_hal_pwr.c:691:6:HAL_PWR_EnableSEVOnPend	4	static
../Drivers/STM32U3xx_HAL_Driver/Src/stm32u3xx_hal_pwr.c:703:6:HAL_PWR_DisableSEVOnPend	4	static
../Drivers/STM32U3xx_HAL_Driver/Src/stm32u3xx_hal_pwr.c:713:6:HAL_PWR_EnableVddUSBVoltageMonitor	4	static
../Drivers/STM32U3xx_HAL_Driver/Src/stm32u3xx_hal_pwr.c:722:6:HAL_PWR_DisableVddUSBVoltageMonitor	4	static
../Drivers/STM32U3xx_HAL_Driver/Src/stm32u3xx_hal_pwr.c:732:6:HAL_PWR_EnableVddIO2VoltageMonitor	4	static
../Drivers/STM32U3xx_HAL_Driver/Src/stm32u3xx_hal_pwr.c:741:6:HAL_PWR_DisableVddIO2VoltageMonitor	4	static
../Drivers/STM32U3xx_HAL_Driver/Src/stm32u3xx_hal_pwr.c:752:6:HAL_PWR_EnableVddA1VoltageMonitor	4	static
../Drivers/STM32U3xx_HAL_Driver/Src/stm32u3xx_hal_pwr.c:761:6:HAL_PWR_DisableVddA1VoltageMonitor	4	static
../Drivers/STM32U3xx_HAL_Driver/Src/stm32u3xx_hal_pwr.c:771:6:HAL_PWR_EnableVddA2VoltageMonitor	4	static
../Drivers/STM32U3xx_HAL_Driver/Src/stm32u3xx_hal_pwr.c:780:6:HAL_PWR_DisableVddA2VoltageMonitor	4	static
../Drivers/STM32U3xx_HAL_Driver/Src/stm32u3xx_hal_pwr.c:792:19:HAL_PWR_ConfigPVM	16	static
../Drivers/STM32U3xx_HAL_Driver/Src/stm32u3xx_hal_pwr.c:950:6:HAL_PWREx_PVD_PVM_IRQHandler	16	static
../Drivers/STM32U3xx_HAL_Driver/Src/stm32u3xx_hal_pwr.c:1065:13:HAL_PWR_PVD_Rising_Callback	4	static
../Drivers/STM32U3xx_HAL_Driver/Src/stm32u3xx_hal_pwr.c:1076:13:HAL_PWR_PVD_Falling_Callback	4	static
../Drivers/STM32U3xx_HAL_Driver/Src/stm32u3xx_hal_pwr.c:1087:13:HAL_PWR_USBVM_Rising_Callback	4	static
../Drivers/STM32U3xx_HAL_Driver/Src/stm32u3xx_hal_pwr.c:1098:13:HAL_PWR_USBVM_Falling_Callback	4	static
../Drivers/STM32U3xx_HAL_Driver/Src/stm32u3xx_hal_pwr.c:1110:13:HAL_PWR_IO2VM_Rising_Callback	4	static
../Drivers/STM32U3xx_HAL_Driver/Src/stm32u3xx_hal_pwr.c:1121:13:HAL_PWR_IO2VM_Falling_Callback	4	static
../Drivers/STM32U3xx_HAL_Driver/Src/stm32u3xx_hal_pwr.c:1133:13:HAL_PWR_ADCVM1_Rising_Callback	4	static
../Drivers/STM32U3xx_HAL_Driver/Src/stm32u3xx_hal_pwr.c:1144:13:HAL_PWR_ADCVM1_Falling_Callback	4	static
../Drivers/STM32U3xx_HAL_Driver/Src/stm32u3xx_hal_pwr.c:1155:13:HAL_PWR_ADCVM2_Rising_Callback	4	static
../Drivers/STM32U3xx_HAL_Driver/Src/stm32u3xx_hal_pwr.c:1166:13:HAL_PWR_ADCVM2_Falling_Callback	4	static
../Drivers/STM32U3xx_HAL_Driver/Src/stm32u3xx_hal_pwr.c:1178:6:HAL_PWR_WKUP_IRQHandler	16	static
../Drivers/STM32U3xx_HAL_Driver/Src/stm32u3xx_hal_pwr.c:1246:13:HAL_PWR_WKUP1_Callback	4	static
../Drivers/STM32U3xx_HAL_Driver/Src/stm32u3xx_hal_pwr.c:1257:13:HAL_PWR_WKUP2_Callback	4	static
../Drivers/STM32U3xx_HAL_Driver/Src/stm32u3xx_hal_pwr.c:1268:13:HAL_PWR_WKUP3_Callback	4	static
../Drivers/STM32U3xx_HAL_Driver/Src/stm32u3xx_hal_pwr.c:1279:13:HAL_PWR_WKUP4_Callback	4	static
../Drivers/STM32U3xx_HAL_Driver/Src/stm32u3xx_hal_pwr.c:1290:13:HAL_PWR_WKUP5_Callback	4	static
../Drivers/STM32U3xx_HAL_Driver/Src/stm32u3xx_hal_pwr.c:1301:13:HAL_PWR_WKUP6_Callback	4	static
../Drivers/STM32U3xx_HAL_Driver/Src/stm32u3xx_hal_pwr.c:1312:13:HAL_PWR_WKUP7_Callback	4	static
../Drivers/STM32U3xx_HAL_Driver/Src/stm32u3xx_hal_pwr.c:1323:13:HAL_PWR_WKUP8_Callback	4	static
../Drivers/STM32U3xx_HAL_Driver/Src/stm32u3xx_hal_pwr.c:1334:13:HAL_PWR_WKUP9_Callback	4	static
../Drivers/STM32U3xx_HAL_Driver/Src/stm32u3xx_hal_pwr.c:1345:13:HAL_PWR_WKUP10_Callback	4	static
../Drivers/STM32U3xx_HAL_Driver/Src/stm32u3xx_hal_pwr.c:1446:6:HAL_PWR_ConfigAttributes	16	static
../Drivers/STM32U3xx_HAL_Driver/Src/stm32u3xx_hal_pwr.c:1512:19:HAL_PWR_GetConfigAttributes	24	static
