../Drivers/STM32U3xx_HAL_Driver/Src/stm32u3xx_hal_rcc_ex.c:114:19:HAL_RCCEx_PeriphCLKConfig	40	static
../Drivers/STM32U3xx_HAL_Driver/Src/stm32u3xx_hal_rcc_ex.c:523:6:HAL_RCCEx_GetPeriphCLKConfig	24	static
../Drivers/STM32U3xx_HAL_Driver/Src/stm32u3xx_hal_rcc_ex.c:704:10:HAL_RCCEx_GetPeriphCLKFreq	24	static
../Drivers/STM32U3xx_HAL_Driver/Src/stm32u3xx_hal_rcc_ex.c:1447:19:HAL_RCCEx_EpodBoosterClkConfig	24	static
../Drivers/STM32U3xx_HAL_Driver/Src/stm32u3xx_hal_rcc_ex.c:1493:6:HAL_RCCEx_GetEpodBoosterClkConfig	24	static
../Drivers/STM32U3xx_HAL_Driver/Src/stm32u3xx_hal_rcc_ex.c:1515:19:HAL_RCCEx_MSIRCxPLLModeConfig	32	static
../Drivers/STM32U3xx_HAL_Driver/Src/stm32u3xx_hal_rcc_ex.c:1635:6:HAL_RCCEx_GetMSIRCxPLLModeConfig	24	static
../Drivers/STM32U3xx_HAL_Driver/Src/stm32u3xx_hal_rcc_ex.c:1690:6:HAL_RCCEx_StopWakeupSysclkConfig	16	static
../Drivers/STM32U3xx_HAL_Driver/Src/stm32u3xx_hal_rcc_ex.c:1705:6:HAL_RCCEx_StopWakeupKernelClkConfig	24	static
../Drivers/STM32U3xx_HAL_Driver/Src/stm32u3xx_hal_rcc_ex.c:1739:6:HAL_RCCEx_EnableKernelClkInStop	16	static
../Drivers/STM32U3xx_HAL_Driver/Src/stm32u3xx_hal_rcc_ex.c:1756:6:HAL_RCCEx_DisableKernelClkInStop	16	static
../Drivers/STM32U3xx_HAL_Driver/Src/stm32u3xx_hal_rcc_ex.c:1776:6:HAL_RCCEx_StandbyWakeupMSISConfig	24	static
../Drivers/STM32U3xx_HAL_Driver/Src/stm32u3xx_hal_rcc_ex.c:1804:6:HAL_RCCEx_StandbyWakeupMSIKConfig	24	static
../Drivers/STM32U3xx_HAL_Driver/Src/stm32u3xx_hal_rcc_ex.c:1827:6:HAL_RCCEx_EnableLSECSS	4	static
../Drivers/STM32U3xx_HAL_Driver/Src/stm32u3xx_hal_rcc_ex.c:1837:6:HAL_RCCEx_DisableLSECSS	4	static
../Drivers/STM32U3xx_HAL_Driver/Src/stm32u3xx_hal_rcc_ex.c:1850:6:HAL_RCCEx_EnableLSCO	16	static
../Drivers/STM32U3xx_HAL_Driver/Src/stm32u3xx_hal_rcc_ex.c:1863:6:HAL_RCCEx_DisableLSCO	4	static
../Drivers/STM32U3xx_HAL_Driver/Src/stm32u3xx_hal_rcc_ex.c:1943:6:HAL_RCCEx_CRSConfig	24	static
../Drivers/STM32U3xx_HAL_Driver/Src/stm32u3xx_hal_rcc_ex.c:1985:6:HAL_RCCEx_CRSSoftwareSynchronizationGenerate	4	static
../Drivers/STM32U3xx_HAL_Driver/Src/stm32u3xx_hal_rcc_ex.c:1995:6:HAL_RCCEx_CRSGetSynchronizationInfo	16	static
../Drivers/STM32U3xx_HAL_Driver/Src/stm32u3xx_hal_rcc_ex.c:2028:10:HAL_RCCEx_CRSWaitSynchronization	24	static
../Drivers/STM32U3xx_HAL_Driver/Src/stm32u3xx_hal_rcc_ex.c:2111:6:HAL_RCCEx_CRS_IRQHandler	24	static
../Drivers/STM32U3xx_HAL_Driver/Src/stm32u3xx_hal_rcc_ex.c:2176:13:HAL_RCCEx_CRS_SyncOkCallback	4	static
../Drivers/STM32U3xx_HAL_Driver/Src/stm32u3xx_hal_rcc_ex.c:2187:13:HAL_RCCEx_CRS_SyncWarnCallback	4	static
../Drivers/STM32U3xx_HAL_Driver/Src/stm32u3xx_hal_rcc_ex.c:2198:13:HAL_RCCEx_CRS_ExpectedSyncCallback	4	static
../Drivers/STM32U3xx_HAL_Driver/Src/stm32u3xx_hal_rcc_ex.c:2214:13:HAL_RCCEx_CRS_ErrorCallback	16	static
