../Drivers/STM32U3xx_HAL_Driver/Inc/stm32u3xx_ll_adc.h:2917:22:LL_ADC_SetCommonPathInternalCh	16	static
../Drivers/STM32U3xx_HAL_Driver/Inc/stm32u3xx_ll_adc.h:3009:26:LL_ADC_GetCommonPathInternalCh	16	static
../Drivers/STM32U3xx_HAL_Driver/Inc/stm32u3xx_ll_adc.h:3045:22:LL_ADC_SetPathInternalCh	16	static
../Drivers/STM32U3xx_HAL_Driver/Inc/stm32u3xx_ll_adc.h:3118:26:LL_ADC_GetPathInternalCh	16	static
../Drivers/STM32U3xx_HAL_Driver/Inc/stm32u3xx_ll_adc.h:3217:26:LL_ADC_GetResolution	16	static
../Drivers/STM32U3xx_HAL_Driver/Inc/stm32u3xx_ll_adc.h:3380:22:LL_ADC_SetOffsetChannel	32	static
../Drivers/STM32U3xx_HAL_Driver/Inc/stm32u3xx_ll_adc.h:3448:26:LL_ADC_GetOffsetChannel	24	static
../Drivers/STM32U3xx_HAL_Driver/Inc/stm32u3xx_ll_adc.h:3479:22:LL_ADC_SetOffsetLevel	32	static
../Drivers/STM32U3xx_HAL_Driver/Inc/stm32u3xx_ll_adc.h:3540:22:LL_ADC_SetOffsetSign	32	static
../Drivers/STM32U3xx_HAL_Driver/Inc/stm32u3xx_ll_adc.h:3591:22:LL_ADC_SetOffsetSignedSaturation	32	static
../Drivers/STM32U3xx_HAL_Driver/Inc/stm32u3xx_ll_adc.h:3639:22:LL_ADC_SetOffsetUnsignedSaturation	32	static
../Drivers/STM32U3xx_HAL_Driver/Inc/stm32u3xx_ll_adc.h:3689:22:LL_ADC_SetGainCompensation	16	static
../Drivers/STM32U3xx_HAL_Driver/Inc/stm32u3xx_ll_adc.h:3829:26:LL_ADC_REG_IsTriggerSourceSWStart	16	static
../Drivers/STM32U3xx_HAL_Driver/Inc/stm32u3xx_ll_adc.h:4201:22:LL_ADC_REG_SetSequencerRanks	32	static
../Drivers/STM32U3xx_HAL_Driver/Inc/stm32u3xx_ll_adc.h:4349:22:LL_ADC_SetChannelPreselection	24	static
../Drivers/STM32U3xx_HAL_Driver/Inc/stm32u3xx_ll_adc.h:4606:26:LL_ADC_INJ_IsTriggerSourceSWStart	16	static
../Drivers/STM32U3xx_HAL_Driver/Inc/stm32u3xx_ll_adc.h:5273:22:LL_ADC_SetChannelSamplingTime	32	static
../Drivers/STM32U3xx_HAL_Driver/Inc/stm32u3xx_ll_adc.h:5511:22:LL_ADC_SetAnalogWDMonitChannels	32	static
../Drivers/STM32U3xx_HAL_Driver/Inc/stm32u3xx_ll_adc.h:5763:22:LL_ADC_SetAnalogWDThresholds	32	static
../Drivers/STM32U3xx_HAL_Driver/Inc/stm32u3xx_ll_adc.h:5854:22:LL_ADC_SetAWDFilteringConfiguration	24	static
../Drivers/STM32U3xx_HAL_Driver/Inc/stm32u3xx_ll_adc.h:6122:26:LL_ADC_GetMultimode	16	static
../Drivers/STM32U3xx_HAL_Driver/Inc/stm32u3xx_ll_adc.h:6181:26:LL_ADC_GetMultiDataFormat	16	static
../Drivers/STM32U3xx_HAL_Driver/Inc/stm32u3xx_ll_adc.h:6269:22:LL_ADC_EnableDeepPowerDown	16	static
../Drivers/STM32U3xx_HAL_Driver/Inc/stm32u3xx_ll_adc.h:6292:22:LL_ADC_DisableDeepPowerDown	16	static
../Drivers/STM32U3xx_HAL_Driver/Inc/stm32u3xx_ll_adc.h:6306:26:LL_ADC_IsDeepPowerDownEnabled	16	static
../Drivers/STM32U3xx_HAL_Driver/Inc/stm32u3xx_ll_adc.h:6325:22:LL_ADC_EnableInternalRegulator	16	static
../Drivers/STM32U3xx_HAL_Driver/Inc/stm32u3xx_ll_adc.h:6344:22:LL_ADC_DisableInternalRegulator	16	static
../Drivers/STM32U3xx_HAL_Driver/Inc/stm32u3xx_ll_adc.h:6355:26:LL_ADC_IsInternalRegulatorEnabled	16	static
../Drivers/STM32U3xx_HAL_Driver/Inc/stm32u3xx_ll_adc.h:6376:22:LL_ADC_Enable	16	static
../Drivers/STM32U3xx_HAL_Driver/Inc/stm32u3xx_ll_adc.h:6396:22:LL_ADC_Disable	16	static
../Drivers/STM32U3xx_HAL_Driver/Inc/stm32u3xx_ll_adc.h:6415:26:LL_ADC_IsEnabled	16	static
../Drivers/STM32U3xx_HAL_Driver/Inc/stm32u3xx_ll_adc.h:6426:26:LL_ADC_IsDisableOngoing	16	static
../Drivers/STM32U3xx_HAL_Driver/Inc/stm32u3xx_ll_adc.h:6498:22:LL_ADC_REG_StartConversion	16	static
../Drivers/STM32U3xx_HAL_Driver/Inc/stm32u3xx_ll_adc.h:6518:22:LL_ADC_REG_StopConversion	16	static
../Drivers/STM32U3xx_HAL_Driver/Inc/stm32u3xx_ll_adc.h:6534:26:LL_ADC_REG_IsConversionOngoing	16	static
../Drivers/STM32U3xx_HAL_Driver/Inc/stm32u3xx_ll_adc.h:6714:22:LL_ADC_INJ_StopConversion	16	static
../Drivers/STM32U3xx_HAL_Driver/Inc/stm32u3xx_ll_adc.h:6730:26:LL_ADC_INJ_IsConversionOngoing	16	static
../Drivers/STM32U3xx_HAL_Driver/Inc/stm32u3xx_ll_adc.h:6913:26:LL_ADC_IsActiveFlag_LDORDY	16	static
../Drivers/STM32U3xx_HAL_Driver/Inc/stm32u3xx_ll_adc.h:7048:22:LL_ADC_ClearFlag_LDORDY	16	static
../Drivers/STM32U3xx_HAL_Driver/Inc/stm32u3xx_ll_adc.h:7136:22:LL_ADC_ClearFlag_AWD1	16	static
../Drivers/STM32U3xx_HAL_Driver/Inc/stm32u3xx_ll_adc.h:7147:22:LL_ADC_ClearFlag_AWD2	16	static
../Drivers/STM32U3xx_HAL_Driver/Inc/stm32u3xx_ll_adc.h:7158:22:LL_ADC_ClearFlag_AWD3	16	static
../Drivers/STM32U3xx_HAL_Driver/Inc/stm32u3xx_ll_adc.h:7566:22:LL_ADC_EnableIT_AWD1	16	static
../Drivers/STM32U3xx_HAL_Driver/Inc/stm32u3xx_ll_adc.h:7577:22:LL_ADC_EnableIT_AWD2	16	static
../Drivers/STM32U3xx_HAL_Driver/Inc/stm32u3xx_ll_adc.h:7588:22:LL_ADC_EnableIT_AWD3	16	static
../Drivers/STM32U3xx_HAL_Driver/Inc/stm32u3xx_ll_adc.h:7698:22:LL_ADC_DisableIT_AWD1	16	static
../Drivers/STM32U3xx_HAL_Driver/Inc/stm32u3xx_ll_adc.h:7709:22:LL_ADC_DisableIT_AWD2	16	static
../Drivers/STM32U3xx_HAL_Driver/Inc/stm32u3xx_ll_adc.h:7720:22:LL_ADC_DisableIT_AWD3	16	static
../Drivers/STM32U3xx_HAL_Driver/Src/stm32u3xx_hal_adc.c:403:19:HAL_ADC_Init	40	static
../Drivers/STM32U3xx_HAL_Driver/Src/stm32u3xx_hal_adc.c:688:19:HAL_ADC_DeInit	32	static
../Drivers/STM32U3xx_HAL_Driver/Src/stm32u3xx_hal_adc.c:911:13:HAL_ADC_MspInit	16	static
../Drivers/STM32U3xx_HAL_Driver/Src/stm32u3xx_hal_adc.c:928:13:HAL_ADC_MspDeInit	16	static
../Drivers/STM32U3xx_HAL_Driver/Src/stm32u3xx_hal_adc.c:1218:19:HAL_ADC_Start	32	static
../Drivers/STM32U3xx_HAL_Driver/Src/stm32u3xx_hal_adc.c:1350:19:HAL_ADC_Stop	24	static
../Drivers/STM32U3xx_HAL_Driver/Src/stm32u3xx_hal_adc.c:1402:19:HAL_ADC_PollForConversion	40	static
../Drivers/STM32U3xx_HAL_Driver/Src/stm32u3xx_hal_adc.c:1585:19:HAL_ADC_PollForEvent	32	static
../Drivers/STM32U3xx_HAL_Driver/Src/stm32u3xx_hal_adc.c:1732:19:HAL_ADC_Start_IT	32	static
../Drivers/STM32U3xx_HAL_Driver/Src/stm32u3xx_hal_adc.c:1936:19:HAL_ADC_Stop_IT	24	static
../Drivers/STM32U3xx_HAL_Driver/Src/stm32u3xx_hal_adc.c:1987:19:HAL_ADC_Start_DMA	144	static
../Drivers/STM32U3xx_HAL_Driver/Src/stm32u3xx_hal_adc.c:2186:19:HAL_ADC_Stop_DMA	24	static
../Drivers/STM32U3xx_HAL_Driver/Src/stm32u3xx_hal_adc.c:2273:10:HAL_ADC_GetValue	16	static
../Drivers/STM32U3xx_HAL_Driver/Src/stm32u3xx_hal_adc.c:2304:9:HAL_ADC_GetSignedValue	16	static
../Drivers/STM32U3xx_HAL_Driver/Src/stm32u3xx_hal_adc.c:2325:19:HAL_ADC_StartSampling	16	static
../Drivers/STM32U3xx_HAL_Driver/Src/stm32u3xx_hal_adc.c:2347:19:HAL_ADC_StopSampling	16	static
../Drivers/STM32U3xx_HAL_Driver/Src/stm32u3xx_hal_adc.c:2364:6:HAL_ADC_IRQHandler	48	static
../Drivers/STM32U3xx_HAL_Driver/Src/stm32u3xx_hal_adc.c:2720:13:HAL_ADC_ConvCpltCallback	16	static
../Drivers/STM32U3xx_HAL_Driver/Src/stm32u3xx_hal_adc.c:2735:13:HAL_ADC_ConvHalfCpltCallback	16	static
../Drivers/STM32U3xx_HAL_Driver/Src/stm32u3xx_hal_adc.c:2750:13:HAL_ADC_LevelOutOfWindowCallback	16	static
../Drivers/STM32U3xx_HAL_Driver/Src/stm32u3xx_hal_adc.c:2772:13:HAL_ADC_ErrorCallback	16	static
../Drivers/STM32U3xx_HAL_Driver/Src/stm32u3xx_hal_adc.c:2817:19:HAL_ADC_ConfigChannel	48	static
../Drivers/STM32U3xx_HAL_Driver/Src/stm32u3xx_hal_adc.c:3029:19:HAL_ADC_AnalogWDGConfig	40	static
../Drivers/STM32U3xx_HAL_Driver/Src/stm32u3xx_hal_adc.c:3312:10:HAL_ADC_GetState	16	static
../Drivers/STM32U3xx_HAL_Driver/Src/stm32u3xx_hal_adc.c:3326:10:HAL_ADC_GetError	16	static
../Drivers/STM32U3xx_HAL_Driver/Src/stm32u3xx_hal_adc.c:3356:19:ADC_ConversionStop	40	static
../Drivers/STM32U3xx_HAL_Driver/Src/stm32u3xx_hal_adc.c:3488:19:ADC_Enable	24	static
../Drivers/STM32U3xx_HAL_Driver/Src/stm32u3xx_hal_adc.c:3581:19:ADC_Disable	24	static
../Drivers/STM32U3xx_HAL_Driver/Src/stm32u3xx_hal_adc.c:3643:6:ADC_DMAConvCplt	24	static
../Drivers/STM32U3xx_HAL_Driver/Src/stm32u3xx_hal_adc.c:3721:6:ADC_DMAHalfConvCplt	24	static
../Drivers/STM32U3xx_HAL_Driver/Src/stm32u3xx_hal_adc.c:3739:6:ADC_DMAError	24	static
